Archive member included to satisfy reference by file (symbol)

/usr/lib/gcc/arm-none-eabi/9.2.1/../../../arm-none-eabi/lib/thumb/v7e-m+fp/hard/libc.a(lib_a-atexit.o)
                              /usr/lib/gcc/arm-none-eabi/9.2.1/../../../arm-none-eabi/lib/thumb/v7e-m+fp/hard/crt0.o (atexit)
/usr/lib/gcc/arm-none-eabi/9.2.1/../../../arm-none-eabi/lib/thumb/v7e-m+fp/hard/libc.a(lib_a-exit.o)
                              /usr/lib/gcc/arm-none-eabi/9.2.1/../../../arm-none-eabi/lib/thumb/v7e-m+fp/hard/crt0.o (exit)
/usr/lib/gcc/arm-none-eabi/9.2.1/../../../arm-none-eabi/lib/thumb/v7e-m+fp/hard/libc.a(lib_a-fini.o)
                              /usr/lib/gcc/arm-none-eabi/9.2.1/../../../arm-none-eabi/lib/thumb/v7e-m+fp/hard/crt0.o (__libc_fini_array)
/usr/lib/gcc/arm-none-eabi/9.2.1/../../../arm-none-eabi/lib/thumb/v7e-m+fp/hard/libc.a(lib_a-impure.o)
                              /usr/lib/gcc/arm-none-eabi/9.2.1/../../../arm-none-eabi/lib/thumb/v7e-m+fp/hard/libc.a(lib_a-exit.o) (_global_impure_ptr)
/usr/lib/gcc/arm-none-eabi/9.2.1/../../../arm-none-eabi/lib/thumb/v7e-m+fp/hard/libc.a(lib_a-init.o)
                              /usr/lib/gcc/arm-none-eabi/9.2.1/../../../arm-none-eabi/lib/thumb/v7e-m+fp/hard/crt0.o (__libc_init_array)
/usr/lib/gcc/arm-none-eabi/9.2.1/../../../arm-none-eabi/lib/thumb/v7e-m+fp/hard/libc.a(lib_a-memcpy.o)
                              build/queue.o (memcpy)
/usr/lib/gcc/arm-none-eabi/9.2.1/../../../arm-none-eabi/lib/thumb/v7e-m+fp/hard/libc.a(lib_a-memset.o)
                              /usr/lib/gcc/arm-none-eabi/9.2.1/../../../arm-none-eabi/lib/thumb/v7e-m+fp/hard/crt0.o (memset)
/usr/lib/gcc/arm-none-eabi/9.2.1/../../../arm-none-eabi/lib/thumb/v7e-m+fp/hard/libc.a(lib_a-__atexit.o)
                              /usr/lib/gcc/arm-none-eabi/9.2.1/../../../arm-none-eabi/lib/thumb/v7e-m+fp/hard/libc.a(lib_a-atexit.o) (__register_exitproc)
/usr/lib/gcc/arm-none-eabi/9.2.1/../../../arm-none-eabi/lib/thumb/v7e-m+fp/hard/libc.a(lib_a-__call_atexit.o)
                              /usr/lib/gcc/arm-none-eabi/9.2.1/../../../arm-none-eabi/lib/thumb/v7e-m+fp/hard/libc.a(lib_a-exit.o) (__call_exitprocs)
/usr/lib/gcc/arm-none-eabi/9.2.1/../../../arm-none-eabi/lib/thumb/v7e-m+fp/hard/libnosys.a(_exit.o)
                              /usr/lib/gcc/arm-none-eabi/9.2.1/../../../arm-none-eabi/lib/thumb/v7e-m+fp/hard/libc.a(lib_a-exit.o) (_exit)
/usr/lib/gcc/arm-none-eabi/9.2.1/thumb/v7e-m+fp/hard/libgcc.a(unwind-arm.o)
                              build/main.o (__aeabi_unwind_cpp_pr0)
/usr/lib/gcc/arm-none-eabi/9.2.1/thumb/v7e-m+fp/hard/libgcc.a(libunwind.o)
                              /usr/lib/gcc/arm-none-eabi/9.2.1/thumb/v7e-m+fp/hard/libgcc.a(unwind-arm.o) (restore_core_regs)
/usr/lib/gcc/arm-none-eabi/9.2.1/thumb/v7e-m+fp/hard/libgcc.a(pr-support.o)
                              /usr/lib/gcc/arm-none-eabi/9.2.1/thumb/v7e-m+fp/hard/libgcc.a(unwind-arm.o) (__gnu_unwind_execute)
/usr/lib/gcc/arm-none-eabi/9.2.1/../../../arm-none-eabi/lib/thumb/v7e-m+fp/hard/libc.a(lib_a-abort.o)
                              /usr/lib/gcc/arm-none-eabi/9.2.1/thumb/v7e-m+fp/hard/libgcc.a(unwind-arm.o) (abort)
/usr/lib/gcc/arm-none-eabi/9.2.1/../../../arm-none-eabi/lib/thumb/v7e-m+fp/hard/libc.a(lib_a-signal.o)
                              /usr/lib/gcc/arm-none-eabi/9.2.1/../../../arm-none-eabi/lib/thumb/v7e-m+fp/hard/libc.a(lib_a-abort.o) (raise)
/usr/lib/gcc/arm-none-eabi/9.2.1/../../../arm-none-eabi/lib/thumb/v7e-m+fp/hard/libc.a(lib_a-signalr.o)
                              /usr/lib/gcc/arm-none-eabi/9.2.1/../../../arm-none-eabi/lib/thumb/v7e-m+fp/hard/libc.a(lib_a-signal.o) (_kill_r)
/usr/lib/gcc/arm-none-eabi/9.2.1/../../../arm-none-eabi/lib/thumb/v7e-m+fp/hard/libc.a(lib_a-mallocr.o)
                              /usr/lib/gcc/arm-none-eabi/9.2.1/../../../arm-none-eabi/lib/thumb/v7e-m+fp/hard/libc.a(lib_a-signal.o) (_malloc_r)
/usr/lib/gcc/arm-none-eabi/9.2.1/../../../arm-none-eabi/lib/thumb/v7e-m+fp/hard/libc.a(lib_a-mlock.o)
                              /usr/lib/gcc/arm-none-eabi/9.2.1/../../../arm-none-eabi/lib/thumb/v7e-m+fp/hard/libc.a(lib_a-mallocr.o) (__malloc_lock)
/usr/lib/gcc/arm-none-eabi/9.2.1/../../../arm-none-eabi/lib/thumb/v7e-m+fp/hard/libc.a(lib_a-reent.o)
                              /usr/lib/gcc/arm-none-eabi/9.2.1/../../../arm-none-eabi/lib/thumb/v7e-m+fp/hard/libc.a(lib_a-signalr.o) (errno)
/usr/lib/gcc/arm-none-eabi/9.2.1/../../../arm-none-eabi/lib/thumb/v7e-m+fp/hard/libc.a(lib_a-sbrkr.o)
                              /usr/lib/gcc/arm-none-eabi/9.2.1/../../../arm-none-eabi/lib/thumb/v7e-m+fp/hard/libc.a(lib_a-mallocr.o) (_sbrk_r)
/usr/lib/gcc/arm-none-eabi/9.2.1/../../../arm-none-eabi/lib/thumb/v7e-m+fp/hard/libc.a(lib_a-freer.o)
                              /usr/lib/gcc/arm-none-eabi/9.2.1/../../../arm-none-eabi/lib/thumb/v7e-m+fp/hard/libc.a(lib_a-mallocr.o) (_free_r)
/usr/lib/gcc/arm-none-eabi/9.2.1/../../../arm-none-eabi/lib/thumb/v7e-m+fp/hard/libnosys.a(getpid.o)
[...]
Memory Configuration

Name             Origin             Length             Attributes
RAM              0x0000000020000000 0x0000000000020000 xrw
FLASH            0x0000000008000000 0x0000000000080000 xr
*default*        0x0000000000000000 0xffffffffffffffff

Linker script and memory map

LOAD /usr/lib/gcc/arm-none-eabi/9.2.1/thumb/v7e-m+fp/hard/crti.o
LOAD /usr/lib/gcc/arm-none-eabi/9.2.1/thumb/v7e-m+fp/hard/crtbegin.o
LOAD /usr/lib/gcc/arm-none-eabi/9.2.1/../../../arm-none-eabi/lib/thumb/v7e-m+fp/hard/crt0.o
LOAD build/main.o
LOAD build/SerialHandler.o
LOAD build/gpio.o
LOAD build/app_freertos.o
LOAD build/adc.o
LOAD build/cordic.o
LOAD build/dma.o
LOAD build/fdcan.o
LOAD build/fmac.o
LOAD build/spi.o
LOAD build/tim.o
LOAD build/usart.o
LOAD build/stm32g4xx_it.o
LOAD build/stm32g4xx_hal_msp.o
LOAD build/stm32g4xx_hal_timebase_tim.o
LOAD build/stm32g4xx_ll_utils.o
LOAD build/stm32g4xx_ll_exti.o
LOAD build/stm32g4xx_ll_gpio.o
LOAD build/stm32g4xx_hal_adc.o
LOAD build/stm32g4xx_hal_adc_ex.o
LOAD build/stm32g4xx_ll_adc.o
LOAD build/stm32g4xx_hal_gpio.o
LOAD build/stm32g4xx_hal.o
LOAD build/stm32g4xx_hal_rcc.o
LOAD build/stm32g4xx_hal_rcc_ex.o
LOAD build/stm32g4xx_hal_flash.o
LOAD build/stm32g4xx_hal_flash_ex.o
LOAD build/stm32g4xx_hal_flash_ramfunc.o
LOAD build/stm32g4xx_hal_exti.o
LOAD build/stm32g4xx_hal_dma.o
LOAD build/stm32g4xx_hal_dma_ex.o
LOAD build/stm32g4xx_hal_pwr.o
LOAD build/stm32g4xx_hal_pwr_ex.o
LOAD build/stm32g4xx_hal_cortex.o
LOAD build/stm32g4xx_ll_cordic.o
LOAD build/stm32g4xx_ll_dma.o
LOAD build/stm32g4xx_hal_fdcan.o
LOAD build/stm32g4xx_ll_fmac.o
LOAD build/stm32g4xx_hal_spi.o
LOAD build/stm32g4xx_hal_spi_ex.o
LOAD build/stm32g4xx_hal_tim.o
LOAD build/stm32g4xx_hal_tim_ex.o
LOAD build/stm32g4xx_ll_usart.o
LOAD build/stm32g4xx_ll_rcc.o
LOAD build/system_stm32g4xx.o
LOAD build/croutine.o
LOAD build/event_groups.o
LOAD build/list.o
LOAD build/queue.o
LOAD build/stream_buffer.o
LOAD build/tasks.o
LOAD build/timers.o
LOAD build/cmsis_os2.o
LOAD build/heap_4.o
LOAD build/port.o
LOAD build/startup_stm32g474xx.o
LOAD /usr/lib/gcc/arm-none-eabi/9.2.1/../../../arm-none-eabi/lib/thumb/v7e-m+fp/hard/libc.a
LOAD /usr/lib/gcc/arm-none-eabi/9.2.1/../../../arm-none-eabi/lib/thumb/v7e-m+fp/hard/libm.a
LOAD /usr/lib/gcc/arm-none-eabi/9.2.1/../../../arm-none-eabi/lib/thumb/v7e-m+fp/hard/libnosys.a
START GROUP
LOAD /usr/lib/gcc/arm-none-eabi/9.2.1/thumb/v7e-m+fp/hard/libgcc.a
LOAD /usr/lib/gcc/arm-none-eabi/9.2.1/../../../arm-none-eabi/lib/thumb/v7e-m+fp/hard/libc.a
END GROUP
START GROUP
LOAD /usr/lib/gcc/arm-none-eabi/9.2.1/thumb/v7e-m+fp/hard/libgcc.a
LOAD /usr/lib/gcc/arm-none-eabi/9.2.1/../../../arm-none-eabi/lib/thumb/v7e-m+fp/hard/libc.a
LOAD /usr/lib/gcc/arm-none-eabi/9.2.1/../../../arm-none-eabi/lib/thumb/v7e-m+fp/hard/libnosys.a
END GROUP
LOAD /usr/lib/gcc/arm-none-eabi/9.2.1/thumb/v7e-m+fp/hard/crtend.o
LOAD /usr/lib/gcc/arm-none-eabi/9.2.1/thumb/v7e-m+fp/hard/crtn.o
                0x0000000020020000                _estack = 0x20020000
                0x0000000000000200                _Min_Heap_Size = 0x200
                0x0000000000000400                _Min_Stack_Size = 0x400

.isr_vector     0x0000000008000000      0x1d8
                0x0000000008000000                . = ALIGN (0x4)
 *(.isr_vector)
 .isr_vector    0x0000000008000000      0x1d8 build/startup_stm32g474xx.o
                0x0000000008000000                g_pfnVectors
                0x00000000080001d8                . = ALIGN (0x4)

.text           0x00000000080001e0     0x6a34
                0x00000000080001e0                . = ALIGN (0x4)
 *(.text)
 .text          0x00000000080001e0       0x88 /usr/lib/gcc/arm-none-eabi/9.2.1/thumb/v7e-m+fp/hard/crtbegin.o
 .text          0x0000000008000268        0xc /usr/lib/gcc/arm-none-eabi/9.2.1/../../../arm-none-eabi/lib/thumb/v7e-m+fp/hard/libc.a(lib_a-atexit.o)
                0x0000000008000268                atexit
 .text          0x0000000008000274       0x34 /usr/lib/gcc/arm-none-eabi/9.2.1/../../../arm-none-eabi/lib/thumb/v7e-m+fp/hard/libc.a(lib_a-fini.o)
                0x0000000008000274                __libc_fini_array
 .text          0x00000000080002a8       0x48 /usr/lib/gcc/arm-none-eabi/9.2.1/../../../arm-none-eabi/lib/thumb/v7e-m+fp/hard/libc.a(lib_a-init.o)
                0x00000000080002a8                __libc_init_array
 .text          0x00000000080002f0      0x134 /usr/lib/gcc/arm-none-eabi/9.2.1/../../../arm-none-eabi/lib/thumb/v7e-m+fp/hard/libc.a(lib_a-memcpy.o)
                0x00000000080002f0                memcpy
 .text          0x0000000008000424       0xa0 /usr/lib/gcc/arm-none-eabi/9.2.1/../../../arm-none-eabi/lib/thumb/v7e-m+fp/hard/libc.a(lib_a-memset.o)
                0x0000000008000424                memset
 .text          0x00000000080004c4       0x68 /usr/lib/gcc/arm-none-eabi/9.2.1/../../../arm-none-eabi/lib/thumb/v7e-m+fp/hard/libc.a(lib_a-__atexit.o)
                0x00000000080004c4                __register_exitproc
 .text          0x000000000800052c        0x4 /usr/lib/gcc/arm-none-eabi/9.2.1/../../../arm-none-eabi/lib/thumb/v7e-m+fp/hard/libnosys.a(_exit.o)
                0x000000000800052c                _exit
 .text          0x0000000008000530      0x9b8 /usr/lib/gcc/arm-none-eabi/9.2.1/thumb/v7e-m+fp/hard/libgcc.a(unwind-arm.o)
                0x00000000080007d8                _Unwind_GetCFA
                0x00000000080007dc                __gnu_Unwind_RaiseException
                0x000000000800083c                __gnu_Unwind_ForcedUnwind
                0x0000000008000850                __gnu_Unwind_Resume
                0x0000000008000894                __gnu_Unwind_Resume_or_Rethrow
                0x00000000080008a4                _Unwind_Complete
                0x00000000080008a8                _Unwind_DeleteException
                0x00000000080008b4                _Unwind_VRS_Get
                0x00000000080008fc                _Unwind_VRS_Set
                0x0000000008000944                __gnu_Unwind_Backtrace
                0x0000000008000c64                __aeabi_unwind_cpp_pr0
                0x0000000008000c68                __aeabi_unwind_cpp_pr1
                0x0000000008000c6c                __aeabi_unwind_cpp_pr2
                0x0000000008000c70                _Unwind_VRS_Pop
 .text          0x0000000008000ee8      0x1ac /usr/lib/gcc/arm-none-eabi/9.2.1/thumb/v7e-m+fp/hard/libgcc.a(libunwind.o)
                0x0000000008000ee8                __restore_core_regs
                0x0000000008000ee8                restore_core_regs
                0x0000000008000f00                __gnu_Unwind_Restore_VFP
                0x0000000008000f08                __gnu_Unwind_Save_VFP
                0x0000000008000f10                __gnu_Unwind_Restore_VFP_D
                0x0000000008000f18                __gnu_Unwind_Save_VFP_D
                0x0000000008000f20                __gnu_Unwind_Restore_VFP_D_16_to_31
                0x0000000008000f28                __gnu_Unwind_Save_VFP_D_16_to_31
                0x0000000008000f30                __gnu_Unwind_Restore_WMMXD
                0x0000000008000f74                __gnu_Unwind_Save_WMMXD
                0x0000000008000fb8                __gnu_Unwind_Restore_WMMXC
                0x0000000008000fcc                __gnu_Unwind_Save_WMMXC
                0x0000000008000fe0                ___Unwind_RaiseException
                0x0000000008000fe0                _Unwind_RaiseException
                0x0000000008001004                ___Unwind_Resume
                0x0000000008001004                _Unwind_Resume
                0x0000000008001028                _Unwind_Resume_or_Rethrow
                0x0000000008001028                ___Unwind_Resume_or_Rethrow
                0x000000000800104c                ___Unwind_ForcedUnwind
                0x000000000800104c                _Unwind_ForcedUnwind
                0x0000000008001070                _Unwind_Backtrace
                0x0000000008001070                ___Unwind_Backtrace
 .text          0x0000000008001094      0x340 /usr/lib/gcc/arm-none-eabi/9.2.1/thumb/v7e-m+fp/hard/libgcc.a(pr-support.o)
                0x00000000080010ec                __gnu_unwind_execute
                0x0000000008001388                __gnu_unwind_frame
                0x00000000080013b4                _Unwind_GetRegionStart
                0x00000000080013c0                _Unwind_GetLanguageSpecificData
 .text          0x00000000080013d4       0x10 /usr/lib/gcc/arm-none-eabi/9.2.1/../../../arm-none-eabi/lib/thumb/v7e-m+fp/hard/libc.a(lib_a-abort.o)
                0x00000000080013d4                abort
 .text          0x00000000080013e4      0x15c /usr/lib/gcc/arm-none-eabi/9.2.1/../../../arm-none-eabi/lib/thumb/v7e-m+fp/hard/libc.a(lib_a-signal.o)
                0x000000000800140c                _init_signal_r
                0x0000000008001418                _signal_r
                0x0000000008001450                _raise_r
                0x00000000080014a8                __sigtramp_r
                0x00000000080014fc                raise
                0x000000000800150c                signal
                0x000000000800151c                _init_signal
                0x0000000008001530                __sigtramp
 .text          0x0000000008001540       0x2c /usr/lib/gcc/arm-none-eabi/9.2.1/../../../arm-none-eabi/lib/thumb/v7e-m+fp/hard/libc.a(lib_a-signalr.o)
                0x0000000008001540                _kill_r
                0x0000000008001568                _getpid_r
 .text          0x000000000800156c      0x564 /usr/lib/gcc/arm-none-eabi/9.2.1/../../../arm-none-eabi/lib/thumb/v7e-m+fp/hard/libc.a(lib_a-mallocr.o)
                0x000000000800156c                _malloc_r
 .text          0x0000000008001ad0        0x8 /usr/lib/gcc/arm-none-eabi/9.2.1/../../../arm-none-eabi/lib/thumb/v7e-m+fp/hard/libc.a(lib_a-mlock.o)
                0x0000000008001ad0                __malloc_lock
                0x0000000008001ad4                __malloc_unlock
 .text          0x0000000008001ad8       0x24 /usr/lib/gcc/arm-none-eabi/9.2.1/../../../arm-none-eabi/lib/thumb/v7e-m+fp/hard/libc.a(lib_a-sbrkr.o)
                0x0000000008001ad8                _sbrk_r
 .text          0x0000000008001afc      0x294 /usr/lib/gcc/arm-none-eabi/9.2.1/../../../arm-none-eabi/lib/thumb/v7e-m+fp/hard/libc.a(lib_a-freer.o)
                0x0000000008001afc                _malloc_trim_r
                0x0000000008001b9c                _free_r
 .text          0x0000000008001d90       0x10 /usr/lib/gcc/arm-none-eabi/9.2.1/../../../arm-none-eabi/lib/thumb/v7e-m+fp/hard/libnosys.a(getpid.o)
                0x0000000008001d90                _getpid
 .text          0x0000000008001da0       0x10 /usr/lib/gcc/arm-none-eabi/9.2.1/../../../arm-none-eabi/lib/thumb/v7e-m+fp/hard/libnosys.a(kill.o)
                0x0000000008001da0                _kill
 .text          0x0000000008001db0       0x1c /usr/lib/gcc/arm-none-eabi/9.2.1/../../../arm-none-eabi/lib/thumb/v7e-m+fp/hard/libnosys.a(sbrk.o)
                0x0000000008001db0                _sbrk
 *(.text*)
 .text.SystemClock_Config
                0x0000000008001dcc      0x110 build/main.o
                0x0000000008001dcc                SystemClock_Config
 .text.startup.main
                0x0000000008001edc       0x54 build/main.o
                0x0000000008001edc                main
 .text.HAL_TIM_PeriodElapsedCallback
                0x0000000008001f30       0x14 build/main.o
                0x0000000008001f30                HAL_TIM_PeriodElapsedCallback
 .text.Error_Handler
                0x0000000008001f44        0x4 build/main.o
                0x0000000008001f44                Error_Handler
 .text.comms_thread_entry
                0x0000000008001f48       0x20 build/SerialHandler.o
                0x0000000008001f48                comms_thread_entry
 .text.MX_GPIO_Init
                0x0000000008001f68       0xcc build/gpio.o
                0x0000000008001f68                MX_GPIO_Init
 .text.StartDefaultTask
                0x0000000008002034       0x40 build/app_freertos.o
                0x0000000008002034                StartDefaultTask
 .text.MX_FREERTOS_Init
                0x0000000008002074       0x20 build/app_freertos.o
                0x0000000008002074                MX_FREERTOS_Init
 .text.MX_ADC1_Init
                0x0000000008002094       0x9c build/adc.o
                0x0000000008002094                MX_ADC1_Init
 .text.MX_ADC2_Init
                0x0000000008002130       0x84 build/adc.o
                0x0000000008002130                MX_ADC2_Init
 .text.MX_ADC3_Init
                0x00000000080021b4       0xa0 build/adc.o
                0x00000000080021b4                MX_ADC3_Init
 .text.MX_ADC4_Init
                0x0000000008002254       0x84 build/adc.o
                0x0000000008002254                MX_ADC4_Init
 .text.MX_ADC5_Init
                0x00000000080022d8       0x84 build/adc.o
                0x00000000080022d8                MX_ADC5_Init
 .text.HAL_ADC_MspInit
                0x000000000800235c      0x1e0 build/adc.o
                0x000000000800235c                HAL_ADC_MspInit
 .text.MX_CORDIC_Init
                0x000000000800253c       0x20 build/cordic.o
                0x000000000800253c                MX_CORDIC_Init
 .text.MX_DMA_Init
                0x000000000800255c       0x58 build/dma.o
                0x000000000800255c                MX_DMA_Init
 .text.MX_FDCAN3_Init
                0x00000000080025b4       0x48 build/fdcan.o
                0x00000000080025b4                MX_FDCAN3_Init
 .text.HAL_FDCAN_MspInit
                0x00000000080025fc       0x68 build/fdcan.o
                0x00000000080025fc                HAL_FDCAN_MspInit
 .text.MX_FMAC_Init
                0x0000000008002664       0x20 build/fmac.o
                0x0000000008002664                MX_FMAC_Init
 .text.MX_SPI1_Init
                0x0000000008002684       0x4c build/spi.o
                0x0000000008002684                MX_SPI1_Init
 .text.MX_SPI2_Init
                0x00000000080026d0       0x4c build/spi.o
                0x00000000080026d0                MX_SPI2_Init
 .text.HAL_SPI_MspInit
                0x000000000800271c       0xfc build/spi.o
                0x000000000800271c                HAL_SPI_MspInit
 .text.MX_TIM2_Init
                0x0000000008002818       0x68 build/tim.o
                0x0000000008002818                MX_TIM2_Init
 .text.HAL_TIM_Encoder_MspInit
                0x0000000008002880       0x64 build/tim.o
                0x0000000008002880                HAL_TIM_Encoder_MspInit
 .text.HAL_TIM_Base_MspInit
                0x00000000080028e4       0x2c build/tim.o
                0x00000000080028e4                HAL_TIM_Base_MspInit
 .text.HAL_TIM_MspPostInit
                0x0000000008002910       0x70 build/tim.o
                0x0000000008002910                HAL_TIM_MspPostInit
 .text.MX_TIM8_Init
                0x0000000008002980      0x14c build/tim.o
                0x0000000008002980                MX_TIM8_Init
 .text.MX_USART2_UART_Init
                0x0000000008002acc      0x180 build/usart.o
                0x0000000008002acc                MX_USART2_UART_Init
 .text.NMI_Handler
                0x0000000008002c4c        0x4 build/stm32g4xx_it.o
                0x0000000008002c4c                NMI_Handler
 .text.HardFault_Handler
                0x0000000008002c50        0x4 build/stm32g4xx_it.o
                0x0000000008002c50                HardFault_Handler
 .text.MemManage_Handler
                0x0000000008002c54        0x4 build/stm32g4xx_it.o
                0x0000000008002c54                MemManage_Handler
 .text.BusFault_Handler
                0x0000000008002c58        0x4 build/stm32g4xx_it.o
                0x0000000008002c58                BusFault_Handler
 .text.UsageFault_Handler
                0x0000000008002c5c        0x4 build/stm32g4xx_it.o
                0x0000000008002c5c                UsageFault_Handler
 .text.DebugMon_Handler
                0x0000000008002c60        0x4 build/stm32g4xx_it.o
                0x0000000008002c60                DebugMon_Handler
 .text.DMA1_Channel1_IRQHandler
                0x0000000008002c64        0x4 build/stm32g4xx_it.o
                0x0000000008002c64                DMA1_Channel1_IRQHandler
 .text.DMA1_Channel2_IRQHandler
                0x0000000008002c68        0x4 build/stm32g4xx_it.o
                0x0000000008002c68                DMA1_Channel2_IRQHandler
 .text.TIM6_DAC_IRQHandler
                0x0000000008002c6c        0xc build/stm32g4xx_it.o
                0x0000000008002c6c                TIM6_DAC_IRQHandler
 .text.HAL_MspInit
                0x0000000008002c78       0x34 build/stm32g4xx_hal_msp.o
                0x0000000008002c78                HAL_MspInit
 .text.HAL_InitTick
                0x0000000008002cac       0x94 build/stm32g4xx_hal_timebase_tim.o
                0x0000000008002cac                HAL_InitTick
 .text.LL_SetSystemCoreClock
                0x0000000008002d40        0xc build/stm32g4xx_ll_utils.o
                0x0000000008002d40                LL_SetSystemCoreClock
 .text.LL_GPIO_Init
                0x0000000008002d4c      0x17c build/stm32g4xx_ll_gpio.o
                0x0000000008002d4c                LL_GPIO_Init
 .text.HAL_ADC_Init
                0x0000000008002ec8      0x24c build/stm32g4xx_hal_adc.o
                0x0000000008002ec8                HAL_ADC_Init
 .text.HAL_ADC_ConfigChannel
                0x0000000008003114      0x528 build/stm32g4xx_hal_adc.o
                0x0000000008003114                HAL_ADC_ConfigChannel
 .text.HAL_ADCEx_MultiModeConfigChannel
                0x000000000800363c      0x158 build/stm32g4xx_hal_adc_ex.o
                0x000000000800363c                HAL_ADCEx_MultiModeConfigChannel
 .text.HAL_GPIO_Init
                0x0000000008003794      0x1e8 build/stm32g4xx_hal_gpio.o
                0x0000000008003794                HAL_GPIO_Init
 .text.HAL_Init
                0x000000000800397c       0x20 build/stm32g4xx_hal.o
                0x000000000800397c                HAL_Init
 .text.HAL_IncTick
                0x000000000800399c       0x18 build/stm32g4xx_hal.o
                0x000000000800399c                HAL_IncTick
 .text.HAL_GetTick
                0x00000000080039b4        0xc build/stm32g4xx_hal.o
                0x00000000080039b4                HAL_GetTick
 .text.HAL_RCC_GetPCLK1Freq
                0x00000000080039c0       0x24 build/stm32g4xx_hal_rcc.o
                0x00000000080039c0                HAL_RCC_GetPCLK1Freq
 .text.HAL_RCC_GetClockConfig
                0x00000000080039e4       0x44 build/stm32g4xx_hal_rcc.o
                0x00000000080039e4                HAL_RCC_GetClockConfig
 .text.HAL_PWREx_DisableUCPDDeadBattery
                0x0000000008003a28       0x10 build/stm32g4xx_hal_pwr_ex.o
                0x0000000008003a28                HAL_PWREx_DisableUCPDDeadBattery
 .text.HAL_NVIC_SetPriorityGrouping
                0x0000000008003a38       0x28 build/stm32g4xx_hal_cortex.o
                0x0000000008003a38                HAL_NVIC_SetPriorityGrouping
 .text.HAL_NVIC_SetPriority
                0x0000000008003a60       0x70 build/stm32g4xx_hal_cortex.o
                0x0000000008003a60                HAL_NVIC_SetPriority
 .text.HAL_NVIC_EnableIRQ
                0x0000000008003ad0       0x1c build/stm32g4xx_hal_cortex.o
                0x0000000008003ad0                HAL_NVIC_EnableIRQ
 .text.HAL_FDCAN_Init
                0x0000000008003aec      0x280 build/stm32g4xx_hal_fdcan.o
                0x0000000008003aec                HAL_FDCAN_Init
 .text.HAL_SPI_Init
                0x0000000008003d6c      0x10c build/stm32g4xx_hal_spi.o
                0x0000000008003d6c                HAL_SPI_Init
 .text.TIM_OC1_SetConfig
                0x0000000008003e78       0x84 build/stm32g4xx_hal_tim.o
 .text.TIM_OC3_SetConfig
                0x0000000008003efc       0xa4 build/stm32g4xx_hal_tim.o
 .text.TIM_OC4_SetConfig
                0x0000000008003fa0       0xa4 build/stm32g4xx_hal_tim.o
 .text.TIM_OC5_SetConfig
                0x0000000008004044       0x74 build/stm32g4xx_hal_tim.o
 .text.TIM_OC6_SetConfig
                0x00000000080040b8       0x74 build/stm32g4xx_hal_tim.o
 .text.HAL_TIM_Base_Start_IT
                0x000000000800412c       0x84 build/stm32g4xx_hal_tim.o
                0x000000000800412c                HAL_TIM_Base_Start_IT
 .text.HAL_TIM_OC_MspInit
                0x00000000080041b0        0x4 build/stm32g4xx_hal_tim.o
                0x00000000080041b0                HAL_TIM_OC_MspInit
 .text.HAL_TIM_PWM_MspInit
                0x00000000080041b4        0x4 build/stm32g4xx_hal_tim.o
                0x00000000080041b4                HAL_TIM_PWM_MspInit
 .text.HAL_TIM_ConfigClockSource
                0x00000000080041b8      0x1a0 build/stm32g4xx_hal_tim.o
                0x00000000080041b8                HAL_TIM_ConfigClockSource
 .text.HAL_TIM_OC_DelayElapsedCallback
                0x0000000008004358        0x4 build/stm32g4xx_hal_tim.o
                0x0000000008004358                HAL_TIM_OC_DelayElapsedCallback
 .text.HAL_TIM_IC_CaptureCallback
                0x000000000800435c        0x4 build/stm32g4xx_hal_tim.o
                0x000000000800435c                HAL_TIM_IC_CaptureCallback
 .text.HAL_TIM_PWM_PulseFinishedCallback
                0x0000000008004360        0x4 build/stm32g4xx_hal_tim.o
                0x0000000008004360                HAL_TIM_PWM_PulseFinishedCallback
 .text.HAL_TIM_TriggerCallback
                0x0000000008004364        0x4 build/stm32g4xx_hal_tim.o
                0x0000000008004364                HAL_TIM_TriggerCallback
 .text.HAL_TIM_IRQHandler
                0x0000000008004368      0x1f4 build/stm32g4xx_hal_tim.o
                0x0000000008004368                HAL_TIM_IRQHandler
 .text.TIM_Base_SetConfig
                0x000000000800455c       0xd0 build/stm32g4xx_hal_tim.o
                0x000000000800455c                TIM_Base_SetConfig
 .text.HAL_TIM_Base_Init
                0x000000000800462c       0x64 build/stm32g4xx_hal_tim.o
                0x000000000800462c                HAL_TIM_Base_Init
 .text.HAL_TIM_OC_Init
                0x0000000008004690       0x64 build/stm32g4xx_hal_tim.o
                0x0000000008004690                HAL_TIM_OC_Init
 .text.HAL_TIM_PWM_Init
                0x00000000080046f4       0x64 build/stm32g4xx_hal_tim.o
                0x00000000080046f4                HAL_TIM_PWM_Init
 .text.HAL_TIM_Encoder_Init
                0x0000000008004758       0xbc build/stm32g4xx_hal_tim.o
                0x0000000008004758                HAL_TIM_Encoder_Init
 .text.TIM_OC2_SetConfig
                0x0000000008004814       0xa4 build/stm32g4xx_hal_tim.o
                0x0000000008004814                TIM_OC2_SetConfig
 .text.HAL_TIM_OC_ConfigChannel
                0x00000000080048b8       0x88 build/stm32g4xx_hal_tim.o
                0x00000000080048b8                HAL_TIM_OC_ConfigChannel
 .text.HAL_TIM_PWM_ConfigChannel
                0x0000000008004940      0x130 build/stm32g4xx_hal_tim.o
                0x0000000008004940                HAL_TIM_PWM_ConfigChannel
 .text.HAL_TIMEx_MasterConfigSynchronization
                0x0000000008004a70       0xc8 build/stm32g4xx_hal_tim_ex.o
                0x0000000008004a70                HAL_TIMEx_MasterConfigSynchronization
 .text.HAL_TIMEx_ConfigBreakDeadTime
                0x0000000008004b38       0xa0 build/stm32g4xx_hal_tim_ex.o
                0x0000000008004b38                HAL_TIMEx_ConfigBreakDeadTime
 .text.HAL_TIMEx_CommutCallback
                0x0000000008004bd8        0x4 build/stm32g4xx_hal_tim_ex.o
                0x0000000008004bd8                HAL_TIMEx_CommutCallback
 .text.HAL_TIMEx_BreakCallback
                0x0000000008004bdc        0x4 build/stm32g4xx_hal_tim_ex.o
                0x0000000008004bdc                HAL_TIMEx_BreakCallback
 .text.HAL_TIMEx_Break2Callback
                0x0000000008004be0        0x4 build/stm32g4xx_hal_tim_ex.o
                0x0000000008004be0                HAL_TIMEx_Break2Callback
 .text.HAL_TIMEx_EncoderIndexCallback
                0x0000000008004be4        0x4 build/stm32g4xx_hal_tim_ex.o
                0x0000000008004be4                HAL_TIMEx_EncoderIndexCallback
 .text.HAL_TIMEx_DirectionChangeCallback
                0x0000000008004be8        0x4 build/stm32g4xx_hal_tim_ex.o
                0x0000000008004be8                HAL_TIMEx_DirectionChangeCallback
 .text.HAL_TIMEx_IndexErrorCallback
                0x0000000008004bec        0x4 build/stm32g4xx_hal_tim_ex.o
                0x0000000008004bec                HAL_TIMEx_IndexErrorCallback
 .text.HAL_TIMEx_TransitionErrorCallback
                0x0000000008004bf0        0x4 build/stm32g4xx_hal_tim_ex.o
                0x0000000008004bf0                HAL_TIMEx_TransitionErrorCallback
 .text.LL_USART_Init
                0x0000000008004bf4      0x114 build/stm32g4xx_ll_usart.o
                0x0000000008004bf4                LL_USART_Init
 .text.RCC_PLL_GetFreqDomain_SYS
                0x0000000008004d08       0x48 build/stm32g4xx_ll_rcc.o
                0x0000000008004d08                RCC_PLL_GetFreqDomain_SYS
 .text.RCC_GetSystemClockFreq
                0x0000000008004d50       0x28 build/stm32g4xx_ll_rcc.o
                0x0000000008004d50                RCC_GetSystemClockFreq
 .text.LL_RCC_GetUSARTClockFreq
                0x0000000008004d78       0xf0 build/stm32g4xx_ll_rcc.o
                0x0000000008004d78                LL_RCC_GetUSARTClockFreq
 .text.LL_RCC_GetUARTClockFreq
                0x0000000008004e68       0xb8 build/stm32g4xx_ll_rcc.o
                0x0000000008004e68                LL_RCC_GetUARTClockFreq
 .text.SystemInit
                0x0000000008004f20       0x1c build/system_stm32g4xx.o
                0x0000000008004f20                SystemInit
 .text.vListInitialise
                0x0000000008004f3c       0x18 build/list.o
                0x0000000008004f3c                vListInitialise
 .text.vListInitialiseItem
                0x0000000008004f54        0x8 build/list.o
                0x0000000008004f54                vListInitialiseItem
 .text.vListInsertEnd
                0x0000000008004f5c       0x20 build/list.o
                0x0000000008004f5c                vListInsertEnd
 .text.vListInsert
                0x0000000008004f7c       0x30 build/list.o
                0x0000000008004f7c                vListInsert
 .text.uxListRemove
                0x0000000008004fac       0x28 build/list.o
                0x0000000008004fac                uxListRemove
 .text.prvCopyDataToQueue
                0x0000000008004fd4       0x7c build/queue.o
 .text.prvCopyDataFromQueue
                0x0000000008005050       0x24 build/queue.o
 .text.prvUnlockQueue
                0x0000000008005074       0x90 build/queue.o
 .text.xQueueGenericReset
                0x0000000008005104       0x8c build/queue.o
                0x0000000008005104                xQueueGenericReset
 .text.xQueueGenericCreateStatic
                0x0000000008005190       0xb0 build/queue.o
                0x0000000008005190                xQueueGenericCreateStatic
 .text.xQueueGenericSend
                0x0000000008005240      0x180 build/queue.o
                0x0000000008005240                xQueueGenericSend
 .text.xQueueGenericSendFromISR
                0x00000000080053c0       0xcc build/queue.o
                0x00000000080053c0                xQueueGenericSendFromISR
 .text.xQueueReceive
                0x000000000800548c      0x168 build/queue.o
                0x000000000800548c                xQueueReceive
 .text.vQueueAddToRegistry
                0x00000000080055f4       0x28 build/queue.o
                0x00000000080055f4                vQueueAddToRegistry
 .text.vQueueWaitForMessageRestricted
                0x000000000800561c       0x50 build/queue.o
                0x000000000800561c                vQueueWaitForMessageRestricted
 .text.prvAddNewTaskToReadyList
                0x000000000800566c      0x114 build/tasks.o
 .text.prvResetNextTaskUnblockTime.part.0
                0x0000000008005780       0x18 build/tasks.o
 .text.prvInitialiseNewTask.isra.0
                0x0000000008005798       0x98 build/tasks.o
 .text.prvDeleteTCB
                0x0000000008005830       0x3c build/tasks.o
 .text.prvIdleTask
                0x000000000800586c       0x6c build/tasks.o
 .text.prvAddCurrentTaskToDelayedList
                0x00000000080058d8       0x74 build/tasks.o
 .text.xTaskCreateStatic
                0x000000000800594c       0x70 build/tasks.o
                0x000000000800594c                xTaskCreateStatic
 .text.xTaskCreate
                0x00000000080059bc       0x68 build/tasks.o
                0x00000000080059bc                xTaskCreate
 .text.vTaskStartScheduler
                0x0000000008005a24       0x88 build/tasks.o
                0x0000000008005a24                vTaskStartScheduler
 .text.vTaskSuspendAll
                0x0000000008005aac       0x10 build/tasks.o
                0x0000000008005aac                vTaskSuspendAll
 .text.xTaskGetTickCount
                0x0000000008005abc        0xc build/tasks.o
                0x0000000008005abc                xTaskGetTickCount
 .text.xTaskIncrementTick
                0x0000000008005ac8      0x15c build/tasks.o
                0x0000000008005ac8                xTaskIncrementTick
 .text.xTaskResumeAll
                0x0000000008005c24      0x114 build/tasks.o
                0x0000000008005c24                xTaskResumeAll
 .text.vTaskDelay
                0x0000000008005d38       0x48 build/tasks.o
                0x0000000008005d38                vTaskDelay
 .text.vTaskSwitchContext
                0x0000000008005d80       0x88 build/tasks.o
                0x0000000008005d80                vTaskSwitchContext
 .text.vTaskPlaceOnEventList
                0x0000000008005e08       0x34 build/tasks.o
                0x0000000008005e08                vTaskPlaceOnEventList
 .text.vTaskPlaceOnEventListRestricted
                0x0000000008005e3c       0x40 build/tasks.o
                0x0000000008005e3c                vTaskPlaceOnEventListRestricted
 .text.xTaskRemoveFromEventList
                0x0000000008005e7c       0x90 build/tasks.o
                0x0000000008005e7c                xTaskRemoveFromEventList
 .text.vTaskInternalSetTimeOutState
                0x0000000008005f0c       0x18 build/tasks.o
                0x0000000008005f0c                vTaskInternalSetTimeOutState
 .text.xTaskCheckForTimeOut
                0x0000000008005f24       0x90 build/tasks.o
                0x0000000008005f24                xTaskCheckForTimeOut
 .text.vTaskMissedYield
                0x0000000008005fb4        0xc build/tasks.o
                0x0000000008005fb4                vTaskMissedYield
 .text.xTaskGetSchedulerState
                0x0000000008005fc0       0x20 build/tasks.o
                0x0000000008005fc0                xTaskGetSchedulerState
 .text.xTaskPriorityDisinherit
                0x0000000008005fe0       0x8c build/tasks.o
                0x0000000008005fe0                xTaskPriorityDisinherit
 .text.prvCheckForValidListAndQueue
                0x000000000800606c       0x6c build/timers.o
 .text.prvInsertTimerInActiveList
                0x00000000080060d8       0x44 build/timers.o
 .text.xTimerCreateTimerTask
                0x000000000800611c       0x64 build/timers.o
                0x000000000800611c                xTimerCreateTimerTask
 .text.xTimerGenericCommand
                0x0000000008006180       0x64 build/timers.o
                0x0000000008006180                xTimerGenericCommand
 .text.prvSwitchTimerLists
                0x00000000080061e4       0x88 build/timers.o
 .text.prvTimerTask
                0x000000000800626c      0x214 build/timers.o
 .text.osKernelInitialize
                0x0000000008006480       0x38 build/cmsis_os2.o
                0x0000000008006480                osKernelInitialize
 .text.osKernelStart
                0x00000000080064b8       0x44 build/cmsis_os2.o
                0x00000000080064b8                osKernelStart
 .text.osThreadNew
                0x00000000080064fc       0xb8 build/cmsis_os2.o
                0x00000000080064fc                osThreadNew
 .text.osDelay  0x00000000080065b4       0x40 build/cmsis_os2.o
                0x00000000080065b4                osDelay
 .text.vApplicationGetIdleTaskMemory
                0x00000000080065f4       0x1c build/cmsis_os2.o
                0x00000000080065f4                vApplicationGetIdleTaskMemory
 .text.vApplicationGetTimerTaskMemory
                0x0000000008006610       0x20 build/cmsis_os2.o
                0x0000000008006610                vApplicationGetTimerTaskMemory
 .text.prvInsertBlockIntoFreeList
                0x0000000008006630       0x60 build/heap_4.o
 .text.pvPortMalloc
                0x0000000008006690      0x120 build/heap_4.o
                0x0000000008006690                pvPortMalloc
 .text.vPortFree
                0x00000000080067b0       0x70 build/heap_4.o
                0x00000000080067b0                vPortFree
 .text.prvPortStartFirstTask
                0x0000000008006820       0x28 build/port.o
 .text.vPortEnableVFP
                0x0000000008006848       0x14 build/port.o
 .text.prvTaskExitError
                0x000000000800685c       0x40 build/port.o
 .text.pxPortInitialiseStack
                0x000000000800689c       0x30 build/port.o
                0x000000000800689c                pxPortInitialiseStack
 *fill*         0x00000000080068cc        0x4 
 .text.SVC_Handler
                0x00000000080068d0       0x24 build/port.o
                0x00000000080068d0                SVC_Handler
 .text.vPortEnterCritical
                0x00000000080068f4       0x44 build/port.o
                0x00000000080068f4                vPortEnterCritical
 .text.vPortExitCritical
                0x0000000008006938       0x28 build/port.o
                0x0000000008006938                vPortExitCritical
 .text.PendSV_Handler
                0x0000000008006960       0x64 build/port.o
                0x0000000008006960                PendSV_Handler
 .text.SysTick_Handler
                0x00000000080069c4       0x2c build/port.o
                0x00000000080069c4                SysTick_Handler
 .text.vPortSetupTimerInterrupt
                0x00000000080069f0       0x3c build/port.o
                0x00000000080069f0                vPortSetupTimerInterrupt
 .text.xPortStartScheduler
                0x0000000008006a2c      0x10c build/port.o
                0x0000000008006a2c                xPortStartScheduler
 .text.vPortValidateInterruptPriority
                0x0000000008006b38       0x5c build/port.o
                0x0000000008006b38                vPortValidateInterruptPriority
 .text.Reset_Handler
                0x0000000008006b94       0x50 build/startup_stm32g474xx.o
                0x0000000008006b94                Reset_Handler
 .text.Default_Handler
                0x0000000008006be4        0x2 build/startup_stm32g474xx.o
                0x0000000008006be4                RTC_Alarm_IRQHandler
                0x0000000008006be4                EXTI2_IRQHandler
                0x0000000008006be4                TIM8_TRG_COM_IRQHandler
                0x0000000008006be4                TIM8_CC_IRQHandler
                0x0000000008006be4                HRTIM1_Master_IRQHandler
                0x0000000008006be4                SPI4_IRQHandler
                0x0000000008006be4                FDCAN3_IT0_IRQHandler
                0x0000000008006be4                TIM1_CC_IRQHandler
                0x0000000008006be4                HRTIM1_FLT_IRQHandler
                0x0000000008006be4                HRTIM1_TIMF_IRQHandler
                0x0000000008006be4                USB_HP_IRQHandler
                0x0000000008006be4                CORDIC_IRQHandler
                0x0000000008006be4                HRTIM1_TIMD_IRQHandler
                0x0000000008006be4                DMA2_Channel8_IRQHandler
                0x0000000008006be4                EXTI3_IRQHandler
                0x0000000008006be4                I2C3_ER_IRQHandler
                0x0000000008006be4                EXTI0_IRQHandler
                0x0000000008006be4                I2C2_EV_IRQHandler
                0x0000000008006be4                FPU_IRQHandler
                0x0000000008006be4                FDCAN1_IT1_IRQHandler
                0x0000000008006be4                TIM1_UP_TIM16_IRQHandler
                0x0000000008006be4                ADC1_2_IRQHandler
                0x0000000008006be4                HRTIM1_TIME_IRQHandler
                0x0000000008006be4                SPI1_IRQHandler
                0x0000000008006be4                HRTIM1_TIMC_IRQHandler
                0x0000000008006be4                TIM8_UP_IRQHandler
                0x0000000008006be4                DMA2_Channel2_IRQHandler
                0x0000000008006be4                DMA1_Channel4_IRQHandler
                0x0000000008006be4                TIM20_TRG_COM_IRQHandler
                0x0000000008006be4                USART3_IRQHandler
                0x0000000008006be4                DMA1_Channel7_IRQHandler
                0x0000000008006be4                UART5_IRQHandler
                0x0000000008006be4                ADC3_IRQHandler
                0x0000000008006be4                TIM4_IRQHandler
                0x0000000008006be4                DMA2_Channel1_IRQHandler
                0x0000000008006be4                QUADSPI_IRQHandler
                0x0000000008006be4                I2C1_EV_IRQHandler
                0x0000000008006be4                DMA1_Channel6_IRQHandler
                0x0000000008006be4                UART4_IRQHandler
                0x0000000008006be4                DMA2_Channel4_IRQHandler
                0x0000000008006be4                TIM3_IRQHandler
                0x0000000008006be4                RCC_IRQHandler
                0x0000000008006be4                TIM20_UP_IRQHandler
                0x0000000008006be4                Default_Handler
                0x0000000008006be4                DMA2_Channel7_IRQHandler
                0x0000000008006be4                RTC_TAMP_LSECSS_IRQHandler
                0x0000000008006be4                FMAC_IRQHandler
                0x0000000008006be4                EXTI15_10_IRQHandler
                0x0000000008006be4                DMA1_Channel8_IRQHandler
                0x0000000008006be4                HRTIM1_TIMA_IRQHandler
                0x0000000008006be4                TIM7_DAC_IRQHandler
                0x0000000008006be4                FDCAN3_IT1_IRQHandler
                0x0000000008006be4                TIM5_IRQHandler
                0x0000000008006be4                UCPD1_IRQHandler
                0x0000000008006be4                I2C3_EV_IRQHandler
                0x0000000008006be4                EXTI9_5_IRQHandler
                0x0000000008006be4                RTC_WKUP_IRQHandler
                0x0000000008006be4                PVD_PVM_IRQHandler
                0x0000000008006be4                SPI2_IRQHandler
                0x0000000008006be4                ADC5_IRQHandler
                0x0000000008006be4                DMA2_Channel5_IRQHandler
                0x0000000008006be4                CRS_IRQHandler
                0x0000000008006be4                DMA1_Channel5_IRQHandler
                0x0000000008006be4                USB_LP_IRQHandler
                0x0000000008006be4                EXTI4_IRQHandler
                0x0000000008006be4                RNG_IRQHandler
                0x0000000008006be4                HRTIM1_TIMB_IRQHandler
                0x0000000008006be4                TIM1_TRG_COM_TIM17_IRQHandler
                0x0000000008006be4                FDCAN2_IT1_IRQHandler
                0x0000000008006be4                DMA1_Channel3_IRQHandler
                0x0000000008006be4                ADC4_IRQHandler
                0x0000000008006be4                WWDG_IRQHandler
                0x0000000008006be4                I2C4_EV_IRQHandler
                0x0000000008006be4                FDCAN2_IT0_IRQHandler
                0x0000000008006be4                LPUART1_IRQHandler
                0x0000000008006be4                DMA2_Channel6_IRQHandler
                0x0000000008006be4                FDCAN1_IT0_IRQHandler
                0x0000000008006be4                TIM2_IRQHandler
                0x0000000008006be4                COMP7_IRQHandler
                0x0000000008006be4                COMP1_2_3_IRQHandler
                0x0000000008006be4                EXTI1_IRQHandler
                0x0000000008006be4                USART2_IRQHandler
                0x0000000008006be4                COMP4_5_6_IRQHandler
                0x0000000008006be4                TIM20_BRK_IRQHandler
                0x0000000008006be4                I2C2_ER_IRQHandler
                0x0000000008006be4                TIM8_BRK_IRQHandler
                0x0000000008006be4                FLASH_IRQHandler
                0x0000000008006be4                TIM20_CC_IRQHandler
                0x0000000008006be4                USART1_IRQHandler
                0x0000000008006be4                SPI3_IRQHandler
                0x0000000008006be4                I2C1_ER_IRQHandler
                0x0000000008006be4                FMC_IRQHandler
                0x0000000008006be4                LPTIM1_IRQHandler
                0x0000000008006be4                DMAMUX_OVR_IRQHandler
                0x0000000008006be4                I2C4_ER_IRQHandler
                0x0000000008006be4                USBWakeUp_IRQHandler
                0x0000000008006be4                SAI1_IRQHandler
                0x0000000008006be4                DMA2_Channel3_IRQHandler
                0x0000000008006be4                TIM1_BRK_TIM15_IRQHandler
 *fill*         0x0000000008006be6        0x2 
 .text.startup  0x0000000008006be8       0x14 /usr/lib/gcc/arm-none-eabi/9.2.1/../../../arm-none-eabi/lib/thumb/v7e-m+fp/hard/libc.a(lib_a-__call_atexit.o)
 *(.glue_7)
 .glue_7        0x0000000008006bfc        0x0 linker stubs
 *(.glue_7t)
 .glue_7t       0x0000000008006bfc        0x0 linker stubs
 *(.eh_frame)
 .eh_frame      0x0000000008006bfc        0x0 /usr/lib/gcc/arm-none-eabi/9.2.1/thumb/v7e-m+fp/hard/crtbegin.o
 *(.init)
 .init          0x0000000008006bfc        0x4 /usr/lib/gcc/arm-none-eabi/9.2.1/thumb/v7e-m+fp/hard/crti.o
                0x0000000008006bfc                _init
 .init          0x0000000008006c00        0x8 /usr/lib/gcc/arm-none-eabi/9.2.1/thumb/v7e-m+fp/hard/crtn.o
 *(.fini)
 .fini          0x0000000008006c08        0x4 /usr/lib/gcc/arm-none-eabi/9.2.1/thumb/v7e-m+fp/hard/crti.o
                0x0000000008006c08                _fini
 .fini          0x0000000008006c0c        0x8 /usr/lib/gcc/arm-none-eabi/9.2.1/thumb/v7e-m+fp/hard/crtn.o
                0x0000000008006c14                . = ALIGN (0x4)
                0x0000000008006c14                _etext = .

.vfp11_veneer   0x0000000008006c14        0x0
 .vfp11_veneer  0x0000000008006c14        0x0 linker stubs

.v4_bx          0x0000000008006c14        0x0
 .v4_bx         0x0000000008006c14        0x0 linker stubs

.iplt           0x0000000008006c14        0x0
 .iplt          0x0000000008006c14        0x0 /usr/lib/gcc/arm-none-eabi/9.2.1/thumb/v7e-m+fp/hard/crtbegin.o

.rodata         0x0000000008006c14       0xa0
                0x0000000008006c14                . = ALIGN (0x4)
 *(.rodata)
 .rodata        0x0000000008006c14        0x4 /usr/lib/gcc/arm-none-eabi/9.2.1/../../../arm-none-eabi/lib/thumb/v7e-m+fp/hard/libc.a(lib_a-impure.o)
                0x0000000008006c14                _global_impure_ptr
 *(.rodata*)
 .rodata.StartDefaultTask.str1.4
                0x0000000008006c18        0xa build/app_freertos.o
 *fill*         0x0000000008006c22        0x2 
 .rodata.str1.4
                0x0000000008006c24        0xc build/app_freertos.o
 .rodata.defaultTask_attributes
                0x0000000008006c30       0x24 build/app_freertos.o
                0x0000000008006c30                defaultTask_attributes
 .rodata.USART_PRESCALER_TAB
                0x0000000008006c54       0x30 build/stm32g4xx_ll_usart.o
 .rodata.AHBPrescTable
                0x0000000008006c84       0x10 build/system_stm32g4xx.o
                0x0000000008006c84                AHBPrescTable
 .rodata.APBPrescTable
                0x0000000008006c94        0x8 build/system_stm32g4xx.o
                0x0000000008006c94                APBPrescTable
 .rodata.vTaskStartScheduler.str1.4
                0x0000000008006c9c        0x5 build/tasks.o
 *fill*         0x0000000008006ca1        0x3 
 .rodata.prvCheckForValidListAndQueue.str1.4
                0x0000000008006ca4        0x5 build/timers.o
 *fill*         0x0000000008006ca9        0x3 
 .rodata.xTimerCreateTimerTask.str1.4
                0x0000000008006cac        0x8 build/timers.o
                0x0000000008006cb4                . = ALIGN (0x4)

.ARM.extab      0x0000000008006cb4       0x24
 *(.ARM.extab* .gnu.linkonce.armextab.*)
 .ARM.extab.text.startup.main
                0x0000000008006cb4        0xc build/main.o
 .ARM.extab     0x0000000008006cc0       0x18 /usr/lib/gcc/arm-none-eabi/9.2.1/thumb/v7e-m+fp/hard/libgcc.a(pr-support.o)

.ARM            0x0000000008006cd8       0xe0
                0x0000000008006cd8                __exidx_start = .
 *(.ARM.exidx*)
 .ARM.exidx.text.SystemClock_Config
                0x0000000008006d90        0x8 build/main.o
 .ARM.exidx.text.startup.main
                0x0000000008006d98        0x8 build/main.o
 .ARM.exidx.text.HAL_TIM_PeriodElapsedCallback
                0x0000000008006da0        0x8 build/main.o
 .ARM.exidx.text.Error_Handler
                0x0000000008006da8        0x0 build/main.o
                                          0x8 (size before relaxing)
 .ARM.exidx.text.comms_thread_entry
                0x0000000008006da8       0x10 build/SerialHandler.o
                                          0x8 (size before relaxing)
 .ARM.exidx     0x0000000008006cd8       0x80 /usr/lib/gcc/arm-none-eabi/9.2.1/thumb/v7e-m+fp/hard/libgcc.a(unwind-arm.o)
                                         0xd8 (size before relaxing)
 .ARM.exidx     0x0000000008006d58       0x38 /usr/lib/gcc/arm-none-eabi/9.2.1/thumb/v7e-m+fp/hard/libgcc.a(pr-support.o)
                0x0000000008006db8                __exidx_end = .

.rel.dyn        0x0000000008006db8        0x0
 .rel.iplt      0x0000000008006db8        0x0 /usr/lib/gcc/arm-none-eabi/9.2.1/thumb/v7e-m+fp/hard/crtbegin.o

.preinit_array  0x0000000008006db8        0x0
                0x0000000008006db8                PROVIDE (__preinit_array_start = .)
 *(.preinit_array*)
                0x0000000008006db8                PROVIDE (__preinit_array_end = .)

.init_array     0x0000000008006db8        0x8
                0x0000000008006db8                PROVIDE (__init_array_start = .)
 *(SORT_BY_NAME(.init_array.*))
 .init_array.00000
                0x0000000008006db8        0x4 /usr/lib/gcc/arm-none-eabi/9.2.1/../../../arm-none-eabi/lib/thumb/v7e-m+fp/hard/libc.a(lib_a-__call_atexit.o)
 *(.init_array*)
 .init_array    0x0000000008006dbc        0x4 /usr/lib/gcc/arm-none-eabi/9.2.1/thumb/v7e-m+fp/hard/crtbegin.o
                0x0000000008006dc0                PROVIDE (__init_array_end = .)

.fini_array     0x0000000008006dc0        0x4
                0x0000000008006dc0                PROVIDE (__fini_array_start = .)
 *(SORT_BY_NAME(.fini_array.*))
 *(.fini_array*)
 .fini_array    0x0000000008006dc0        0x4 /usr/lib/gcc/arm-none-eabi/9.2.1/thumb/v7e-m+fp/hard/crtbegin.o
                0x0000000008006dc4                PROVIDE (__fini_array_end = .)
                0x0000000008006dc4                _sidata = LOADADDR (.data)

.data           0x0000000020000000      0x850 load address 0x0000000008006dc4
                0x0000000020000000                . = ALIGN (0x4)
                0x0000000020000000                _sdata = .
 *(.data)
 .data          0x0000000020000000      0x430 /usr/lib/gcc/arm-none-eabi/9.2.1/../../../arm-none-eabi/lib/thumb/v7e-m+fp/hard/libc.a(lib_a-impure.o)
                0x0000000020000000                _impure_ptr
 .data          0x0000000020000430      0x410 /usr/lib/gcc/arm-none-eabi/9.2.1/../../../arm-none-eabi/lib/thumb/v7e-m+fp/hard/libc.a(lib_a-mallocr.o)
                0x0000000020000430                __malloc_av_
                0x0000000020000838                __malloc_sbrk_base
                0x000000002000083c                __malloc_trim_threshold
 *(.data*)
 .data.uwTickFreq
                0x0000000020000840        0x4 build/stm32g4xx_hal.o
                0x0000000020000840                uwTickFreq
 .data.uwTickPrio
                0x0000000020000844        0x4 build/stm32g4xx_hal.o
                0x0000000020000844                uwTickPrio
 .data.SystemCoreClock
                0x0000000020000848        0x4 build/system_stm32g4xx.o
                0x0000000020000848                SystemCoreClock
 .data.uxCriticalNesting
                0x000000002000084c        0x4 build/port.o
                0x0000000020000850                . = ALIGN (0x4)
                0x0000000020000850                _edata = .

.tm_clone_table
                0x0000000020000850        0x0 load address 0x0000000008007614
 .tm_clone_table
                0x0000000020000850        0x0 /usr/lib/gcc/arm-none-eabi/9.2.1/thumb/v7e-m+fp/hard/crtbegin.o
 .tm_clone_table
                0x0000000020000850        0x0 /usr/lib/gcc/arm-none-eabi/9.2.1/thumb/v7e-m+fp/hard/crtend.o

.igot.plt       0x0000000020000850        0x0 load address 0x0000000008007614
 .igot.plt      0x0000000020000850        0x0 /usr/lib/gcc/arm-none-eabi/9.2.1/thumb/v7e-m+fp/hard/crtbegin.o
                0x0000000020000850                . = ALIGN (0x4)

.bss            0x0000000020000850     0x1de0 load address 0x0000000008007614
                0x0000000020000850                _sbss = .
                0x0000000020000850                __bss_start__ = _sbss
 *(.bss)
 .bss           0x0000000020000850       0x1c /usr/lib/gcc/arm-none-eabi/9.2.1/thumb/v7e-m+fp/hard/crtbegin.o
 .bss           0x000000002000086c       0x34 /usr/lib/gcc/arm-none-eabi/9.2.1/../../../arm-none-eabi/lib/thumb/v7e-m+fp/hard/libc.a(lib_a-mallocr.o)
                0x000000002000086c                __malloc_top_pad
                0x0000000020000870                __malloc_current_mallinfo
                0x0000000020000898                __malloc_max_sbrked_mem
                0x000000002000089c                __malloc_max_total_mem
 .bss           0x00000000200008a0        0x4 /usr/lib/gcc/arm-none-eabi/9.2.1/../../../arm-none-eabi/lib/thumb/v7e-m+fp/hard/libnosys.a(sbrk.o)
 *(.bss*)
 .bss.HAL_RCC_ADC12_CLK_ENABLED
                0x00000000200008a4        0x4 build/adc.o
 .bss.HAL_RCC_ADC345_CLK_ENABLED
                0x00000000200008a8        0x4 build/adc.o
 .bss.pxCurrentTCB
                0x00000000200008ac        0x4 build/tasks.o
                0x00000000200008ac                pxCurrentTCB
 .bss.pxDelayedTaskList
                0x00000000200008b0        0x4 build/tasks.o
 .bss.pxOverflowDelayedTaskList
                0x00000000200008b4        0x4 build/tasks.o
 .bss.pxReadyTasksLists
                0x00000000200008b8      0x460 build/tasks.o
 .bss.uxCurrentNumberOfTasks
                0x0000000020000d18        0x4 build/tasks.o
 .bss.uxDeletedTasksWaitingCleanUp
                0x0000000020000d1c        0x4 build/tasks.o
 .bss.uxPendedTicks
                0x0000000020000d20        0x4 build/tasks.o
 .bss.uxSchedulerSuspended
                0x0000000020000d24        0x4 build/tasks.o
 .bss.uxTaskNumber
                0x0000000020000d28        0x4 build/tasks.o
 .bss.uxTopReadyPriority
                0x0000000020000d2c        0x4 build/tasks.o
 .bss.xDelayedTaskList1
                0x0000000020000d30       0x14 build/tasks.o
 .bss.xDelayedTaskList2
                0x0000000020000d44       0x14 build/tasks.o
 .bss.xNextTaskUnblockTime
                0x0000000020000d58        0x4 build/tasks.o
 .bss.xNumOfOverflows
                0x0000000020000d5c        0x4 build/tasks.o
 .bss.xPendingReadyList
                0x0000000020000d60       0x14 build/tasks.o
 .bss.xSchedulerRunning
                0x0000000020000d74        0x4 build/tasks.o
 .bss.xSuspendedTaskList
                0x0000000020000d78       0x14 build/tasks.o
 .bss.xTasksWaitingTermination
                0x0000000020000d8c       0x14 build/tasks.o
 .bss.xTickCount
                0x0000000020000da0        0x4 build/tasks.o
 .bss.xYieldPending
                0x0000000020000da4        0x4 build/tasks.o
 .bss.pxCurrentTimerList
                0x0000000020000da8        0x4 build/timers.o
 .bss.pxOverflowTimerList
                0x0000000020000dac        0x4 build/timers.o
 .bss.ucStaticTimerQueueStorage.6914
                0x0000000020000db0       0xa0 build/timers.o
 .bss.xActiveTimerList1
                0x0000000020000e50       0x14 build/timers.o
 .bss.xActiveTimerList2
                0x0000000020000e64       0x14 build/timers.o
 .bss.xLastTime.6863
                0x0000000020000e78        0x4 build/timers.o
 .bss.xStaticTimerQueue.6913
                0x0000000020000e7c       0x50 build/timers.o
 .bss.xTimerQueue
                0x0000000020000ecc        0x4 build/timers.o
 .bss.xTimerTaskHandle
                0x0000000020000ed0        0x4 build/timers.o
 .bss.Idle_Stack
                0x0000000020000ed4      0x200 build/cmsis_os2.o
 .bss.Idle_TCB  0x00000000200010d4       0x5c build/cmsis_os2.o
 .bss.KernelState
                0x0000000020001130        0x4 build/cmsis_os2.o
 .bss.Timer_Stack
                0x0000000020001134      0x400 build/cmsis_os2.o
 .bss.Timer_TCB
                0x0000000020001534       0x5c build/cmsis_os2.o
 .bss.pxEnd     0x0000000020001590        0x4 build/heap_4.o
 .bss.ucHeap    0x0000000020001594      0xc00 build/heap_4.o
 .bss.xBlockAllocatedBit
                0x0000000020002194        0x4 build/heap_4.o
 .bss.xFreeBytesRemaining
                0x0000000020002198        0x4 build/heap_4.o
 .bss.xMinimumEverFreeBytesRemaining
                0x000000002000219c        0x4 build/heap_4.o
 .bss.xStart    0x00000000200021a0        0x8 build/heap_4.o
 .bss.ucMaxSysCallPriority
                0x00000000200021a8        0x1 build/port.o
 *fill*         0x00000000200021a9        0x3 
 .bss.ulMaxPRIGROUPValue
                0x00000000200021ac        0x4 build/port.o
 *(COMMON)
 COMMON         0x00000000200021b0        0xc build/app_freertos.o
                0x00000000200021b0                defaultTaskHandle
                0x00000000200021b4                controlTaskHandle
                0x00000000200021b8                commsTaskHandle
 COMMON         0x00000000200021bc      0x21c build/adc.o
                0x00000000200021bc                hadc2
                0x0000000020002228                hadc5
                0x0000000020002294                hadc1
                0x0000000020002300                hadc3
                0x000000002000236c                hadc4
 COMMON         0x00000000200023d8       0x64 build/fdcan.o
                0x00000000200023d8                hfdcan3
 COMMON         0x000000002000243c       0xc8 build/spi.o
                0x000000002000243c                hspi2
                0x00000000200024a0                hspi1
 COMMON         0x0000000020002504       0x98 build/tim.o
                0x0000000020002504                htim8
                0x0000000020002550                htim2
 COMMON         0x000000002000259c       0x4c build/stm32g4xx_hal_timebase_tim.o
                0x000000002000259c                htim6
 COMMON         0x00000000200025e8        0x4 build/stm32g4xx_hal.o
                0x00000000200025e8                uwTick
 COMMON         0x00000000200025ec       0x40 build/queue.o
                0x00000000200025ec                xQueueRegistry
 COMMON         0x000000002000262c        0x4 /usr/lib/gcc/arm-none-eabi/9.2.1/../../../arm-none-eabi/lib/thumb/v7e-m+fp/hard/libc.a(lib_a-reent.o)
                0x000000002000262c                errno
                0x0000000020002630                . = ALIGN (0x4)
                0x0000000020002630                _ebss = .
                0x0000000020002630                __bss_end__ = _ebss

._user_heap_stack
                0x0000000020002630      0x600 load address 0x0000000008007614
                0x0000000020002630                . = ALIGN (0x8)
                0x0000000020002630                PROVIDE (end = .)
                [!provide]                        PROVIDE (_end = .)
                0x0000000020002830                . = (. + _Min_Heap_Size)
 *fill*         0x0000000020002630      0x200 
                0x0000000020002c30                . = (. + _Min_Stack_Size)
 *fill*         0x0000000020002830      0x400 
                0x0000000020002c30                . = ALIGN (0x8)

/DISCARD/
 libc.a(*)
 libm.a(*)
 libgcc.a(*)

.ARM.attributes
                0x0000000000000000       0x30
 *(.ARM.attributes)
 .ARM.attributes
                0x0000000000000000       0x1e /usr/lib/gcc/arm-none-eabi/9.2.1/thumb/v7e-m+fp/hard/crti.o
 .ARM.attributes
                0x000000000000001e       0x34 /usr/lib/gcc/arm-none-eabi/9.2.1/thumb/v7e-m+fp/hard/crtbegin.o
 .ARM.attributes
                0x0000000000000052       0x34 build/main.o
 .ARM.attributes
                0x0000000000000086       0x34 build/SerialHandler.o
 .ARM.attributes
                0x00000000000000ba       0x34 build/gpio.o
 .ARM.attributes
                0x00000000000000ee       0x34 build/app_freertos.o
 .ARM.attributes
                0x0000000000000122       0x34 build/adc.o
 .ARM.attributes
                0x0000000000000156       0x34 build/cordic.o
 .ARM.attributes
                0x000000000000018a       0x34 build/dma.o
 .ARM.attributes
                0x00000000000001be       0x34 build/fdcan.o
 .ARM.attributes
                0x00000000000001f2       0x34 build/fmac.o
 .ARM.attributes
                0x0000000000000226       0x34 build/spi.o
 .ARM.attributes
                0x000000000000025a       0x34 build/tim.o
 .ARM.attributes
                0x000000000000028e       0x34 build/usart.o
 .ARM.attributes
                0x00000000000002c2       0x34 build/stm32g4xx_it.o
 .ARM.attributes
                0x00000000000002f6       0x34 build/stm32g4xx_hal_msp.o
 .ARM.attributes
                0x000000000000032a       0x34 build/stm32g4xx_hal_timebase_tim.o
 .ARM.attributes
                0x000000000000035e       0x34 build/stm32g4xx_ll_utils.o
 .ARM.attributes
                0x0000000000000392       0x34 build/stm32g4xx_ll_gpio.o
 .ARM.attributes
                0x00000000000003c6       0x34 build/stm32g4xx_hal_adc.o
 .ARM.attributes
                0x00000000000003fa       0x34 build/stm32g4xx_hal_adc_ex.o
 .ARM.attributes
                0x000000000000042e       0x34 build/stm32g4xx_hal_gpio.o
 .ARM.attributes
                0x0000000000000462       0x34 build/stm32g4xx_hal.o
 .ARM.attributes
                0x0000000000000496       0x34 build/stm32g4xx_hal_rcc.o
 .ARM.attributes
                0x00000000000004ca       0x34 build/stm32g4xx_hal_pwr_ex.o
 .ARM.attributes
                0x00000000000004fe       0x34 build/stm32g4xx_hal_cortex.o
 .ARM.attributes
                0x0000000000000532       0x34 build/stm32g4xx_hal_fdcan.o
 .ARM.attributes
                0x0000000000000566       0x34 build/stm32g4xx_hal_spi.o
 .ARM.attributes
                0x000000000000059a       0x34 build/stm32g4xx_hal_tim.o
 .ARM.attributes
                0x00000000000005ce       0x34 build/stm32g4xx_hal_tim_ex.o
 .ARM.attributes
                0x0000000000000602       0x34 build/stm32g4xx_ll_usart.o
 .ARM.attributes
                0x0000000000000636       0x34 build/stm32g4xx_ll_rcc.o
 .ARM.attributes
                0x000000000000066a       0x34 build/system_stm32g4xx.o
 .ARM.attributes
                0x000000000000069e       0x34 build/list.o
 .ARM.attributes
                0x00000000000006d2       0x34 build/queue.o
 .ARM.attributes
                0x0000000000000706       0x34 build/tasks.o
 .ARM.attributes
                0x000000000000073a       0x34 build/timers.o
 .ARM.attributes
                0x000000000000076e       0x34 build/cmsis_os2.o
 .ARM.attributes
                0x00000000000007a2       0x34 build/heap_4.o
 .ARM.attributes
                0x00000000000007d6       0x34 build/port.o
 .ARM.attributes
                0x000000000000080a       0x21 build/startup_stm32g474xx.o
 .ARM.attributes
                0x000000000000082b       0x34 /usr/lib/gcc/arm-none-eabi/9.2.1/../../../arm-none-eabi/lib/thumb/v7e-m+fp/hard/libc.a(lib_a-atexit.o)
 .ARM.attributes
                0x000000000000085f       0x34 /usr/lib/gcc/arm-none-eabi/9.2.1/../../../arm-none-eabi/lib/thumb/v7e-m+fp/hard/libc.a(lib_a-fini.o)
 .ARM.attributes
                0x0000000000000893       0x32 /usr/lib/gcc/arm-none-eabi/9.2.1/../../../arm-none-eabi/lib/thumb/v7e-m+fp/hard/libc.a(lib_a-impure.o)
 .ARM.attributes
                0x00000000000008c5       0x34 /usr/lib/gcc/arm-none-eabi/9.2.1/../../../arm-none-eabi/lib/thumb/v7e-m+fp/hard/libc.a(lib_a-init.o)
 .ARM.attributes
                0x00000000000008f9       0x1c /usr/lib/gcc/arm-none-eabi/9.2.1/../../../arm-none-eabi/lib/thumb/v7e-m+fp/hard/libc.a(lib_a-memcpy.o)
 .ARM.attributes
                0x0000000000000915       0x34 /usr/lib/gcc/arm-none-eabi/9.2.1/../../../arm-none-eabi/lib/thumb/v7e-m+fp/hard/libc.a(lib_a-memset.o)
 .ARM.attributes
                0x0000000000000949       0x34 /usr/lib/gcc/arm-none-eabi/9.2.1/../../../arm-none-eabi/lib/thumb/v7e-m+fp/hard/libc.a(lib_a-__atexit.o)
 .ARM.attributes
                0x000000000000097d       0x34 /usr/lib/gcc/arm-none-eabi/9.2.1/../../../arm-none-eabi/lib/thumb/v7e-m+fp/hard/libc.a(lib_a-__call_atexit.o)
 .ARM.attributes
                0x00000000000009b1       0x32 /usr/lib/gcc/arm-none-eabi/9.2.1/thumb/v7e-m+fp/hard/crtend.o
 .ARM.attributes
                0x00000000000009e3       0x1e /usr/lib/gcc/arm-none-eabi/9.2.1/thumb/v7e-m+fp/hard/crtn.o
OUTPUT(build/nomad_bldc_fw_g4.elf elf32-littlearm)
LOAD linker stubs
LOAD /usr/lib/gcc/arm-none-eabi/9.2.1/../../../arm-none-eabi/lib/thumb/v7e-m+fp/hard/libc.a
LOAD /usr/lib/gcc/arm-none-eabi/9.2.1/../../../arm-none-eabi/lib/thumb/v7e-m+fp/hard/libm.a
LOAD /usr/lib/gcc/arm-none-eabi/9.2.1/thumb/v7e-m+fp/hard/libgcc.a

.comment        0x0000000000000000       0xa7
 .comment       0x0000000000000000       0x59 /usr/lib/gcc/arm-none-eabi/9.2.1/thumb/v7e-m+fp/hard/crtbegin.o
                                         0x5a (size before relaxing)
 .comment       0x0000000000000059       0x5a build/main.o
 .comment       0x0000000000000059       0x5a build/SerialHandler.o
 .comment       0x0000000000000059       0x5a build/gpio.o
 .comment       0x0000000000000059       0x5a build/app_freertos.o
 .comment       0x0000000000000059       0x5a build/adc.o
 .comment       0x0000000000000059       0x5a build/cordic.o
 .comment       0x0000000000000059       0x5a build/dma.o
 .comment       0x0000000000000059       0x5a build/fdcan.o
 .comment       0x0000000000000059       0x5a build/fmac.o
 .comment       0x0000000000000059       0x5a build/spi.o
 .comment       0x0000000000000059       0x5a build/tim.o
 .comment       0x0000000000000059       0x5a build/usart.o
 .comment       0x0000000000000059       0x5a build/stm32g4xx_it.o
 .comment       0x0000000000000059       0x5a build/stm32g4xx_hal_msp.o
 .comment       0x0000000000000059       0x5a build/stm32g4xx_hal_timebase_tim.o
 .comment       0x0000000000000059       0x5a build/stm32g4xx_ll_utils.o
 .comment       0x0000000000000059       0x5a build/stm32g4xx_ll_gpio.o
 .comment       0x0000000000000059       0x5a build/stm32g4xx_hal_adc.o
 .comment       0x0000000000000059       0x5a build/stm32g4xx_hal_adc_ex.o
 .comment       0x0000000000000059       0x5a build/stm32g4xx_hal_gpio.o
 .comment       0x0000000000000059       0x5a build/stm32g4xx_hal.o
 .comment       0x0000000000000059       0x5a build/stm32g4xx_hal_rcc.o
 .comment       0x0000000000000059       0x5a build/stm32g4xx_hal_pwr_ex.o
 .comment       0x0000000000000059       0x5a build/stm32g4xx_hal_cortex.o
 .comment       0x0000000000000059       0x5a build/stm32g4xx_hal_fdcan.o
 .comment       0x0000000000000059       0x5a build/stm32g4xx_hal_spi.o
 .comment       0x0000000000000059       0x5a build/stm32g4xx_hal_tim.o
 .comment       0x0000000000000059       0x5a build/stm32g4xx_hal_tim_ex.o
 .comment       0x0000000000000059       0x5a build/stm32g4xx_ll_usart.o
 .comment       0x0000000000000059       0x5a build/stm32g4xx_ll_rcc.o
 .comment       0x0000000000000059       0x5a build/system_stm32g4xx.o
 .comment       0x0000000000000059       0x5a build/list.o
 .comment       0x0000000000000059       0x5a build/queue.o
 .comment       0x0000000000000059       0x5a build/tasks.o
 .comment       0x0000000000000059       0x5a build/timers.o
 .comment       0x0000000000000059       0x5a build/cmsis_os2.o
 .comment       0x0000000000000059       0x5a build/heap_4.o
 .comment       0x0000000000000059       0x5a build/port.o
 .comment       0x0000000000000059       0x4e /usr/lib/gcc/arm-none-eabi/9.2.1/../../../arm-none-eabi/lib/thumb/v7e-m+fp/hard/libc.a(lib_a-atexit.o)
                                         0x4f (size before relaxing)
 .comment       0x00000000000000a7       0x4f /usr/lib/gcc/arm-none-eabi/9.2.1/../../../arm-none-eabi/lib/thumb/v7e-m+fp/hard/libc.a(lib_a-fini.o)
 .comment       0x00000000000000a7       0x4f /usr/lib/gcc/arm-none-eabi/9.2.1/../../../arm-none-eabi/lib/thumb/v7e-m+fp/hard/libc.a(lib_a-impure.o)
 .comment       0x00000000000000a7       0x4f /usr/lib/gcc/arm-none-eabi/9.2.1/../../../arm-none-eabi/lib/thumb/v7e-m+fp/hard/libc.a(lib_a-init.o)
 .comment       0x00000000000000a7       0x4f /usr/lib/gcc/arm-none-eabi/9.2.1/../../../arm-none-eabi/lib/thumb/v7e-m+fp/hard/libc.a(lib_a-memset.o)
 .comment       0x00000000000000a7       0x4f /usr/lib/gcc/arm-none-eabi/9.2.1/../../../arm-none-eabi/lib/thumb/v7e-m+fp/hard/libc.a(lib_a-__atexit.o)
 .comment       0x00000000000000a7       0x4f /usr/lib/gcc/arm-none-eabi/9.2.1/../../../arm-none-eabi/lib/thumb/v7e-m+fp/hard/libc.a(lib_a-__call_atexit.o)
 .comment       0x00000000000000a7       0x5a /usr/lib/gcc/arm-none-eabi/9.2.1/thumb/v7e-m+fp/hard/crtend.o

.debug_info     0x0000000000000000    0x417a7
 .debug_info    0x0000000000000000     0x2733 build/main.o
 .debug_info    0x0000000000002733     0x2ba4 build/SerialHandler.o
 .debug_info    0x00000000000052d7      0x907 build/gpio.o
 .debug_info    0x0000000000005bde      0x644 build/app_freertos.o
 .debug_info    0x0000000000006222     0x1723 build/adc.o
 .debug_info    0x0000000000007945      0x5eb build/cordic.o
 .debug_info    0x0000000000007f30      0xdd3 build/dma.o
 .debug_info    0x0000000000008d03      0xdae build/fdcan.o
 .debug_info    0x0000000000009ab1      0x5eb build/fmac.o
 .debug_info    0x000000000000a09c     0x1008 build/spi.o
 .debug_info    0x000000000000b0a4     0x1698 build/tim.o
 .debug_info    0x000000000000c73c     0x1387 build/usart.o
 .debug_info    0x000000000000dac3      0xb86 build/stm32g4xx_it.o
 .debug_info    0x000000000000e649      0x5ea build/stm32g4xx_hal_msp.o
 .debug_info    0x000000000000ec33     0x11d7 build/stm32g4xx_hal_timebase_tim.o
 .debug_info    0x000000000000fe0a     0x14e0 build/stm32g4xx_ll_utils.o
 .debug_info    0x00000000000112ea     0x1066 build/stm32g4xx_ll_gpio.o
 .debug_info    0x0000000000012350     0x3a32 build/stm32g4xx_hal_adc.o
 .debug_info    0x0000000000015d82     0x3282 build/stm32g4xx_hal_adc_ex.o
 .debug_info    0x0000000000019004      0xafd build/stm32g4xx_hal_gpio.o
 .debug_info    0x0000000000019b01      0xf3f build/stm32g4xx_hal.o
 .debug_info    0x000000000001aa40     0x121d build/stm32g4xx_hal_rcc.o
 .debug_info    0x000000000001bc5d      0xcbd build/stm32g4xx_hal_pwr_ex.o
 .debug_info    0x000000000001c91a     0x1382 build/stm32g4xx_hal_cortex.o
 .debug_info    0x000000000001dc9c     0x20ef build/stm32g4xx_hal_fdcan.o
 .debug_info    0x000000000001fd8b     0x26cd build/stm32g4xx_hal_spi.o
 .debug_info    0x0000000000022458     0x4dec build/stm32g4xx_hal_tim.o
 .debug_info    0x0000000000027244     0x2811 build/stm32g4xx_hal_tim_ex.o
 .debug_info    0x0000000000029a55      0xdab build/stm32g4xx_ll_usart.o
 .debug_info    0x000000000002a800     0x18c9 build/stm32g4xx_ll_rcc.o
 .debug_info    0x000000000002c0c9      0x7b8 build/system_stm32g4xx.o
 .debug_info    0x000000000002c881      0xc8e build/list.o
 .debug_info    0x000000000002d50f     0x388c build/queue.o
 .debug_info    0x0000000000030d9b     0x4093 build/tasks.o
 .debug_info    0x0000000000034e2e     0x26c8 build/timers.o
 .debug_info    0x00000000000374f6     0x55f5 build/cmsis_os2.o
 .debug_info    0x000000000003caeb      0xe6e build/heap_4.o
 .debug_info    0x000000000003d959      0x5df build/port.o
 .debug_info    0x000000000003df38       0x22 build/startup_stm32g474xx.o
 .debug_info    0x000000000003df5a      0x995 /usr/lib/gcc/arm-none-eabi/9.2.1/../../../arm-none-eabi/lib/thumb/v7e-m+fp/hard/libc.a(lib_a-atexit.o)
 .debug_info    0x000000000003e8ef      0x102 /usr/lib/gcc/arm-none-eabi/9.2.1/../../../arm-none-eabi/lib/thumb/v7e-m+fp/hard/libc.a(lib_a-fini.o)
 .debug_info    0x000000000003e9f1      0x92a /usr/lib/gcc/arm-none-eabi/9.2.1/../../../arm-none-eabi/lib/thumb/v7e-m+fp/hard/libc.a(lib_a-impure.o)
 .debug_info    0x000000000003f31b      0x11a /usr/lib/gcc/arm-none-eabi/9.2.1/../../../arm-none-eabi/lib/thumb/v7e-m+fp/hard/libc.a(lib_a-init.o)
 .debug_info    0x000000000003f435       0x26 /usr/lib/gcc/arm-none-eabi/9.2.1/../../../arm-none-eabi/lib/thumb/v7e-m+fp/hard/libc.a(lib_a-memcpy.o)
 .debug_info    0x000000000003f45b      0xf21 /usr/lib/gcc/arm-none-eabi/9.2.1/../../../arm-none-eabi/lib/thumb/v7e-m+fp/hard/libc.a(lib_a-memset.o)
 .debug_info    0x000000000004037c      0x9d5 /usr/lib/gcc/arm-none-eabi/9.2.1/../../../arm-none-eabi/lib/thumb/v7e-m+fp/hard/libc.a(lib_a-__atexit.o)
 .debug_info    0x0000000000040d51      0xa56 /usr/lib/gcc/arm-none-eabi/9.2.1/../../../arm-none-eabi/lib/thumb/v7e-m+fp/hard/libc.a(lib_a-__call_atexit.o)

.debug_abbrev   0x0000000000000000     0x8055
 .debug_abbrev  0x0000000000000000      0x314 build/main.o
 .debug_abbrev  0x0000000000000314      0x5d0 build/SerialHandler.o
 .debug_abbrev  0x00000000000008e4      0x208 build/gpio.o
 .debug_abbrev  0x0000000000000aec      0x18e build/app_freertos.o
 .debug_abbrev  0x0000000000000c7a      0x284 build/adc.o
 .debug_abbrev  0x0000000000000efe      0x189 build/cordic.o
 .debug_abbrev  0x0000000000001087      0x273 build/dma.o
 .debug_abbrev  0x00000000000012fa      0x205 build/fdcan.o
 .debug_abbrev  0x00000000000014ff      0x189 build/fmac.o
 .debug_abbrev  0x0000000000001688      0x22c build/spi.o
 .debug_abbrev  0x00000000000018b4      0x276 build/tim.o
 .debug_abbrev  0x0000000000001b2a      0x244 build/usart.o
 .debug_abbrev  0x0000000000001d6e      0x1ed build/stm32g4xx_it.o
 .debug_abbrev  0x0000000000001f5b      0x171 build/stm32g4xx_hal_msp.o
 .debug_abbrev  0x00000000000020cc      0x229 build/stm32g4xx_hal_timebase_tim.o
 .debug_abbrev  0x00000000000022f5      0x38d build/stm32g4xx_ll_utils.o
 .debug_abbrev  0x0000000000002682      0x2b5 build/stm32g4xx_ll_gpio.o
 .debug_abbrev  0x0000000000002937      0x36c build/stm32g4xx_hal_adc.o
 .debug_abbrev  0x0000000000002ca3      0x3e0 build/stm32g4xx_hal_adc_ex.o
 .debug_abbrev  0x0000000000003083      0x24d build/stm32g4xx_hal_gpio.o
 .debug_abbrev  0x00000000000032d0      0x2fa build/stm32g4xx_hal.o
 .debug_abbrev  0x00000000000035ca      0x34e build/stm32g4xx_hal_rcc.o
 .debug_abbrev  0x0000000000003918      0x2ab build/stm32g4xx_hal_pwr_ex.o
 .debug_abbrev  0x0000000000003bc3      0x395 build/stm32g4xx_hal_cortex.o
 .debug_abbrev  0x0000000000003f58      0x2e8 build/stm32g4xx_hal_fdcan.o
 .debug_abbrev  0x0000000000004240      0x3a1 build/stm32g4xx_hal_spi.o
 .debug_abbrev  0x00000000000045e1      0x400 build/stm32g4xx_hal_tim.o
 .debug_abbrev  0x00000000000049e1      0x399 build/stm32g4xx_hal_tim_ex.o
 .debug_abbrev  0x0000000000004d7a      0x31c build/stm32g4xx_ll_usart.o
 .debug_abbrev  0x0000000000005096      0x3c2 build/stm32g4xx_ll_rcc.o
 .debug_abbrev  0x0000000000005458      0x16a build/system_stm32g4xx.o
 .debug_abbrev  0x00000000000055c2      0x245 build/list.o
 .debug_abbrev  0x0000000000005807      0x559 build/queue.o
 .debug_abbrev  0x0000000000005d60      0x5a6 build/tasks.o
 .debug_abbrev  0x0000000000006306      0x494 build/timers.o
 .debug_abbrev  0x000000000000679a      0x5a4 build/cmsis_os2.o
 .debug_abbrev  0x0000000000006d3e      0x38f build/heap_4.o
 .debug_abbrev  0x00000000000070cd      0x2c2 build/port.o
 .debug_abbrev  0x000000000000738f       0x12 build/startup_stm32g474xx.o
 .debug_abbrev  0x00000000000073a1      0x232 /usr/lib/gcc/arm-none-eabi/9.2.1/../../../arm-none-eabi/lib/thumb/v7e-m+fp/hard/libc.a(lib_a-atexit.o)
 .debug_abbrev  0x00000000000075d3       0xcf /usr/lib/gcc/arm-none-eabi/9.2.1/../../../arm-none-eabi/lib/thumb/v7e-m+fp/hard/libc.a(lib_a-fini.o)
 .debug_abbrev  0x00000000000076a2      0x1b8 /usr/lib/gcc/arm-none-eabi/9.2.1/../../../arm-none-eabi/lib/thumb/v7e-m+fp/hard/libc.a(lib_a-impure.o)
 .debug_abbrev  0x000000000000785a       0xcc /usr/lib/gcc/arm-none-eabi/9.2.1/../../../arm-none-eabi/lib/thumb/v7e-m+fp/hard/libc.a(lib_a-init.o)
 .debug_abbrev  0x0000000000007926       0x14 /usr/lib/gcc/arm-none-eabi/9.2.1/../../../arm-none-eabi/lib/thumb/v7e-m+fp/hard/libc.a(lib_a-memcpy.o)
 .debug_abbrev  0x000000000000793a      0x217 /usr/lib/gcc/arm-none-eabi/9.2.1/../../../arm-none-eabi/lib/thumb/v7e-m+fp/hard/libc.a(lib_a-memset.o)
 .debug_abbrev  0x0000000000007b51      0x252 /usr/lib/gcc/arm-none-eabi/9.2.1/../../../arm-none-eabi/lib/thumb/v7e-m+fp/hard/libc.a(lib_a-__atexit.o)
 .debug_abbrev  0x0000000000007da3      0x2b2 /usr/lib/gcc/arm-none-eabi/9.2.1/../../../arm-none-eabi/lib/thumb/v7e-m+fp/hard/libc.a(lib_a-__call_atexit.o)

.debug_loc      0x0000000000000000    0x26abc
 .debug_loc     0x0000000000000000      0x179 build/main.o
 .debug_loc     0x0000000000000179       0x84 build/SerialHandler.o
 .debug_loc     0x00000000000001fd      0x126 build/gpio.o
 .debug_loc     0x0000000000000323       0x71 build/app_freertos.o
 .debug_loc     0x0000000000000394      0x3b4 build/adc.o
 .debug_loc     0x0000000000000748       0x42 build/cordic.o
 .debug_loc     0x000000000000078a      0x108 build/dma.o
 .debug_loc     0x0000000000000892       0xc6 build/fdcan.o
 .debug_loc     0x0000000000000958       0x42 build/fmac.o
 .debug_loc     0x000000000000099a      0x188 build/spi.o
 .debug_loc     0x0000000000000b22      0x1ea build/tim.o
 .debug_loc     0x0000000000000d0c      0x6bc build/usart.o
 .debug_loc     0x00000000000013c8       0x2c build/stm32g4xx_hal_msp.o
 .debug_loc     0x00000000000013f4      0x106 build/stm32g4xx_hal_timebase_tim.o
 .debug_loc     0x00000000000014fa      0xb8d build/stm32g4xx_ll_utils.o
 .debug_loc     0x0000000000002087      0x8ad build/stm32g4xx_ll_gpio.o
 .debug_loc     0x0000000000002934     0x2e36 build/stm32g4xx_hal_adc.o
 .debug_loc     0x000000000000576a     0x2b32 build/stm32g4xx_hal_adc_ex.o
 .debug_loc     0x000000000000829c      0x4c4 build/stm32g4xx_hal_gpio.o
 .debug_loc     0x0000000000008760      0x31e build/stm32g4xx_hal.o
 .debug_loc     0x0000000000008a7e      0x92b build/stm32g4xx_hal_rcc.o
 .debug_loc     0x00000000000093a9      0x9ee build/stm32g4xx_hal_pwr_ex.o
 .debug_loc     0x0000000000009d97      0x8b9 build/stm32g4xx_hal_cortex.o
 .debug_loc     0x000000000000a650     0x1b37 build/stm32g4xx_hal_fdcan.o
 .debug_loc     0x000000000000c187     0x2848 build/stm32g4xx_hal_spi.o
 .debug_loc     0x000000000000e9cf     0x6997 build/stm32g4xx_hal_tim.o
 .debug_loc     0x0000000000015366     0x2cd2 build/stm32g4xx_hal_tim_ex.o
 .debug_loc     0x0000000000018038      0x6d7 build/stm32g4xx_ll_usart.o
 .debug_loc     0x000000000001870f      0xdd7 build/stm32g4xx_ll_rcc.o
 .debug_loc     0x00000000000194e6       0xbd build/system_stm32g4xx.o
 .debug_loc     0x00000000000195a3      0x14c build/list.o
 .debug_loc     0x00000000000196ef     0x2b22 build/queue.o
 .debug_loc     0x000000000001c211     0x3100 build/tasks.o
 .debug_loc     0x000000000001f311     0x176a build/timers.o
 .debug_loc     0x0000000000020a7b     0x5375 build/cmsis_os2.o
 .debug_loc     0x0000000000025df0      0x4ad build/heap_4.o
 .debug_loc     0x000000000002629d      0x218 build/port.o
 .debug_loc     0x00000000000264b5       0x32 /usr/lib/gcc/arm-none-eabi/9.2.1/../../../arm-none-eabi/lib/thumb/v7e-m+fp/hard/libc.a(lib_a-atexit.o)
 .debug_loc     0x00000000000264e7       0x68 /usr/lib/gcc/arm-none-eabi/9.2.1/../../../arm-none-eabi/lib/thumb/v7e-m+fp/hard/libc.a(lib_a-fini.o)
 .debug_loc     0x000000000002654f       0xba /usr/lib/gcc/arm-none-eabi/9.2.1/../../../arm-none-eabi/lib/thumb/v7e-m+fp/hard/libc.a(lib_a-init.o)
 .debug_loc     0x0000000000026609      0x231 /usr/lib/gcc/arm-none-eabi/9.2.1/../../../arm-none-eabi/lib/thumb/v7e-m+fp/hard/libc.a(lib_a-memset.o)
 .debug_loc     0x000000000002683a      0x138 /usr/lib/gcc/arm-none-eabi/9.2.1/../../../arm-none-eabi/lib/thumb/v7e-m+fp/hard/libc.a(lib_a-__atexit.o)
 .debug_loc     0x0000000000026972      0x14a /usr/lib/gcc/arm-none-eabi/9.2.1/../../../arm-none-eabi/lib/thumb/v7e-m+fp/hard/libc.a(lib_a-__call_atexit.o)

.debug_aranges  0x0000000000000000     0x19b0
 .debug_aranges
                0x0000000000000000       0x38 build/main.o
 .debug_aranges
                0x0000000000000038       0x20 build/SerialHandler.o
 .debug_aranges
                0x0000000000000058       0x20 build/gpio.o
 .debug_aranges
                0x0000000000000078       0x28 build/app_freertos.o
 .debug_aranges
                0x00000000000000a0       0x50 build/adc.o
 .debug_aranges
                0x00000000000000f0       0x20 build/cordic.o
 .debug_aranges
                0x0000000000000110       0x20 build/dma.o
 .debug_aranges
                0x0000000000000130       0x30 build/fdcan.o
 .debug_aranges
                0x0000000000000160       0x20 build/fmac.o
 .debug_aranges
                0x0000000000000180       0x38 build/spi.o
 .debug_aranges
                0x00000000000001b8       0x50 build/tim.o
 .debug_aranges
                0x0000000000000208       0x20 build/usart.o
 .debug_aranges
                0x0000000000000228       0x48 build/stm32g4xx_it.o
 .debug_aranges
                0x0000000000000270       0x20 build/stm32g4xx_hal_msp.o
 .debug_aranges
                0x0000000000000290       0x30 build/stm32g4xx_hal_timebase_tim.o
 .debug_aranges
                0x00000000000002c0       0x58 build/stm32g4xx_ll_utils.o
 .debug_aranges
                0x0000000000000318       0x30 build/stm32g4xx_ll_gpio.o
 .debug_aranges
                0x0000000000000348       0xe0 build/stm32g4xx_hal_adc.o
 .debug_aranges
                0x0000000000000428       0xd0 build/stm32g4xx_hal_adc_ex.o
 .debug_aranges
                0x00000000000004f8       0x58 build/stm32g4xx_hal_gpio.o
 .debug_aranges
                0x0000000000000550      0x128 build/stm32g4xx_hal.o
 .debug_aranges
                0x0000000000000678       0x90 build/stm32g4xx_hal_rcc.o
 .debug_aranges
                0x0000000000000708      0x128 build/stm32g4xx_hal_pwr_ex.o
 .debug_aranges
                0x0000000000000830       0xa8 build/stm32g4xx_hal_cortex.o
 .debug_aranges
                0x00000000000008d8      0x1a8 build/stm32g4xx_hal_fdcan.o
 .debug_aranges
                0x0000000000000a80      0x190 build/stm32g4xx_hal_spi.o
 .debug_aranges
                0x0000000000000c10      0x2a8 build/stm32g4xx_hal_tim.o
 .debug_aranges
                0x0000000000000eb8      0x1c0 build/stm32g4xx_hal_tim_ex.o
 .debug_aranges
                0x0000000000001078       0x40 build/stm32g4xx_ll_usart.o
 .debug_aranges
                0x00000000000010b8       0xb8 build/stm32g4xx_ll_rcc.o
 .debug_aranges
                0x0000000000001170       0x28 build/system_stm32g4xx.o
 .debug_aranges
                0x0000000000001198       0x40 build/list.o
 .debug_aranges
                0x00000000000011d8      0x138 build/queue.o
 .debug_aranges
                0x0000000000001310      0x1e0 build/tasks.o
 .debug_aranges
                0x00000000000014f0       0xc0 build/timers.o
 .debug_aranges
                0x00000000000015b0      0x210 build/cmsis_os2.o
 .debug_aranges
                0x00000000000017c0       0x48 build/heap_4.o
 .debug_aranges
                0x0000000000001808       0x80 build/port.o
 .debug_aranges
                0x0000000000001888       0x28 build/startup_stm32g474xx.o
 .debug_aranges
                0x00000000000018b0       0x20 /usr/lib/gcc/arm-none-eabi/9.2.1/../../../arm-none-eabi/lib/thumb/v7e-m+fp/hard/libc.a(lib_a-atexit.o)
 .debug_aranges
                0x00000000000018d0       0x20 /usr/lib/gcc/arm-none-eabi/9.2.1/../../../arm-none-eabi/lib/thumb/v7e-m+fp/hard/libc.a(lib_a-fini.o)
 .debug_aranges
                0x00000000000018f0       0x18 /usr/lib/gcc/arm-none-eabi/9.2.1/../../../arm-none-eabi/lib/thumb/v7e-m+fp/hard/libc.a(lib_a-impure.o)
 .debug_aranges
                0x0000000000001908       0x20 /usr/lib/gcc/arm-none-eabi/9.2.1/../../../arm-none-eabi/lib/thumb/v7e-m+fp/hard/libc.a(lib_a-init.o)
 .debug_aranges
                0x0000000000001928       0x20 /usr/lib/gcc/arm-none-eabi/9.2.1/../../../arm-none-eabi/lib/thumb/v7e-m+fp/hard/libc.a(lib_a-memcpy.o)
 .debug_aranges
                0x0000000000001948       0x20 /usr/lib/gcc/arm-none-eabi/9.2.1/../../../arm-none-eabi/lib/thumb/v7e-m+fp/hard/libc.a(lib_a-memset.o)
 .debug_aranges
                0x0000000000001968       0x20 /usr/lib/gcc/arm-none-eabi/9.2.1/../../../arm-none-eabi/lib/thumb/v7e-m+fp/hard/libc.a(lib_a-__atexit.o)
 .debug_aranges
                0x0000000000001988       0x28 /usr/lib/gcc/arm-none-eabi/9.2.1/../../../arm-none-eabi/lib/thumb/v7e-m+fp/hard/libc.a(lib_a-__call_atexit.o)

.debug_ranges   0x0000000000000000     0x45d0
 .debug_ranges  0x0000000000000000       0xe8 build/main.o
 .debug_ranges  0x00000000000000e8       0x28 build/SerialHandler.o
 .debug_ranges  0x0000000000000110       0xa8 build/gpio.o
 .debug_ranges  0x00000000000001b8       0x18 build/app_freertos.o
 .debug_ranges  0x00000000000001d0       0xd8 build/adc.o
 .debug_ranges  0x00000000000002a8       0x28 build/cordic.o
 .debug_ranges  0x00000000000002d0       0xb8 build/dma.o
 .debug_ranges  0x0000000000000388       0x58 build/fdcan.o
 .debug_ranges  0x00000000000003e0       0x28 build/fmac.o
 .debug_ranges  0x0000000000000408       0x80 build/spi.o
 .debug_ranges  0x0000000000000488       0xb8 build/tim.o
 .debug_ranges  0x0000000000000540      0x100 build/usart.o
 .debug_ranges  0x0000000000000640       0x38 build/stm32g4xx_it.o
 .debug_ranges  0x0000000000000678       0x28 build/stm32g4xx_hal_msp.o
 .debug_ranges  0x00000000000006a0       0x58 build/stm32g4xx_hal_timebase_tim.o
 .debug_ranges  0x00000000000006f8      0x248 build/stm32g4xx_ll_utils.o
 .debug_ranges  0x0000000000000940      0x1d8 build/stm32g4xx_ll_gpio.o
 .debug_ranges  0x0000000000000b18      0x830 build/stm32g4xx_hal_adc.o
 .debug_ranges  0x0000000000001348      0x648 build/stm32g4xx_hal_adc_ex.o
 .debug_ranges  0x0000000000001990       0x60 build/stm32g4xx_hal_gpio.o
 .debug_ranges  0x00000000000019f0      0x118 build/stm32g4xx_hal.o
 .debug_ranges  0x0000000000001b08      0x120 build/stm32g4xx_hal_rcc.o
 .debug_ranges  0x0000000000001c28      0x118 build/stm32g4xx_hal_pwr_ex.o
 .debug_ranges  0x0000000000001d40      0x1c0 build/stm32g4xx_hal_cortex.o
 .debug_ranges  0x0000000000001f00      0x200 build/stm32g4xx_hal_fdcan.o
 .debug_ranges  0x0000000000002100      0x2f0 build/stm32g4xx_hal_spi.o
 .debug_ranges  0x00000000000023f0      0x5f8 build/stm32g4xx_hal_tim.o
 .debug_ranges  0x00000000000029e8      0x248 build/stm32g4xx_hal_tim_ex.o
 .debug_ranges  0x0000000000002c30      0x100 build/stm32g4xx_ll_usart.o
 .debug_ranges  0x0000000000002d30      0x760 build/stm32g4xx_ll_rcc.o
 .debug_ranges  0x0000000000003490       0x18 build/system_stm32g4xx.o
 .debug_ranges  0x00000000000034a8       0x30 build/list.o
 .debug_ranges  0x00000000000034d8      0x498 build/queue.o
 .debug_ranges  0x0000000000003970      0x478 build/tasks.o
 .debug_ranges  0x0000000000003de8      0x1b8 build/timers.o
 .debug_ranges  0x0000000000003fa0      0x4e8 build/cmsis_os2.o
 .debug_ranges  0x0000000000004488       0x38 build/heap_4.o
 .debug_ranges  0x00000000000044c0       0xb8 build/port.o
 .debug_ranges  0x0000000000004578       0x20 build/startup_stm32g474xx.o
 .debug_ranges  0x0000000000004598       0x38 /usr/lib/gcc/arm-none-eabi/9.2.1/../../../arm-none-eabi/lib/thumb/v7e-m+fp/hard/libc.a(lib_a-__call_atexit.o)

.debug_line     0x0000000000000000    0x24d52
 .debug_line    0x0000000000000000      0x621 build/main.o
 .debug_line    0x0000000000000621      0x4c6 build/SerialHandler.o
 .debug_line    0x0000000000000ae7      0x31d build/gpio.o
 .debug_line    0x0000000000000e04      0x249 build/app_freertos.o
 .debug_line    0x000000000000104d      0xa6b build/adc.o
 .debug_line    0x0000000000001ab8      0x1ca build/cordic.o
 .debug_line    0x0000000000001c82      0x2cc build/dma.o
 .debug_line    0x0000000000001f4e      0x2e6 build/fdcan.o
 .debug_line    0x0000000000002234      0x1c8 build/fmac.o
 .debug_line    0x00000000000023fc      0x443 build/spi.o
 .debug_line    0x000000000000283f      0x606 build/tim.o
 .debug_line    0x0000000000002e45      0x4f3 build/usart.o
 .debug_line    0x0000000000003338      0x25e build/stm32g4xx_it.o
 .debug_line    0x0000000000003596      0x1c3 build/stm32g4xx_hal_msp.o
 .debug_line    0x0000000000003759      0x2af build/stm32g4xx_hal_timebase_tim.o
 .debug_line    0x0000000000003a08      0xa4e build/stm32g4xx_ll_utils.o
 .debug_line    0x0000000000004456      0x71c build/stm32g4xx_ll_gpio.o
 .debug_line    0x0000000000004b72     0x2b7e build/stm32g4xx_hal_adc.o
 .debug_line    0x00000000000076f0     0x251d build/stm32g4xx_hal_adc_ex.o
 .debug_line    0x0000000000009c0d      0x72f build/stm32g4xx_hal_gpio.o
 .debug_line    0x000000000000a33c      0x644 build/stm32g4xx_hal.o
 .debug_line    0x000000000000a980      0xe6f build/stm32g4xx_hal_rcc.o
 .debug_line    0x000000000000b7ef      0xa1b build/stm32g4xx_hal_pwr_ex.o
 .debug_line    0x000000000000c20a      0x7b7 build/stm32g4xx_hal_cortex.o
 .debug_line    0x000000000000c9c1     0x18d0 build/stm32g4xx_hal_fdcan.o
 .debug_line    0x000000000000e291     0x2ad5 build/stm32g4xx_hal_spi.o
 .debug_line    0x0000000000010d66     0x5365 build/stm32g4xx_hal_tim.o
 .debug_line    0x00000000000160cb     0x2353 build/stm32g4xx_hal_tim_ex.o
 .debug_line    0x000000000001841e      0x5da build/stm32g4xx_ll_usart.o
 .debug_line    0x00000000000189f8     0x12ac build/stm32g4xx_ll_rcc.o
 .debug_line    0x0000000000019ca4      0x21b build/system_stm32g4xx.o
 .debug_line    0x0000000000019ebf      0x35b build/list.o
 .debug_line    0x000000000001a21a     0x25f4 build/queue.o
 .debug_line    0x000000000001c80e     0x304e build/tasks.o
 .debug_line    0x000000000001f85c      0xf85 build/timers.o
 .debug_line    0x00000000000207e1     0x2be8 build/cmsis_os2.o
 .debug_line    0x00000000000233c9      0x63b build/heap_4.o
 .debug_line    0x0000000000023a04      0x784 build/port.o
 .debug_line    0x0000000000024188       0x77 build/startup_stm32g474xx.o
 .debug_line    0x00000000000241ff      0x14a /usr/lib/gcc/arm-none-eabi/9.2.1/../../../arm-none-eabi/lib/thumb/v7e-m+fp/hard/libc.a(lib_a-atexit.o)
 .debug_line    0x0000000000024349       0xd7 /usr/lib/gcc/arm-none-eabi/9.2.1/../../../arm-none-eabi/lib/thumb/v7e-m+fp/hard/libc.a(lib_a-fini.o)
 .debug_line    0x0000000000024420       0xe3 /usr/lib/gcc/arm-none-eabi/9.2.1/../../../arm-none-eabi/lib/thumb/v7e-m+fp/hard/libc.a(lib_a-impure.o)
 .debug_line    0x0000000000024503      0x10d /usr/lib/gcc/arm-none-eabi/9.2.1/../../../arm-none-eabi/lib/thumb/v7e-m+fp/hard/libc.a(lib_a-init.o)
 .debug_line    0x0000000000024610       0xbe /usr/lib/gcc/arm-none-eabi/9.2.1/../../../arm-none-eabi/lib/thumb/v7e-m+fp/hard/libc.a(lib_a-memcpy.o)
 .debug_line    0x00000000000246ce      0x26b /usr/lib/gcc/arm-none-eabi/9.2.1/../../../arm-none-eabi/lib/thumb/v7e-m+fp/hard/libc.a(lib_a-memset.o)
 .debug_line    0x0000000000024939      0x1e1 /usr/lib/gcc/arm-none-eabi/9.2.1/../../../arm-none-eabi/lib/thumb/v7e-m+fp/hard/libc.a(lib_a-__atexit.o)
 .debug_line    0x0000000000024b1a      0x238 /usr/lib/gcc/arm-none-eabi/9.2.1/../../../arm-none-eabi/lib/thumb/v7e-m+fp/hard/libc.a(lib_a-__call_atexit.o)

.debug_str      0x0000000000000000     0xc445
 .debug_str     0x0000000000000000     0x1687 build/main.o
                                       0x1afa (size before relaxing)
 .debug_str     0x0000000000001687     0x1145 build/SerialHandler.o
                                       0x17cd (size before relaxing)
 .debug_str     0x00000000000027cc      0x13a build/gpio.o
                                        0x603 (size before relaxing)
 .debug_str     0x0000000000002906      0x511 build/app_freertos.o
                                        0x8fa (size before relaxing)
 .debug_str     0x0000000000002e17      0x12f build/adc.o
                                        0xce5 (size before relaxing)
 .debug_str     0x0000000000002f46       0x2b build/cordic.o
                                        0x55a (size before relaxing)
 .debug_str     0x0000000000002f71      0x753 build/dma.o
                                        0xcc2 (size before relaxing)
 .debug_str     0x00000000000036c4       0x52 build/fdcan.o
                                        0x944 (size before relaxing)
 .debug_str     0x0000000000003716       0x10 build/fmac.o
                                        0x556 (size before relaxing)
 .debug_str     0x0000000000003726       0x48 build/spi.o
                                        0xae3 (size before relaxing)
 .debug_str     0x000000000000376e      0x3e0 build/tim.o
                                        0xff8 (size before relaxing)
 .debug_str     0x0000000000003b4e      0x2ab build/usart.o
                                        0x941 (size before relaxing)
 .debug_str     0x0000000000003df9       0xdc build/stm32g4xx_it.o
                                        0xa72 (size before relaxing)
 .debug_str     0x0000000000003ed5       0x4a build/stm32g4xx_hal_msp.o
                                        0x562 (size before relaxing)
 .debug_str     0x0000000000003f1f      0x142 build/stm32g4xx_hal_timebase_tim.o
                                       0x128c (size before relaxing)
 .debug_str     0x0000000000004061      0x265 build/stm32g4xx_ll_utils.o
                                        0x9e7 (size before relaxing)
 .debug_str     0x00000000000042c6      0x126 build/stm32g4xx_ll_gpio.o
                                        0x6dc (size before relaxing)
 .debug_str     0x00000000000043ec      0xa0f build/stm32g4xx_hal_adc.o
                                       0x14b9 (size before relaxing)
 .debug_str     0x0000000000004dfb      0x5b1 build/stm32g4xx_hal_adc_ex.o
                                       0x1468 (size before relaxing)
 .debug_str     0x00000000000053ac      0x171 build/stm32g4xx_hal_gpio.o
                                        0x742 (size before relaxing)
 .debug_str     0x000000000000551d      0x3a4 build/stm32g4xx_hal.o
                                        0xfe9 (size before relaxing)
 .debug_str     0x00000000000058c1      0x28a build/stm32g4xx_hal_rcc.o
                                        0x9fc (size before relaxing)
 .debug_str     0x0000000000005b4b      0x48f build/stm32g4xx_hal_pwr_ex.o
                                        0x9cd (size before relaxing)
 .debug_str     0x0000000000005fda      0x35d build/stm32g4xx_hal_cortex.o
                                        0xf46 (size before relaxing)
 .debug_str     0x0000000000006337      0xbda build/stm32g4xx_hal_fdcan.o
                                       0x13d0 (size before relaxing)
 .debug_str     0x0000000000006f11      0x55d build/stm32g4xx_hal_spi.o
                                        0xe7e (size before relaxing)
 .debug_str     0x000000000000746e      0xd3b build/stm32g4xx_hal_tim.o
                                       0x1a23 (size before relaxing)
 .debug_str     0x00000000000081a9      0x836 build/stm32g4xx_hal_tim_ex.o
                                       0x16bb (size before relaxing)
 .debug_str     0x00000000000089df      0x224 build/stm32g4xx_ll_usart.o
                                        0x820 (size before relaxing)
 .debug_str     0x0000000000008c03      0x603 build/stm32g4xx_ll_rcc.o
                                        0xc0a (size before relaxing)
 .debug_str     0x0000000000009206       0x3d build/system_stm32g4xx.o
                                        0x596 (size before relaxing)
 .debug_str     0x0000000000009243      0x14d build/list.o
                                        0x709 (size before relaxing)
 .debug_str     0x0000000000009390      0xa00 build/queue.o
                                       0x10f2 (size before relaxing)
 .debug_str     0x0000000000009d90      0xc50 build/tasks.o
                                       0x1694 (size before relaxing)
 .debug_str     0x000000000000a9e0      0x5ba build/timers.o
                                       0x1027 (size before relaxing)
 .debug_str     0x000000000000af9a      0xa5a build/cmsis_os2.o
                                       0x1d22 (size before relaxing)
 .debug_str     0x000000000000b9f4      0x1d5 build/heap_4.o
                                        0x7e8 (size before relaxing)
 .debug_str     0x000000000000bbc9      0x18d build/port.o
                                        0x482 (size before relaxing)
 .debug_str     0x000000000000bd56       0x22 build/startup_stm32g474xx.o
                                         0x5f (size before relaxing)
 .debug_str     0x000000000000bd78      0x166 /usr/lib/gcc/arm-none-eabi/9.2.1/../../../arm-none-eabi/lib/thumb/v7e-m+fp/hard/libc.a(lib_a-atexit.o)