Archive member included to satisfy reference by file (symbol)

/usr/lib/gcc/arm-none-eabi/9.2.1/../../../arm-none-eabi/lib/thumb/v7e-m+fp/hard/libc.a(lib_a-atexit.o)
                              /usr/lib/gcc/arm-none-eabi/9.2.1/../../../arm-none-eabi/lib/thumb/v7e-m+fp/hard/crt0.o (atexit)
/usr/lib/gcc/arm-none-eabi/9.2.1/../../../arm-none-eabi/lib/thumb/v7e-m+fp/hard/libc.a(lib_a-exit.o)
                              /usr/lib/gcc/arm-none-eabi/9.2.1/../../../arm-none-eabi/lib/thumb/v7e-m+fp/hard/crt0.o (exit)
/usr/lib/gcc/arm-none-eabi/9.2.1/../../../arm-none-eabi/lib/thumb/v7e-m+fp/hard/libc.a(lib_a-fini.o)
                              /usr/lib/gcc/arm-none-eabi/9.2.1/../../../arm-none-eabi/lib/thumb/v7e-m+fp/hard/crt0.o (__libc_fini_array)
/usr/lib/gcc/arm-none-eabi/9.2.1/../../../arm-none-eabi/lib/thumb/v7e-m+fp/hard/libc.a(lib_a-impure.o)
                              /usr/lib/gcc/arm-none-eabi/9.2.1/../../../arm-none-eabi/lib/thumb/v7e-m+fp/hard/libc.a(lib_a-exit.o) (_global_impure_ptr)
/usr/lib/gcc/arm-none-eabi/9.2.1/../../../arm-none-eabi/lib/thumb/v7e-m+fp/hard/libc.a(lib_a-init.o)
                              /usr/lib/gcc/arm-none-eabi/9.2.1/../../../arm-none-eabi/lib/thumb/v7e-m+fp/hard/crt0.o (__libc_init_array)
/usr/lib/gcc/arm-none-eabi/9.2.1/../../../arm-none-eabi/lib/thumb/v7e-m+fp/hard/libc.a(lib_a-memcpy.o)
                              build/queue.o (memcpy)
/usr/lib/gcc/arm-none-eabi/9.2.1/../../../arm-none-eabi/lib/thumb/v7e-m+fp/hard/libc.a(lib_a-memset.o)
                              /usr/lib/gcc/arm-none-eabi/9.2.1/../../../arm-none-eabi/lib/thumb/v7e-m+fp/hard/crt0.o (memset)
/usr/lib/gcc/arm-none-eabi/9.2.1/../../../arm-none-eabi/lib/thumb/v7e-m+fp/hard/libc.a(lib_a-__atexit.o)
                              /usr/lib/gcc/arm-none-eabi/9.2.1/../../../arm-none-eabi/lib/thumb/v7e-m+fp/hard/libc.a(lib_a-atexit.o) (__register_exitproc)
/usr/lib/gcc/arm-none-eabi/9.2.1/../../../arm-none-eabi/lib/thumb/v7e-m+fp/hard/libc.a(lib_a-__call_atexit.o)
                              /usr/lib/gcc/arm-none-eabi/9.2.1/../../../arm-none-eabi/lib/thumb/v7e-m+fp/hard/libc.a(lib_a-exit.o) (__call_exitprocs)
/usr/lib/gcc/arm-none-eabi/9.2.1/../../../arm-none-eabi/lib/thumb/v7e-m+fp/hard/libnosys.a(_exit.o)
                              /usr/lib/gcc/arm-none-eabi/9.2.1/../../../arm-none-eabi/lib/thumb/v7e-m+fp/hard/libc.a(lib_a-exit.o) (_exit)
/usr/lib/gcc/arm-none-eabi/9.2.1/thumb/v7e-m+fp/hard/libgcc.a(unwind-arm.o)
                              build/main.o (__aeabi_unwind_cpp_pr0)
/usr/lib/gcc/arm-none-eabi/9.2.1/thumb/v7e-m+fp/hard/libgcc.a(libunwind.o)
                              /usr/lib/gcc/arm-none-eabi/9.2.1/thumb/v7e-m+fp/hard/libgcc.a(unwind-arm.o) (restore_core_regs)
/usr/lib/gcc/arm-none-eabi/9.2.1/thumb/v7e-m+fp/hard/libgcc.a(pr-support.o)
                              /usr/lib/gcc/arm-none-eabi/9.2.1/thumb/v7e-m+fp/hard/libgcc.a(unwind-arm.o) (__gnu_unwind_execute)
/usr/lib/gcc/arm-none-eabi/9.2.1/../../../arm-none-eabi/lib/thumb/v7e-m+fp/hard/libc.a(lib_a-abort.o)
                              /usr/lib/gcc/arm-none-eabi/9.2.1/thumb/v7e-m+fp/hard/libgcc.a(unwind-arm.o) (abort)
/usr/lib/gcc/arm-none-eabi/9.2.1/../../../arm-none-eabi/lib/thumb/v7e-m+fp/hard/libc.a(lib_a-signal.o)
                              /usr/lib/gcc/arm-none-eabi/9.2.1/../../../arm-none-eabi/lib/thumb/v7e-m+fp/hard/libc.a(lib_a-abort.o) (raise)
/usr/lib/gcc/arm-none-eabi/9.2.1/../../../arm-none-eabi/lib/thumb/v7e-m+fp/hard/libc.a(lib_a-signalr.o)
                              /usr/lib/gcc/arm-none-eabi/9.2.1/../../../arm-none-eabi/lib/thumb/v7e-m+fp/hard/libc.a(lib_a-signal.o) (_kill_r)
/usr/lib/gcc/arm-none-eabi/9.2.1/../../../arm-none-eabi/lib/thumb/v7e-m+fp/hard/libc.a(lib_a-mallocr.o)
                              /usr/lib/gcc/arm-none-eabi/9.2.1/../../../arm-none-eabi/lib/thumb/v7e-m+fp/hard/libc.a(lib_a-signal.o) (_malloc_r)
/usr/lib/gcc/arm-none-eabi/9.2.1/../../../arm-none-eabi/lib/thumb/v7e-m+fp/hard/libc.a(lib_a-mlock.o)
                              /usr/lib/gcc/arm-none-eabi/9.2.1/../../../arm-none-eabi/lib/thumb/v7e-m+fp/hard/libc.a(lib_a-mallocr.o) (__malloc_lock)
/usr/lib/gcc/arm-none-eabi/9.2.1/../../../arm-none-eabi/lib/thumb/v7e-m+fp/hard/libc.a(lib_a-reent.o)
                              /usr/lib/gcc/arm-none-eabi/9.2.1/../../../arm-none-eabi/lib/thumb/v7e-m+fp/hard/libc.a(lib_a-signalr.o) (errno)
/usr/lib/gcc/arm-none-eabi/9.2.1/../../../arm-none-eabi/lib/thumb/v7e-m+fp/hard/libc.a(lib_a-sbrkr.o)
                              /usr/lib/gcc/arm-none-eabi/9.2.1/../../../arm-none-eabi/lib/thumb/v7e-m+fp/hard/libc.a(lib_a-mallocr.o) (_sbrk_r)
/usr/lib/gcc/arm-none-eabi/9.2.1/../../../arm-none-eabi/lib/thumb/v7e-m+fp/hard/libc.a(lib_a-freer.o)
                              /usr/lib/gcc/arm-none-eabi/9.2.1/../../../arm-none-eabi/lib/thumb/v7e-m+fp/hard/libc.a(lib_a-mallocr.o) (_free_r)
/usr/lib/gcc/arm-none-eabi/9.2.1/../../../arm-none-eabi/lib/thumb/v7e-m+fp/hard/libnosys.a(getpid.o)
[...]
Memory Configuration

Name             Origin             Length             Attributes
RAM              0x0000000020000000 0x0000000000020000 xrw
FLASH            0x0000000008000000 0x0000000000080000 xr
*default*        0x0000000000000000 0xffffffffffffffff

Linker script and memory map

LOAD /usr/lib/gcc/arm-none-eabi/9.2.1/thumb/v7e-m+fp/hard/crti.o
LOAD /usr/lib/gcc/arm-none-eabi/9.2.1/thumb/v7e-m+fp/hard/crtbegin.o
LOAD /usr/lib/gcc/arm-none-eabi/9.2.1/../../../arm-none-eabi/lib/thumb/v7e-m+fp/hard/crt0.o
LOAD build/main.o
LOAD build/SerialHandler.o
LOAD build/gpio.o
LOAD build/app_freertos.o
LOAD build/adc.o
LOAD build/cordic.o
LOAD build/dma.o
LOAD build/fdcan.o
LOAD build/fmac.o
LOAD build/spi.o
LOAD build/tim.o
LOAD build/usart.o
LOAD build/stm32g4xx_it.o
LOAD build/stm32g4xx_hal_msp.o
LOAD build/stm32g4xx_hal_timebase_tim.o
LOAD build/stm32g4xx_ll_utils.o
LOAD build/stm32g4xx_ll_exti.o
LOAD build/stm32g4xx_ll_gpio.o
LOAD build/stm32g4xx_hal_adc.o
LOAD build/stm32g4xx_hal_adc_ex.o
LOAD build/stm32g4xx_ll_adc.o
LOAD build/stm32g4xx_hal_gpio.o
LOAD build/stm32g4xx_hal.o
LOAD build/stm32g4xx_hal_rcc.o
LOAD build/stm32g4xx_hal_rcc_ex.o
LOAD build/stm32g4xx_hal_flash.o
LOAD build/stm32g4xx_hal_flash_ex.o
LOAD build/stm32g4xx_hal_flash_ramfunc.o
LOAD build/stm32g4xx_hal_exti.o
LOAD build/stm32g4xx_hal_dma.o
LOAD build/stm32g4xx_hal_dma_ex.o
LOAD build/stm32g4xx_hal_pwr.o
LOAD build/stm32g4xx_hal_pwr_ex.o
LOAD build/stm32g4xx_hal_cortex.o
LOAD build/stm32g4xx_ll_cordic.o
LOAD build/stm32g4xx_ll_dma.o
LOAD build/stm32g4xx_hal_fdcan.o
LOAD build/stm32g4xx_ll_fmac.o
LOAD build/stm32g4xx_hal_spi.o
LOAD build/stm32g4xx_hal_spi_ex.o
LOAD build/stm32g4xx_hal_tim.o
LOAD build/stm32g4xx_hal_tim_ex.o
LOAD build/stm32g4xx_ll_usart.o
LOAD build/stm32g4xx_ll_rcc.o
LOAD build/system_stm32g4xx.o
LOAD build/croutine.o
LOAD build/event_groups.o
LOAD build/list.o
LOAD build/queue.o
LOAD build/stream_buffer.o
LOAD build/tasks.o
LOAD build/timers.o
LOAD build/cmsis_os2.o
LOAD build/heap_4.o
LOAD build/port.o
LOAD build/startup_stm32g474xx.o
LOAD /usr/lib/gcc/arm-none-eabi/9.2.1/../../../arm-none-eabi/lib/thumb/v7e-m+fp/hard/libc.a
LOAD /usr/lib/gcc/arm-none-eabi/9.2.1/../../../arm-none-eabi/lib/thumb/v7e-m+fp/hard/libm.a
LOAD /usr/lib/gcc/arm-none-eabi/9.2.1/../../../arm-none-eabi/lib/thumb/v7e-m+fp/hard/libnosys.a
START GROUP
LOAD /usr/lib/gcc/arm-none-eabi/9.2.1/thumb/v7e-m+fp/hard/libgcc.a
LOAD /usr/lib/gcc/arm-none-eabi/9.2.1/../../../arm-none-eabi/lib/thumb/v7e-m+fp/hard/libc.a
END GROUP
START GROUP
LOAD /usr/lib/gcc/arm-none-eabi/9.2.1/thumb/v7e-m+fp/hard/libgcc.a
LOAD /usr/lib/gcc/arm-none-eabi/9.2.1/../../../arm-none-eabi/lib/thumb/v7e-m+fp/hard/libc.a
LOAD /usr/lib/gcc/arm-none-eabi/9.2.1/../../../arm-none-eabi/lib/thumb/v7e-m+fp/hard/libnosys.a
END GROUP
LOAD /usr/lib/gcc/arm-none-eabi/9.2.1/thumb/v7e-m+fp/hard/crtend.o
LOAD /usr/lib/gcc/arm-none-eabi/9.2.1/thumb/v7e-m+fp/hard/crtn.o
                0x0000000020020000                _estack = 0x20020000
                0x0000000000000200                _Min_Heap_Size = 0x200
                0x0000000000000400                _Min_Stack_Size = 0x400

.isr_vector     0x0000000008000000      0x1d8
                0x0000000008000000                . = ALIGN (0x4)
 *(.isr_vector)
 .isr_vector    0x0000000008000000      0x1d8 build/startup_stm32g474xx.o
                0x0000000008000000                g_pfnVectors
                0x00000000080001d8                . = ALIGN (0x4)

.text           0x00000000080001e0     0x6bf4
                0x00000000080001e0                . = ALIGN (0x4)
 *(.text)
 .text          0x00000000080001e0       0x88 /usr/lib/gcc/arm-none-eabi/9.2.1/thumb/v7e-m+fp/hard/crtbegin.o
 .text          0x0000000008000268        0xc /usr/lib/gcc/arm-none-eabi/9.2.1/../../../arm-none-eabi/lib/thumb/v7e-m+fp/hard/libc.a(lib_a-atexit.o)
                0x0000000008000268                atexit
 .text          0x0000000008000274       0x34 /usr/lib/gcc/arm-none-eabi/9.2.1/../../../arm-none-eabi/lib/thumb/v7e-m+fp/hard/libc.a(lib_a-fini.o)
                0x0000000008000274                __libc_fini_array
 .text          0x00000000080002a8       0x48 /usr/lib/gcc/arm-none-eabi/9.2.1/../../../arm-none-eabi/lib/thumb/v7e-m+fp/hard/libc.a(lib_a-init.o)
                0x00000000080002a8                __libc_init_array
 .text          0x00000000080002f0      0x134 /usr/lib/gcc/arm-none-eabi/9.2.1/../../../arm-none-eabi/lib/thumb/v7e-m+fp/hard/libc.a(lib_a-memcpy.o)
                0x00000000080002f0                memcpy
 .text          0x0000000008000424       0xa0 /usr/lib/gcc/arm-none-eabi/9.2.1/../../../arm-none-eabi/lib/thumb/v7e-m+fp/hard/libc.a(lib_a-memset.o)
                0x0000000008000424                memset
 .text          0x00000000080004c4       0x68 /usr/lib/gcc/arm-none-eabi/9.2.1/../../../arm-none-eabi/lib/thumb/v7e-m+fp/hard/libc.a(lib_a-__atexit.o)
                0x00000000080004c4                __register_exitproc
 .text          0x000000000800052c        0x4 /usr/lib/gcc/arm-none-eabi/9.2.1/../../../arm-none-eabi/lib/thumb/v7e-m+fp/hard/libnosys.a(_exit.o)
                0x000000000800052c                _exit
 .text          0x0000000008000530      0x9b8 /usr/lib/gcc/arm-none-eabi/9.2.1/thumb/v7e-m+fp/hard/libgcc.a(unwind-arm.o)
                0x00000000080007d8                _Unwind_GetCFA
                0x00000000080007dc                __gnu_Unwind_RaiseException
                0x000000000800083c                __gnu_Unwind_ForcedUnwind
                0x0000000008000850                __gnu_Unwind_Resume
                0x0000000008000894                __gnu_Unwind_Resume_or_Rethrow
                0x00000000080008a4                _Unwind_Complete
                0x00000000080008a8                _Unwind_DeleteException
                0x00000000080008b4                _Unwind_VRS_Get
                0x00000000080008fc                _Unwind_VRS_Set
                0x0000000008000944                __gnu_Unwind_Backtrace
                0x0000000008000c64                __aeabi_unwind_cpp_pr0
                0x0000000008000c68                __aeabi_unwind_cpp_pr1
                0x0000000008000c6c                __aeabi_unwind_cpp_pr2
                0x0000000008000c70                _Unwind_VRS_Pop
 .text          0x0000000008000ee8      0x1ac /usr/lib/gcc/arm-none-eabi/9.2.1/thumb/v7e-m+fp/hard/libgcc.a(libunwind.o)
                0x0000000008000ee8                __restore_core_regs
                0x0000000008000ee8                restore_core_regs
                0x0000000008000f00                __gnu_Unwind_Restore_VFP
                0x0000000008000f08                __gnu_Unwind_Save_VFP
                0x0000000008000f10                __gnu_Unwind_Restore_VFP_D
                0x0000000008000f18                __gnu_Unwind_Save_VFP_D
                0x0000000008000f20                __gnu_Unwind_Restore_VFP_D_16_to_31
                0x0000000008000f28                __gnu_Unwind_Save_VFP_D_16_to_31
                0x0000000008000f30                __gnu_Unwind_Restore_WMMXD
                0x0000000008000f74                __gnu_Unwind_Save_WMMXD
                0x0000000008000fb8                __gnu_Unwind_Restore_WMMXC
                0x0000000008000fcc                __gnu_Unwind_Save_WMMXC
                0x0000000008000fe0                ___Unwind_RaiseException
                0x0000000008000fe0                _Unwind_RaiseException
                0x0000000008001004                ___Unwind_Resume
                0x0000000008001004                _Unwind_Resume
                0x0000000008001028                _Unwind_Resume_or_Rethrow
                0x0000000008001028                ___Unwind_Resume_or_Rethrow
                0x000000000800104c                ___Unwind_ForcedUnwind
                0x000000000800104c                _Unwind_ForcedUnwind
                0x0000000008001070                _Unwind_Backtrace
                0x0000000008001070                ___Unwind_Backtrace
 .text          0x0000000008001094      0x340 /usr/lib/gcc/arm-none-eabi/9.2.1/thumb/v7e-m+fp/hard/libgcc.a(pr-support.o)
                0x00000000080010ec                __gnu_unwind_execute
                0x0000000008001388                __gnu_unwind_frame
                0x00000000080013b4                _Unwind_GetRegionStart
                0x00000000080013c0                _Unwind_GetLanguageSpecificData
 .text          0x00000000080013d4       0x10 /usr/lib/gcc/arm-none-eabi/9.2.1/../../../arm-none-eabi/lib/thumb/v7e-m+fp/hard/libc.a(lib_a-abort.o)
                0x00000000080013d4                abort
 .text          0x00000000080013e4      0x15c /usr/lib/gcc/arm-none-eabi/9.2.1/../../../arm-none-eabi/lib/thumb/v7e-m+fp/hard/libc.a(lib_a-signal.o)
                0x000000000800140c                _init_signal_r
                0x0000000008001418                _signal_r
                0x0000000008001450                _raise_r
                0x00000000080014a8                __sigtramp_r
                0x00000000080014fc                raise
                0x000000000800150c                signal
                0x000000000800151c                _init_signal
                0x0000000008001530                __sigtramp
 .text          0x0000000008001540       0x2c /usr/lib/gcc/arm-none-eabi/9.2.1/../../../arm-none-eabi/lib/thumb/v7e-m+fp/hard/libc.a(lib_a-signalr.o)
                0x0000000008001540                _kill_r
                0x0000000008001568                _getpid_r
 .text          0x000000000800156c      0x564 /usr/lib/gcc/arm-none-eabi/9.2.1/../../../arm-none-eabi/lib/thumb/v7e-m+fp/hard/libc.a(lib_a-mallocr.o)
                0x000000000800156c                _malloc_r
 .text          0x0000000008001ad0        0x8 /usr/lib/gcc/arm-none-eabi/9.2.1/../../../arm-none-eabi/lib/thumb/v7e-m+fp/hard/libc.a(lib_a-mlock.o)
                0x0000000008001ad0                __malloc_lock
                0x0000000008001ad4                __malloc_unlock
 .text          0x0000000008001ad8       0x24 /usr/lib/gcc/arm-none-eabi/9.2.1/../../../arm-none-eabi/lib/thumb/v7e-m+fp/hard/libc.a(lib_a-sbrkr.o)
                0x0000000008001ad8                _sbrk_r
 .text          0x0000000008001afc      0x294 /usr/lib/gcc/arm-none-eabi/9.2.1/../../../arm-none-eabi/lib/thumb/v7e-m+fp/hard/libc.a(lib_a-freer.o)
                0x0000000008001afc                _malloc_trim_r
                0x0000000008001b9c                _free_r
 .text          0x0000000008001d90       0x10 /usr/lib/gcc/arm-none-eabi/9.2.1/../../../arm-none-eabi/lib/thumb/v7e-m+fp/hard/libnosys.a(getpid.o)
                0x0000000008001d90                _getpid
 .text          0x0000000008001da0       0x10 /usr/lib/gcc/arm-none-eabi/9.2.1/../../../arm-none-eabi/lib/thumb/v7e-m+fp/hard/libnosys.a(kill.o)
                0x0000000008001da0                _kill
 .text          0x0000000008001db0       0x1c /usr/lib/gcc/arm-none-eabi/9.2.1/../../../arm-none-eabi/lib/thumb/v7e-m+fp/hard/libnosys.a(sbrk.o)
                0x0000000008001db0                _sbrk
 *(.text*)
 .text.SystemClock_Config
                0x0000000008001dcc      0x110 build/main.o
                0x0000000008001dcc                SystemClock_Config
 .text.startup.main
                0x0000000008001edc       0x54 build/main.o
                0x0000000008001edc                main
 .text.HAL_TIM_PeriodElapsedCallback
                0x0000000008001f30       0x14 build/main.o
                0x0000000008001f30                HAL_TIM_PeriodElapsedCallback
 .text.Error_Handler
                0x0000000008001f44        0x4 build/main.o
                0x0000000008001f44                Error_Handler
 .text.comms_thread_entry
                0x0000000008001f48       0x1c build/SerialHandler.o
                0x0000000008001f48                comms_thread_entry
 .text.MX_GPIO_Init
                0x0000000008001f64       0xcc build/gpio.o
                0x0000000008001f64                MX_GPIO_Init
 .text.StartDefaultTask
                0x0000000008002030       0x3c build/app_freertos.o
                0x0000000008002030                StartDefaultTask
 .text.MX_FREERTOS_Init
                0x000000000800206c       0x48 build/app_freertos.o
                0x000000000800206c                MX_FREERTOS_Init
 .text.MX_ADC1_Init
                0x00000000080020b4       0x9c build/adc.o
                0x00000000080020b4                MX_ADC1_Init
 .text.MX_ADC2_Init
                0x0000000008002150       0x84 build/adc.o
                0x0000000008002150                MX_ADC2_Init
 .text.MX_ADC3_Init
                0x00000000080021d4       0xa0 build/adc.o
                0x00000000080021d4                MX_ADC3_Init
 .text.MX_ADC4_Init
                0x0000000008002274       0x84 build/adc.o
                0x0000000008002274                MX_ADC4_Init
 .text.MX_ADC5_Init
                0x00000000080022f8       0x84 build/adc.o
                0x00000000080022f8                MX_ADC5_Init
 .text.HAL_ADC_MspInit
                0x000000000800237c      0x1e0 build/adc.o
                0x000000000800237c                HAL_ADC_MspInit
 .text.MX_CORDIC_Init
                0x000000000800255c       0x20 build/cordic.o
                0x000000000800255c                MX_CORDIC_Init
 .text.MX_DMA_Init
                0x000000000800257c       0x58 build/dma.o
                0x000000000800257c                MX_DMA_Init
 .text.MX_FDCAN3_Init
                0x00000000080025d4       0x48 build/fdcan.o
                0x00000000080025d4                MX_FDCAN3_Init
 .text.HAL_FDCAN_MspInit
                0x000000000800261c       0x68 build/fdcan.o
                0x000000000800261c                HAL_FDCAN_MspInit
 .text.MX_FMAC_Init
                0x0000000008002684       0x20 build/fmac.o
                0x0000000008002684                MX_FMAC_Init
 .text.MX_SPI1_Init
                0x00000000080026a4       0x4c build/spi.o
                0x00000000080026a4                MX_SPI1_Init
 .text.MX_SPI2_Init
                0x00000000080026f0       0x4c build/spi.o
                0x00000000080026f0                MX_SPI2_Init
 .text.HAL_SPI_MspInit
                0x000000000800273c       0xfc build/spi.o
                0x000000000800273c                HAL_SPI_MspInit
 .text.MX_TIM2_Init
                0x0000000008002838       0x68 build/tim.o
                0x0000000008002838                MX_TIM2_Init
 .text.HAL_TIM_Encoder_MspInit
                0x00000000080028a0       0x64 build/tim.o
                0x00000000080028a0                HAL_TIM_Encoder_MspInit
 .text.HAL_TIM_Base_MspInit
                0x0000000008002904       0x2c build/tim.o
                0x0000000008002904                HAL_TIM_Base_MspInit
 .text.HAL_TIM_MspPostInit
                0x0000000008002930       0x70 build/tim.o
                0x0000000008002930                HAL_TIM_MspPostInit
 .text.MX_TIM8_Init
                0x00000000080029a0      0x14c build/tim.o
                0x00000000080029a0                MX_TIM8_Init
 .text.MX_USART2_UART_Init
                0x0000000008002aec      0x180 build/usart.o
                0x0000000008002aec                MX_USART2_UART_Init
 .text.NMI_Handler
                0x0000000008002c6c        0x4 build/stm32g4xx_it.o
                0x0000000008002c6c                NMI_Handler
 .text.HardFault_Handler
                0x0000000008002c70        0x4 build/stm32g4xx_it.o
                0x0000000008002c70                HardFault_Handler
 .text.MemManage_Handler
                0x0000000008002c74        0x4 build/stm32g4xx_it.o
                0x0000000008002c74                MemManage_Handler
 .text.BusFault_Handler
                0x0000000008002c78        0x4 build/stm32g4xx_it.o
                0x0000000008002c78                BusFault_Handler
 .text.UsageFault_Handler
                0x0000000008002c7c        0x4 build/stm32g4xx_it.o
                0x0000000008002c7c                UsageFault_Handler
 .text.DebugMon_Handler
                0x0000000008002c80        0x4 build/stm32g4xx_it.o
                0x0000000008002c80                DebugMon_Handler
 .text.DMA1_Channel1_IRQHandler
                0x0000000008002c84        0x4 build/stm32g4xx_it.o
                0x0000000008002c84                DMA1_Channel1_IRQHandler
 .text.DMA1_Channel2_IRQHandler
                0x0000000008002c88        0x4 build/stm32g4xx_it.o
                0x0000000008002c88                DMA1_Channel2_IRQHandler
 .text.TIM6_DAC_IRQHandler
                0x0000000008002c8c        0xc build/stm32g4xx_it.o
                0x0000000008002c8c                TIM6_DAC_IRQHandler
 .text.HAL_MspInit
                0x0000000008002c98       0x34 build/stm32g4xx_hal_msp.o
                0x0000000008002c98                HAL_MspInit
 .text.HAL_InitTick
                0x0000000008002ccc       0x94 build/stm32g4xx_hal_timebase_tim.o
                0x0000000008002ccc                HAL_InitTick
 .text.LL_SetSystemCoreClock
                0x0000000008002d60        0xc build/stm32g4xx_ll_utils.o
                0x0000000008002d60                LL_SetSystemCoreClock
 .text.LL_GPIO_Init
                0x0000000008002d6c      0x17c build/stm32g4xx_ll_gpio.o
                0x0000000008002d6c                LL_GPIO_Init
 .text.HAL_ADC_Init
                0x0000000008002ee8      0x24c build/stm32g4xx_hal_adc.o
                0x0000000008002ee8                HAL_ADC_Init
 .text.HAL_ADC_ConfigChannel
                0x0000000008003134      0x528 build/stm32g4xx_hal_adc.o
                0x0000000008003134                HAL_ADC_ConfigChannel
 .text.HAL_ADCEx_MultiModeConfigChannel
                0x000000000800365c      0x158 build/stm32g4xx_hal_adc_ex.o
                0x000000000800365c                HAL_ADCEx_MultiModeConfigChannel
 .text.HAL_GPIO_Init
                0x00000000080037b4      0x1e8 build/stm32g4xx_hal_gpio.o
                0x00000000080037b4                HAL_GPIO_Init
 .text.HAL_Init
                0x000000000800399c       0x20 build/stm32g4xx_hal.o
                0x000000000800399c                HAL_Init
 .text.HAL_IncTick
                0x00000000080039bc       0x18 build/stm32g4xx_hal.o
                0x00000000080039bc                HAL_IncTick
 .text.HAL_GetTick
                0x00000000080039d4        0xc build/stm32g4xx_hal.o
                0x00000000080039d4                HAL_GetTick
 .text.HAL_RCC_GetPCLK1Freq
                0x00000000080039e0       0x24 build/stm32g4xx_hal_rcc.o
                0x00000000080039e0                HAL_RCC_GetPCLK1Freq
 .text.HAL_RCC_GetClockConfig
                0x0000000008003a04       0x44 build/stm32g4xx_hal_rcc.o
                0x0000000008003a04                HAL_RCC_GetClockConfig
 .text.HAL_PWREx_DisableUCPDDeadBattery
                0x0000000008003a48       0x10 build/stm32g4xx_hal_pwr_ex.o
                0x0000000008003a48                HAL_PWREx_DisableUCPDDeadBattery
 .text.HAL_NVIC_SetPriorityGrouping
                0x0000000008003a58       0x28 build/stm32g4xx_hal_cortex.o
                0x0000000008003a58                HAL_NVIC_SetPriorityGrouping
 .text.HAL_NVIC_SetPriority
                0x0000000008003a80       0x70 build/stm32g4xx_hal_cortex.o
                0x0000000008003a80                HAL_NVIC_SetPriority
 .text.HAL_NVIC_EnableIRQ
                0x0000000008003af0       0x1c build/stm32g4xx_hal_cortex.o
                0x0000000008003af0                HAL_NVIC_EnableIRQ
 .text.HAL_FDCAN_Init
                0x0000000008003b0c      0x280 build/stm32g4xx_hal_fdcan.o
                0x0000000008003b0c                HAL_FDCAN_Init
 .text.HAL_SPI_Init
                0x0000000008003d8c      0x10c build/stm32g4xx_hal_spi.o
                0x0000000008003d8c                HAL_SPI_Init
 .text.TIM_OC1_SetConfig
                0x0000000008003e98       0x84 build/stm32g4xx_hal_tim.o
 .text.TIM_OC3_SetConfig
                0x0000000008003f1c       0xa4 build/stm32g4xx_hal_tim.o
 .text.TIM_OC4_SetConfig
                0x0000000008003fc0       0xa4 build/stm32g4xx_hal_tim.o
 .text.TIM_OC5_SetConfig
                0x0000000008004064       0x74 build/stm32g4xx_hal_tim.o
 .text.TIM_OC6_SetConfig
                0x00000000080040d8       0x74 build/stm32g4xx_hal_tim.o
 .text.HAL_TIM_Base_Start_IT
                0x000000000800414c       0x84 build/stm32g4xx_hal_tim.o
                0x000000000800414c                HAL_TIM_Base_Start_IT
 .text.HAL_TIM_OC_MspInit
                0x00000000080041d0        0x4 build/stm32g4xx_hal_tim.o
                0x00000000080041d0                HAL_TIM_OC_MspInit
 .text.HAL_TIM_PWM_MspInit
                0x00000000080041d4        0x4 build/stm32g4xx_hal_tim.o
                0x00000000080041d4                HAL_TIM_PWM_MspInit
 .text.HAL_TIM_ConfigClockSource
                0x00000000080041d8      0x1a0 build/stm32g4xx_hal_tim.o
                0x00000000080041d8                HAL_TIM_ConfigClockSource
 .text.HAL_TIM_OC_DelayElapsedCallback
                0x0000000008004378        0x4 build/stm32g4xx_hal_tim.o
                0x0000000008004378                HAL_TIM_OC_DelayElapsedCallback
 .text.HAL_TIM_IC_CaptureCallback
                0x000000000800437c        0x4 build/stm32g4xx_hal_tim.o
                0x000000000800437c                HAL_TIM_IC_CaptureCallback
 .text.HAL_TIM_PWM_PulseFinishedCallback
                0x0000000008004380        0x4 build/stm32g4xx_hal_tim.o
                0x0000000008004380                HAL_TIM_PWM_PulseFinishedCallback
 .text.HAL_TIM_TriggerCallback
                0x0000000008004384        0x4 build/stm32g4xx_hal_tim.o
                0x0000000008004384                HAL_TIM_TriggerCallback
 .text.HAL_TIM_IRQHandler
                0x0000000008004388      0x1f4 build/stm32g4xx_hal_tim.o
                0x0000000008004388                HAL_TIM_IRQHandler
 .text.TIM_Base_SetConfig
                0x000000000800457c       0xd0 build/stm32g4xx_hal_tim.o
                0x000000000800457c                TIM_Base_SetConfig
 .text.HAL_TIM_Base_Init
                0x000000000800464c       0x64 build/stm32g4xx_hal_tim.o
                0x000000000800464c                HAL_TIM_Base_Init
 .text.HAL_TIM_OC_Init
                0x00000000080046b0       0x64 build/stm32g4xx_hal_tim.o
                0x00000000080046b0                HAL_TIM_OC_Init
 .text.HAL_TIM_PWM_Init
                0x0000000008004714       0x64 build/stm32g4xx_hal_tim.o
                0x0000000008004714                HAL_TIM_PWM_Init
 .text.HAL_TIM_Encoder_Init
                0x0000000008004778       0xbc build/stm32g4xx_hal_tim.o
                0x0000000008004778                HAL_TIM_Encoder_Init
 .text.TIM_OC2_SetConfig
                0x0000000008004834       0xa4 build/stm32g4xx_hal_tim.o
                0x0000000008004834                TIM_OC2_SetConfig
 .text.HAL_TIM_OC_ConfigChannel
                0x00000000080048d8       0x88 build/stm32g4xx_hal_tim.o
                0x00000000080048d8                HAL_TIM_OC_ConfigChannel
 .text.HAL_TIM_PWM_ConfigChannel
                0x0000000008004960      0x130 build/stm32g4xx_hal_tim.o
                0x0000000008004960                HAL_TIM_PWM_ConfigChannel
 .text.HAL_TIMEx_MasterConfigSynchronization
                0x0000000008004a90       0xc8 build/stm32g4xx_hal_tim_ex.o
                0x0000000008004a90                HAL_TIMEx_MasterConfigSynchronization
 .text.HAL_TIMEx_ConfigBreakDeadTime
                0x0000000008004b58       0xa0 build/stm32g4xx_hal_tim_ex.o
                0x0000000008004b58                HAL_TIMEx_ConfigBreakDeadTime
 .text.HAL_TIMEx_CommutCallback
                0x0000000008004bf8        0x4 build/stm32g4xx_hal_tim_ex.o
                0x0000000008004bf8                HAL_TIMEx_CommutCallback
 .text.HAL_TIMEx_BreakCallback
                0x0000000008004bfc        0x4 build/stm32g4xx_hal_tim_ex.o
                0x0000000008004bfc                HAL_TIMEx_BreakCallback
 .text.HAL_TIMEx_Break2Callback
                0x0000000008004c00        0x4 build/stm32g4xx_hal_tim_ex.o
                0x0000000008004c00                HAL_TIMEx_Break2Callback
 .text.HAL_TIMEx_EncoderIndexCallback
                0x0000000008004c04        0x4 build/stm32g4xx_hal_tim_ex.o
                0x0000000008004c04                HAL_TIMEx_EncoderIndexCallback
 .text.HAL_TIMEx_DirectionChangeCallback
                0x0000000008004c08        0x4 build/stm32g4xx_hal_tim_ex.o
                0x0000000008004c08                HAL_TIMEx_DirectionChangeCallback
 .text.HAL_TIMEx_IndexErrorCallback
                0x0000000008004c0c        0x4 build/stm32g4xx_hal_tim_ex.o
                0x0000000008004c0c                HAL_TIMEx_IndexErrorCallback
 .text.HAL_TIMEx_TransitionErrorCallback
                0x0000000008004c10        0x4 build/stm32g4xx_hal_tim_ex.o
                0x0000000008004c10                HAL_TIMEx_TransitionErrorCallback
 .text.LL_USART_Init
                0x0000000008004c14      0x114 build/stm32g4xx_ll_usart.o
                0x0000000008004c14                LL_USART_Init
 .text.RCC_PLL_GetFreqDomain_SYS
                0x0000000008004d28       0x48 build/stm32g4xx_ll_rcc.o
                0x0000000008004d28                RCC_PLL_GetFreqDomain_SYS
 .text.RCC_GetSystemClockFreq
                0x0000000008004d70       0x28 build/stm32g4xx_ll_rcc.o
                0x0000000008004d70                RCC_GetSystemClockFreq
 .text.LL_RCC_GetUSARTClockFreq
                0x0000000008004d98       0xf0 build/stm32g4xx_ll_rcc.o
                0x0000000008004d98                LL_RCC_GetUSARTClockFreq
 .text.LL_RCC_GetUARTClockFreq
                0x0000000008004e88       0xb8 build/stm32g4xx_ll_rcc.o
                0x0000000008004e88                LL_RCC_GetUARTClockFreq
 .text.SystemInit
                0x0000000008004f40       0x1c build/system_stm32g4xx.o
                0x0000000008004f40                SystemInit
 .text.vListInitialise
                0x0000000008004f5c       0x18 build/list.o
                0x0000000008004f5c                vListInitialise
 .text.vListInitialiseItem
                0x0000000008004f74        0x8 build/list.o
                0x0000000008004f74                vListInitialiseItem
 .text.vListInsertEnd
                0x0000000008004f7c       0x20 build/list.o
                0x0000000008004f7c                vListInsertEnd
 .text.vListInsert
                0x0000000008004f9c       0x30 build/list.o
                0x0000000008004f9c                vListInsert
 .text.uxListRemove
                0x0000000008004fcc       0x28 build/list.o
                0x0000000008004fcc                uxListRemove
 .text.prvCopyDataToQueue
                0x0000000008004ff4       0x7c build/queue.o
 .text.prvCopyDataFromQueue
                0x0000000008005070       0x24 build/queue.o
 .text.prvUnlockQueue
                0x0000000008005094       0x90 build/queue.o
 .text.xQueueGenericReset
                0x0000000008005124       0x8c build/queue.o
                0x0000000008005124                xQueueGenericReset
 .text.xQueueGenericCreate.part.0
                0x00000000080051b0       0x50 build/queue.o
 .text.xQueueGenericCreateStatic
                0x0000000008005200       0xb0 build/queue.o
                0x0000000008005200                xQueueGenericCreateStatic
 .text.xQueueGenericCreate
                0x00000000080052b0       0x18 build/queue.o
                0x00000000080052b0                xQueueGenericCreate
 .text.xQueueGenericSend
                0x00000000080052c8      0x180 build/queue.o
                0x00000000080052c8                xQueueGenericSend
 .text.xQueueGenericSendFromISR
                0x0000000008005448       0xcc build/queue.o
                0x0000000008005448                xQueueGenericSendFromISR
 .text.xQueueReceive
                0x0000000008005514      0x168 build/queue.o
                0x0000000008005514                xQueueReceive
 .text.vQueueAddToRegistry
                0x000000000800567c       0x28 build/queue.o
                0x000000000800567c                vQueueAddToRegistry
 .text.vQueueWaitForMessageRestricted
                0x00000000080056a4       0x50 build/queue.o
                0x00000000080056a4                vQueueWaitForMessageRestricted
 .text.prvAddNewTaskToReadyList
                0x00000000080056f4      0x114 build/tasks.o
 .text.prvResetNextTaskUnblockTime.part.0
                0x0000000008005808       0x18 build/tasks.o
 .text.prvInitialiseNewTask.isra.0
                0x0000000008005820       0x98 build/tasks.o
 .text.prvDeleteTCB
                0x00000000080058b8       0x3c build/tasks.o
 .text.prvIdleTask
                0x00000000080058f4       0x6c build/tasks.o
 .text.prvAddCurrentTaskToDelayedList
                0x0000000008005960       0x74 build/tasks.o
 .text.xTaskCreateStatic
                0x00000000080059d4       0x70 build/tasks.o
                0x00000000080059d4                xTaskCreateStatic
 .text.xTaskCreate
                0x0000000008005a44       0x68 build/tasks.o
                0x0000000008005a44                xTaskCreate
 .text.vTaskDelete
                0x0000000008005aac       0xd0 build/tasks.o
                0x0000000008005aac                vTaskDelete
 .text.vTaskStartScheduler
                0x0000000008005b7c       0x88 build/tasks.o
                0x0000000008005b7c                vTaskStartScheduler
 .text.vTaskSuspendAll
                0x0000000008005c04       0x10 build/tasks.o
                0x0000000008005c04                vTaskSuspendAll
 .text.xTaskGetTickCount
                0x0000000008005c14        0xc build/tasks.o
                0x0000000008005c14                xTaskGetTickCount
 .text.xTaskIncrementTick
                0x0000000008005c20      0x15c build/tasks.o
                0x0000000008005c20                xTaskIncrementTick
 .text.xTaskResumeAll
                0x0000000008005d7c      0x114 build/tasks.o
                0x0000000008005d7c                xTaskResumeAll
 .text.vTaskSwitchContext
                0x0000000008005e90       0x88 build/tasks.o
                0x0000000008005e90                vTaskSwitchContext
 .text.vTaskPlaceOnEventList
                0x0000000008005f18       0x34 build/tasks.o
                0x0000000008005f18                vTaskPlaceOnEventList
 .text.vTaskPlaceOnEventListRestricted
                0x0000000008005f4c       0x40 build/tasks.o
                0x0000000008005f4c                vTaskPlaceOnEventListRestricted
 .text.xTaskRemoveFromEventList
                0x0000000008005f8c       0x90 build/tasks.o
                0x0000000008005f8c                xTaskRemoveFromEventList
 .text.vTaskInternalSetTimeOutState
                0x000000000800601c       0x18 build/tasks.o
                0x000000000800601c                vTaskInternalSetTimeOutState
 .text.xTaskCheckForTimeOut
                0x0000000008006034       0x90 build/tasks.o
                0x0000000008006034                xTaskCheckForTimeOut
 .text.vTaskMissedYield
                0x00000000080060c4        0xc build/tasks.o
                0x00000000080060c4                vTaskMissedYield
 .text.xTaskGetSchedulerState
                0x00000000080060d0       0x20 build/tasks.o
                0x00000000080060d0                xTaskGetSchedulerState
 .text.xTaskPriorityDisinherit
                0x00000000080060f0       0x8c build/tasks.o
                0x00000000080060f0                xTaskPriorityDisinherit
 .text.prvCheckForValidListAndQueue
                0x000000000800617c       0x6c build/timers.o
 .text.prvInsertTimerInActiveList
                0x00000000080061e8       0x44 build/timers.o
 .text.xTimerCreateTimerTask
                0x000000000800622c       0x64 build/timers.o
                0x000000000800622c                xTimerCreateTimerTask
 .text.xTimerGenericCommand
                0x0000000008006290       0x64 build/timers.o
                0x0000000008006290                xTimerGenericCommand
 .text.prvSwitchTimerLists
                0x00000000080062f4       0x88 build/timers.o
 .text.prvTimerTask
                0x000000000800637c      0x214 build/timers.o
 .text.osKernelInitialize
                0x0000000008006590       0x38 build/cmsis_os2.o
                0x0000000008006590                osKernelInitialize
 .text.osKernelStart
                0x00000000080065c8       0x44 build/cmsis_os2.o
                0x00000000080065c8                osKernelStart
 .text.osThreadNew
                0x000000000800660c       0xb8 build/cmsis_os2.o
                0x000000000800660c                osThreadNew
 .text.osThreadExit
                0x00000000080066c4        0xc build/cmsis_os2.o
                0x00000000080066c4                osThreadExit
 .text.osMessageQueueNew
                0x00000000080066d0       0x98 build/cmsis_os2.o
                0x00000000080066d0                osMessageQueueNew
 .text.osMessageQueueReset
                0x0000000008006768       0x44 build/cmsis_os2.o
                0x0000000008006768                osMessageQueueReset
 .text.vApplicationGetIdleTaskMemory
                0x00000000080067ac       0x1c build/cmsis_os2.o
                0x00000000080067ac                vApplicationGetIdleTaskMemory
 .text.vApplicationGetTimerTaskMemory
                0x00000000080067c8       0x20 build/cmsis_os2.o
                0x00000000080067c8                vApplicationGetTimerTaskMemory
 .text.prvInsertBlockIntoFreeList
                0x00000000080067e8       0x60 build/heap_4.o
 .text.pvPortMalloc
                0x0000000008006848      0x120 build/heap_4.o
                0x0000000008006848                pvPortMalloc
 .text.vPortFree
                0x0000000008006968       0x70 build/heap_4.o
                0x0000000008006968                vPortFree
 .text.prvPortStartFirstTask
                0x00000000080069d8       0x28 build/port.o
 .text.vPortEnableVFP
                0x0000000008006a00       0x14 build/port.o
 .text.prvTaskExitError
                0x0000000008006a14       0x40 build/port.o
 .text.pxPortInitialiseStack
                0x0000000008006a54       0x30 build/port.o
                0x0000000008006a54                pxPortInitialiseStack
 *fill*         0x0000000008006a84        0xc 
 .text.SVC_Handler
                0x0000000008006a90       0x24 build/port.o
                0x0000000008006a90                SVC_Handler
 .text.vPortEnterCritical
                0x0000000008006ab4       0x44 build/port.o
                0x0000000008006ab4                vPortEnterCritical
 .text.vPortExitCritical
                0x0000000008006af8       0x28 build/port.o
                0x0000000008006af8                vPortExitCritical
 .text.PendSV_Handler
                0x0000000008006b20       0x64 build/port.o
                0x0000000008006b20                PendSV_Handler
 .text.SysTick_Handler
                0x0000000008006b84       0x2c build/port.o
                0x0000000008006b84                SysTick_Handler
 .text.vPortSetupTimerInterrupt
                0x0000000008006bb0       0x3c build/port.o
                0x0000000008006bb0                vPortSetupTimerInterrupt
 .text.xPortStartScheduler
                0x0000000008006bec      0x10c build/port.o
                0x0000000008006bec                xPortStartScheduler
 .text.vPortValidateInterruptPriority
                0x0000000008006cf8       0x5c build/port.o
                0x0000000008006cf8                vPortValidateInterruptPriority
 .text.Reset_Handler
                0x0000000008006d54       0x50 build/startup_stm32g474xx.o
                0x0000000008006d54                Reset_Handler
 .text.Default_Handler
                0x0000000008006da4        0x2 build/startup_stm32g474xx.o
                0x0000000008006da4                RTC_Alarm_IRQHandler
                0x0000000008006da4                EXTI2_IRQHandler
                0x0000000008006da4                TIM8_TRG_COM_IRQHandler
                0x0000000008006da4                TIM8_CC_IRQHandler
                0x0000000008006da4                HRTIM1_Master_IRQHandler
                0x0000000008006da4                SPI4_IRQHandler
                0x0000000008006da4                FDCAN3_IT0_IRQHandler
                0x0000000008006da4                TIM1_CC_IRQHandler
                0x0000000008006da4                HRTIM1_FLT_IRQHandler
                0x0000000008006da4                HRTIM1_TIMF_IRQHandler
                0x0000000008006da4                USB_HP_IRQHandler
                0x0000000008006da4                CORDIC_IRQHandler
                0x0000000008006da4                HRTIM1_TIMD_IRQHandler
                0x0000000008006da4                DMA2_Channel8_IRQHandler
                0x0000000008006da4                EXTI3_IRQHandler
                0x0000000008006da4                I2C3_ER_IRQHandler
                0x0000000008006da4                EXTI0_IRQHandler
                0x0000000008006da4                I2C2_EV_IRQHandler
                0x0000000008006da4                FPU_IRQHandler
                0x0000000008006da4                FDCAN1_IT1_IRQHandler
                0x0000000008006da4                TIM1_UP_TIM16_IRQHandler
                0x0000000008006da4                ADC1_2_IRQHandler
                0x0000000008006da4                HRTIM1_TIME_IRQHandler
                0x0000000008006da4                SPI1_IRQHandler
                0x0000000008006da4                HRTIM1_TIMC_IRQHandler
                0x0000000008006da4                TIM8_UP_IRQHandler
                0x0000000008006da4                DMA2_Channel2_IRQHandler
                0x0000000008006da4                DMA1_Channel4_IRQHandler
                0x0000000008006da4                TIM20_TRG_COM_IRQHandler
                0x0000000008006da4                USART3_IRQHandler
                0x0000000008006da4                DMA1_Channel7_IRQHandler
                0x0000000008006da4                UART5_IRQHandler
                0x0000000008006da4                ADC3_IRQHandler
                0x0000000008006da4                TIM4_IRQHandler
                0x0000000008006da4                DMA2_Channel1_IRQHandler
                0x0000000008006da4                QUADSPI_IRQHandler
                0x0000000008006da4                I2C1_EV_IRQHandler
                0x0000000008006da4                DMA1_Channel6_IRQHandler
                0x0000000008006da4                UART4_IRQHandler
                0x0000000008006da4                DMA2_Channel4_IRQHandler
                0x0000000008006da4                TIM3_IRQHandler
                0x0000000008006da4                RCC_IRQHandler
                0x0000000008006da4                TIM20_UP_IRQHandler
                0x0000000008006da4                Default_Handler
                0x0000000008006da4                DMA2_Channel7_IRQHandler
                0x0000000008006da4                RTC_TAMP_LSECSS_IRQHandler
                0x0000000008006da4                FMAC_IRQHandler
                0x0000000008006da4                EXTI15_10_IRQHandler
                0x0000000008006da4                DMA1_Channel8_IRQHandler
                0x0000000008006da4                HRTIM1_TIMA_IRQHandler
                0x0000000008006da4                TIM7_DAC_IRQHandler
                0x0000000008006da4                FDCAN3_IT1_IRQHandler
                0x0000000008006da4                TIM5_IRQHandler
                0x0000000008006da4                UCPD1_IRQHandler
                0x0000000008006da4                I2C3_EV_IRQHandler
                0x0000000008006da4                EXTI9_5_IRQHandler
                0x0000000008006da4                RTC_WKUP_IRQHandler
                0x0000000008006da4                PVD_PVM_IRQHandler
                0x0000000008006da4                SPI2_IRQHandler
                0x0000000008006da4                ADC5_IRQHandler
                0x0000000008006da4                DMA2_Channel5_IRQHandler
                0x0000000008006da4                CRS_IRQHandler
                0x0000000008006da4                DMA1_Channel5_IRQHandler
                0x0000000008006da4                USB_LP_IRQHandler
                0x0000000008006da4                EXTI4_IRQHandler
                0x0000000008006da4                RNG_IRQHandler
                0x0000000008006da4                HRTIM1_TIMB_IRQHandler
                0x0000000008006da4                TIM1_TRG_COM_TIM17_IRQHandler
                0x0000000008006da4                FDCAN2_IT1_IRQHandler
                0x0000000008006da4                DMA1_Channel3_IRQHandler
                0x0000000008006da4                ADC4_IRQHandler
                0x0000000008006da4                WWDG_IRQHandler
                0x0000000008006da4                I2C4_EV_IRQHandler
                0x0000000008006da4                FDCAN2_IT0_IRQHandler
                0x0000000008006da4                LPUART1_IRQHandler
                0x0000000008006da4                DMA2_Channel6_IRQHandler
                0x0000000008006da4                FDCAN1_IT0_IRQHandler
                0x0000000008006da4                TIM2_IRQHandler
                0x0000000008006da4                COMP7_IRQHandler
                0x0000000008006da4                COMP1_2_3_IRQHandler
                0x0000000008006da4                EXTI1_IRQHandler
                0x0000000008006da4                USART2_IRQHandler
                0x0000000008006da4                COMP4_5_6_IRQHandler
                0x0000000008006da4                TIM20_BRK_IRQHandler
                0x0000000008006da4                I2C2_ER_IRQHandler
                0x0000000008006da4                TIM8_BRK_IRQHandler
                0x0000000008006da4                FLASH_IRQHandler
                0x0000000008006da4                TIM20_CC_IRQHandler
                0x0000000008006da4                USART1_IRQHandler
                0x0000000008006da4                SPI3_IRQHandler
                0x0000000008006da4                I2C1_ER_IRQHandler
                0x0000000008006da4                FMC_IRQHandler
                0x0000000008006da4                LPTIM1_IRQHandler
                0x0000000008006da4                DMAMUX_OVR_IRQHandler
                0x0000000008006da4                I2C4_ER_IRQHandler
                0x0000000008006da4                USBWakeUp_IRQHandler
                0x0000000008006da4                SAI1_IRQHandler
                0x0000000008006da4                DMA2_Channel3_IRQHandler
                0x0000000008006da4                TIM1_BRK_TIM15_IRQHandler
 *fill*         0x0000000008006da6        0x2 
 .text.startup  0x0000000008006da8       0x14 /usr/lib/gcc/arm-none-eabi/9.2.1/../../../arm-none-eabi/lib/thumb/v7e-m+fp/hard/libc.a(lib_a-__call_atexit.o)
 *(.glue_7)
 .glue_7        0x0000000008006dbc        0x0 linker stubs
 *(.glue_7t)
 .glue_7t       0x0000000008006dbc        0x0 linker stubs
 *(.eh_frame)
 .eh_frame      0x0000000008006dbc        0x0 /usr/lib/gcc/arm-none-eabi/9.2.1/thumb/v7e-m+fp/hard/crtbegin.o
 *(.init)
 .init          0x0000000008006dbc        0x4 /usr/lib/gcc/arm-none-eabi/9.2.1/thumb/v7e-m+fp/hard/crti.o
                0x0000000008006dbc                _init
 .init          0x0000000008006dc0        0x8 /usr/lib/gcc/arm-none-eabi/9.2.1/thumb/v7e-m+fp/hard/crtn.o
 *(.fini)
 .fini          0x0000000008006dc8        0x4 /usr/lib/gcc/arm-none-eabi/9.2.1/thumb/v7e-m+fp/hard/crti.o
                0x0000000008006dc8                _fini
 .fini          0x0000000008006dcc        0x8 /usr/lib/gcc/arm-none-eabi/9.2.1/thumb/v7e-m+fp/hard/crtn.o
                0x0000000008006dd4                . = ALIGN (0x4)
                0x0000000008006dd4                _etext = .

.vfp11_veneer   0x0000000008006dd4        0x0
 .vfp11_veneer  0x0000000008006dd4        0x0 linker stubs

.v4_bx          0x0000000008006dd4        0x0
 .v4_bx         0x0000000008006dd4        0x0 linker stubs

.iplt           0x0000000008006dd4        0x0
 .iplt          0x0000000008006dd4        0x0 /usr/lib/gcc/arm-none-eabi/9.2.1/thumb/v7e-m+fp/hard/crtbegin.o

.rodata         0x0000000008006dd4       0xa0
                0x0000000008006dd4                . = ALIGN (0x4)
 *(.rodata)
 .rodata        0x0000000008006dd4        0x4 /usr/lib/gcc/arm-none-eabi/9.2.1/../../../arm-none-eabi/lib/thumb/v7e-m+fp/hard/libc.a(lib_a-impure.o)
                0x0000000008006dd4                _global_impure_ptr
 *(.rodata*)
 .rodata.StartDefaultTask.str1.4
                0x0000000008006dd8        0xb build/app_freertos.o
 *fill*         0x0000000008006de3        0x1 
 .rodata.str1.4
                0x0000000008006de4        0xc build/app_freertos.o
 .rodata.defaultTask_attributes
                0x0000000008006df0       0x24 build/app_freertos.o
                0x0000000008006df0                defaultTask_attributes
 .rodata.USART_PRESCALER_TAB
                0x0000000008006e14       0x30 build/stm32g4xx_ll_usart.o
 .rodata.AHBPrescTable
                0x0000000008006e44       0x10 build/system_stm32g4xx.o
                0x0000000008006e44                AHBPrescTable
 .rodata.APBPrescTable
                0x0000000008006e54        0x8 build/system_stm32g4xx.o
                0x0000000008006e54                APBPrescTable
 .rodata.vTaskStartScheduler.str1.4
                0x0000000008006e5c        0x5 build/tasks.o
 *fill*         0x0000000008006e61        0x3 
 .rodata.prvCheckForValidListAndQueue.str1.4
                0x0000000008006e64        0x5 build/timers.o
 *fill*         0x0000000008006e69        0x3 
 .rodata.xTimerCreateTimerTask.str1.4
                0x0000000008006e6c        0x8 build/timers.o
                0x0000000008006e74                . = ALIGN (0x4)

.ARM.extab      0x0000000008006e74       0x30
 *(.ARM.extab* .gnu.linkonce.armextab.*)
 .ARM.extab.text.startup.main
                0x0000000008006e74        0xc build/main.o
 .ARM.extab.text.comms_thread_entry
                0x0000000008006e80        0xc build/SerialHandler.o
 .ARM.extab     0x0000000008006e8c       0x18 /usr/lib/gcc/arm-none-eabi/9.2.1/thumb/v7e-m+fp/hard/libgcc.a(pr-support.o)

.ARM            0x0000000008006ea4       0xe0
                0x0000000008006ea4                __exidx_start = .
 *(.ARM.exidx*)
 .ARM.exidx.text.SystemClock_Config
                0x0000000008006f5c        0x8 build/main.o
 .ARM.exidx.text.startup.main
                0x0000000008006f64        0x8 build/main.o
 .ARM.exidx.text.HAL_TIM_PeriodElapsedCallback
                0x0000000008006f6c        0x8 build/main.o
 .ARM.exidx.text.Error_Handler
                0x0000000008006f74        0x0 build/main.o
                                          0x8 (size before relaxing)
 .ARM.exidx.text.comms_thread_entry
                0x0000000008006f74       0x10 build/SerialHandler.o
                                          0x8 (size before relaxing)
 .ARM.exidx     0x0000000008006ea4       0x80 /usr/lib/gcc/arm-none-eabi/9.2.1/thumb/v7e-m+fp/hard/libgcc.a(unwind-arm.o)
                                         0xd8 (size before relaxing)
 .ARM.exidx     0x0000000008006f24       0x38 /usr/lib/gcc/arm-none-eabi/9.2.1/thumb/v7e-m+fp/hard/libgcc.a(pr-support.o)
                0x0000000008006f84                __exidx_end = .

.rel.dyn        0x0000000008006f84        0x0
 .rel.iplt      0x0000000008006f84        0x0 /usr/lib/gcc/arm-none-eabi/9.2.1/thumb/v7e-m+fp/hard/crtbegin.o

.preinit_array  0x0000000008006f84        0x0
                0x0000000008006f84                PROVIDE (__preinit_array_start = .)
 *(.preinit_array*)
                0x0000000008006f84                PROVIDE (__preinit_array_end = .)

.init_array     0x0000000008006f84        0x8
                0x0000000008006f84                PROVIDE (__init_array_start = .)
 *(SORT_BY_NAME(.init_array.*))
 .init_array.00000
                0x0000000008006f84        0x4 /usr/lib/gcc/arm-none-eabi/9.2.1/../../../arm-none-eabi/lib/thumb/v7e-m+fp/hard/libc.a(lib_a-__call_atexit.o)
 *(.init_array*)
 .init_array    0x0000000008006f88        0x4 /usr/lib/gcc/arm-none-eabi/9.2.1/thumb/v7e-m+fp/hard/crtbegin.o
                0x0000000008006f8c                PROVIDE (__init_array_end = .)

.fini_array     0x0000000008006f8c        0x4
                0x0000000008006f8c                PROVIDE (__fini_array_start = .)
 *(SORT_BY_NAME(.fini_array.*))
 *(.fini_array*)
 .fini_array    0x0000000008006f8c        0x4 /usr/lib/gcc/arm-none-eabi/9.2.1/thumb/v7e-m+fp/hard/crtbegin.o
                0x0000000008006f90                PROVIDE (__fini_array_end = .)
                0x0000000008006f90                _sidata = LOADADDR (.data)

.data           0x0000000020000000      0x850 load address 0x0000000008006f90
                0x0000000020000000                . = ALIGN (0x4)
                0x0000000020000000                _sdata = .
 *(.data)
 .data          0x0000000020000000      0x430 /usr/lib/gcc/arm-none-eabi/9.2.1/../../../arm-none-eabi/lib/thumb/v7e-m+fp/hard/libc.a(lib_a-impure.o)
                0x0000000020000000                _impure_ptr
 .data          0x0000000020000430      0x410 /usr/lib/gcc/arm-none-eabi/9.2.1/../../../arm-none-eabi/lib/thumb/v7e-m+fp/hard/libc.a(lib_a-mallocr.o)
                0x0000000020000430                __malloc_av_
                0x0000000020000838                __malloc_sbrk_base
                0x000000002000083c                __malloc_trim_threshold
 *(.data*)
 .data.uwTickFreq
                0x0000000020000840        0x4 build/stm32g4xx_hal.o
                0x0000000020000840                uwTickFreq
 .data.uwTickPrio
                0x0000000020000844        0x4 build/stm32g4xx_hal.o
                0x0000000020000844                uwTickPrio
 .data.SystemCoreClock
                0x0000000020000848        0x4 build/system_stm32g4xx.o
                0x0000000020000848                SystemCoreClock
 .data.uxCriticalNesting
                0x000000002000084c        0x4 build/port.o
                0x0000000020000850                . = ALIGN (0x4)
                0x0000000020000850                _edata = .

.tm_clone_table
                0x0000000020000850        0x0 load address 0x00000000080077e0
 .tm_clone_table
                0x0000000020000850        0x0 /usr/lib/gcc/arm-none-eabi/9.2.1/thumb/v7e-m+fp/hard/crtbegin.o
 .tm_clone_table
                0x0000000020000850        0x0 /usr/lib/gcc/arm-none-eabi/9.2.1/thumb/v7e-m+fp/hard/crtend.o

.igot.plt       0x0000000020000850        0x0 load address 0x00000000080077e0
 .igot.plt      0x0000000020000850        0x0 /usr/lib/gcc/arm-none-eabi/9.2.1/thumb/v7e-m+fp/hard/crtbegin.o
                0x0000000020000850                . = ALIGN (0x4)

.bss            0x0000000020000850     0x1de4 load address 0x00000000080077e0
                0x0000000020000850                _sbss = .
                0x0000000020000850                __bss_start__ = _sbss
 *(.bss)
 .bss           0x0000000020000850       0x1c /usr/lib/gcc/arm-none-eabi/9.2.1/thumb/v7e-m+fp/hard/crtbegin.o
 .bss           0x000000002000086c       0x34 /usr/lib/gcc/arm-none-eabi/9.2.1/../../../arm-none-eabi/lib/thumb/v7e-m+fp/hard/libc.a(lib_a-mallocr.o)
                0x000000002000086c                __malloc_top_pad
                0x0000000020000870                __malloc_current_mallinfo
                0x0000000020000898                __malloc_max_sbrked_mem
                0x000000002000089c                __malloc_max_total_mem
 .bss           0x00000000200008a0        0x4 /usr/lib/gcc/arm-none-eabi/9.2.1/../../../arm-none-eabi/lib/thumb/v7e-m+fp/hard/libnosys.a(sbrk.o)
 *(.bss*)
 .bss.comms_task_id
                0x00000000200008a4        0x4 build/SerialHandler.o
                0x00000000200008a4                comms_task_id
 .bss.uart_rx_dma_queue_id
                0x00000000200008a8        0x4 build/SerialHandler.o
                0x00000000200008a8                uart_rx_dma_queue_id
 .bss.uart_tx_dma_queue_id
                0x00000000200008ac        0x4 build/SerialHandler.o
                0x00000000200008ac                uart_tx_dma_queue_id
 .bss.HAL_RCC_ADC12_CLK_ENABLED
                0x00000000200008b0        0x4 build/adc.o
 .bss.HAL_RCC_ADC345_CLK_ENABLED
                0x00000000200008b4        0x4 build/adc.o
 .bss.pxCurrentTCB
                0x00000000200008b8        0x4 build/tasks.o
                0x00000000200008b8                pxCurrentTCB
 .bss.pxDelayedTaskList
                0x00000000200008bc        0x4 build/tasks.o
 .bss.pxOverflowDelayedTaskList
                0x00000000200008c0        0x4 build/tasks.o
 .bss.pxReadyTasksLists
                0x00000000200008c4      0x460 build/tasks.o
 .bss.uxCurrentNumberOfTasks
                0x0000000020000d24        0x4 build/tasks.o
 .bss.uxDeletedTasksWaitingCleanUp
                0x0000000020000d28        0x4 build/tasks.o
 .bss.uxPendedTicks
                0x0000000020000d2c        0x4 build/tasks.o
 .bss.uxSchedulerSuspended
                0x0000000020000d30        0x4 build/tasks.o
 .bss.uxTaskNumber
                0x0000000020000d34        0x4 build/tasks.o
 .bss.uxTopReadyPriority
                0x0000000020000d38        0x4 build/tasks.o
 .bss.xDelayedTaskList1
                0x0000000020000d3c       0x14 build/tasks.o
 .bss.xDelayedTaskList2
                0x0000000020000d50       0x14 build/tasks.o
 .bss.xNextTaskUnblockTime
                0x0000000020000d64        0x4 build/tasks.o
 .bss.xNumOfOverflows
                0x0000000020000d68        0x4 build/tasks.o
 .bss.xPendingReadyList
                0x0000000020000d6c       0x14 build/tasks.o
 .bss.xSchedulerRunning
                0x0000000020000d80        0x4 build/tasks.o
 .bss.xSuspendedTaskList
                0x0000000020000d84       0x14 build/tasks.o
 .bss.xTasksWaitingTermination
                0x0000000020000d98       0x14 build/tasks.o
 .bss.xTickCount
                0x0000000020000dac        0x4 build/tasks.o
 .bss.xYieldPending
                0x0000000020000db0        0x4 build/tasks.o
 .bss.pxCurrentTimerList
                0x0000000020000db4        0x4 build/timers.o
 .bss.pxOverflowTimerList
                0x0000000020000db8        0x4 build/timers.o
 .bss.ucStaticTimerQueueStorage.6914
                0x0000000020000dbc       0xa0 build/timers.o
 .bss.xActiveTimerList1
                0x0000000020000e5c       0x14 build/timers.o
 .bss.xActiveTimerList2
                0x0000000020000e70       0x14 build/timers.o
 .bss.xLastTime.6863
                0x0000000020000e84        0x4 build/timers.o
 .bss.xStaticTimerQueue.6913
                0x0000000020000e88       0x50 build/timers.o
 .bss.xTimerQueue
                0x0000000020000ed8        0x4 build/timers.o
 .bss.xTimerTaskHandle
                0x0000000020000edc        0x4 build/timers.o
 .bss.Idle_Stack
                0x0000000020000ee0      0x200 build/cmsis_os2.o
 .bss.Idle_TCB  0x00000000200010e0       0x5c build/cmsis_os2.o
 .bss.KernelState
                0x000000002000113c        0x4 build/cmsis_os2.o
 .bss.Timer_Stack
                0x0000000020001140      0x400 build/cmsis_os2.o
 .bss.Timer_TCB
                0x0000000020001540       0x5c build/cmsis_os2.o
 .bss.pxEnd     0x000000002000159c        0x4 build/heap_4.o
 .bss.ucHeap    0x00000000200015a0      0xc00 build/heap_4.o
 .bss.xBlockAllocatedBit
                0x00000000200021a0        0x4 build/heap_4.o
 .bss.xFreeBytesRemaining
                0x00000000200021a4        0x4 build/heap_4.o
 .bss.xMinimumEverFreeBytesRemaining
                0x00000000200021a8        0x4 build/heap_4.o
 .bss.xStart    0x00000000200021ac        0x8 build/heap_4.o
 .bss.ucMaxSysCallPriority
                0x00000000200021b4        0x1 build/port.o
 *fill*         0x00000000200021b5        0x3 
 .bss.ulMaxPRIGROUPValue
                0x00000000200021b8        0x4 build/port.o
 *(COMMON)
 COMMON         0x00000000200021bc        0x4 build/app_freertos.o
                0x00000000200021bc                defaultTaskHandle
 COMMON         0x00000000200021c0      0x21c build/adc.o
                0x00000000200021c0                hadc2
                0x000000002000222c                hadc5
                0x0000000020002298                hadc1
                0x0000000020002304                hadc3
                0x0000000020002370                hadc4
 COMMON         0x00000000200023dc       0x64 build/fdcan.o
                0x00000000200023dc                hfdcan3
 COMMON         0x0000000020002440       0xc8 build/spi.o
                0x0000000020002440                hspi2
                0x00000000200024a4                hspi1
 COMMON         0x0000000020002508       0x98 build/tim.o
                0x0000000020002508                htim8
                0x0000000020002554                htim2
 COMMON         0x00000000200025a0       0x4c build/stm32g4xx_hal_timebase_tim.o
                0x00000000200025a0                htim6
 COMMON         0x00000000200025ec        0x4 build/stm32g4xx_hal.o
                0x00000000200025ec                uwTick
 COMMON         0x00000000200025f0       0x40 build/queue.o
                0x00000000200025f0                xQueueRegistry
 COMMON         0x0000000020002630        0x4 /usr/lib/gcc/arm-none-eabi/9.2.1/../../../arm-none-eabi/lib/thumb/v7e-m+fp/hard/libc.a(lib_a-reent.o)
                0x0000000020002630                errno
                0x0000000020002634                . = ALIGN (0x4)
                0x0000000020002634                _ebss = .
                0x0000000020002634                __bss_end__ = _ebss

._user_heap_stack
                0x0000000020002634      0x604 load address 0x00000000080077e0
                0x0000000020002638                . = ALIGN (0x8)
 *fill*         0x0000000020002634        0x4 
                0x0000000020002638                PROVIDE (end = .)
                [!provide]                        PROVIDE (_end = .)
                0x0000000020002838                . = (. + _Min_Heap_Size)
 *fill*         0x0000000020002638      0x200 
                0x0000000020002c38                . = (. + _Min_Stack_Size)
 *fill*         0x0000000020002838      0x400 
                0x0000000020002c38                . = ALIGN (0x8)

/DISCARD/
 libc.a(*)
 libm.a(*)
 libgcc.a(*)

.ARM.attributes
                0x0000000000000000       0x30
 *(.ARM.attributes)
 .ARM.attributes
                0x0000000000000000       0x1e /usr/lib/gcc/arm-none-eabi/9.2.1/thumb/v7e-m+fp/hard/crti.o
 .ARM.attributes
                0x000000000000001e       0x34 /usr/lib/gcc/arm-none-eabi/9.2.1/thumb/v7e-m+fp/hard/crtbegin.o
 .ARM.attributes
                0x0000000000000052       0x34 build/main.o
 .ARM.attributes
                0x0000000000000086       0x34 build/SerialHandler.o
 .ARM.attributes
                0x00000000000000ba       0x34 build/gpio.o
 .ARM.attributes
                0x00000000000000ee       0x34 build/app_freertos.o
 .ARM.attributes
                0x0000000000000122       0x34 build/adc.o
 .ARM.attributes
                0x0000000000000156       0x34 build/cordic.o
 .ARM.attributes
                0x000000000000018a       0x34 build/dma.o
 .ARM.attributes
                0x00000000000001be       0x34 build/fdcan.o
 .ARM.attributes
                0x00000000000001f2       0x34 build/fmac.o
 .ARM.attributes
                0x0000000000000226       0x34 build/spi.o
 .ARM.attributes
                0x000000000000025a       0x34 build/tim.o
 .ARM.attributes
                0x000000000000028e       0x34 build/usart.o
 .ARM.attributes
                0x00000000000002c2       0x34 build/stm32g4xx_it.o
 .ARM.attributes
                0x00000000000002f6       0x34 build/stm32g4xx_hal_msp.o
 .ARM.attributes
                0x000000000000032a       0x34 build/stm32g4xx_hal_timebase_tim.o
 .ARM.attributes
                0x000000000000035e       0x34 build/stm32g4xx_ll_utils.o
 .ARM.attributes
                0x0000000000000392       0x34 build/stm32g4xx_ll_gpio.o
 .ARM.attributes
                0x00000000000003c6       0x34 build/stm32g4xx_hal_adc.o
 .ARM.attributes
                0x00000000000003fa       0x34 build/stm32g4xx_hal_adc_ex.o
 .ARM.attributes
                0x000000000000042e       0x34 build/stm32g4xx_hal_gpio.o
 .ARM.attributes
                0x0000000000000462       0x34 build/stm32g4xx_hal.o
 .ARM.attributes
                0x0000000000000496       0x34 build/stm32g4xx_hal_rcc.o
 .ARM.attributes
                0x00000000000004ca       0x34 build/stm32g4xx_hal_pwr_ex.o
 .ARM.attributes
                0x00000000000004fe       0x34 build/stm32g4xx_hal_cortex.o
 .ARM.attributes
                0x0000000000000532       0x34 build/stm32g4xx_hal_fdcan.o
 .ARM.attributes
                0x0000000000000566       0x34 build/stm32g4xx_hal_spi.o
 .ARM.attributes
                0x000000000000059a       0x34 build/stm32g4xx_hal_tim.o
 .ARM.attributes
                0x00000000000005ce       0x34 build/stm32g4xx_hal_tim_ex.o
 .ARM.attributes
                0x0000000000000602       0x34 build/stm32g4xx_ll_usart.o
 .ARM.attributes
                0x0000000000000636       0x34 build/stm32g4xx_ll_rcc.o
 .ARM.attributes
                0x000000000000066a       0x34 build/system_stm32g4xx.o
 .ARM.attributes
                0x000000000000069e       0x34 build/list.o
 .ARM.attributes
                0x00000000000006d2       0x34 build/queue.o
 .ARM.attributes
                0x0000000000000706       0x34 build/tasks.o
 .ARM.attributes
                0x000000000000073a       0x34 build/timers.o
 .ARM.attributes
                0x000000000000076e       0x34 build/cmsis_os2.o
 .ARM.attributes
                0x00000000000007a2       0x34 build/heap_4.o
 .ARM.attributes
                0x00000000000007d6       0x34 build/port.o
 .ARM.attributes
                0x000000000000080a       0x21 build/startup_stm32g474xx.o
 .ARM.attributes
                0x000000000000082b       0x34 /usr/lib/gcc/arm-none-eabi/9.2.1/../../../arm-none-eabi/lib/thumb/v7e-m+fp/hard/libc.a(lib_a-atexit.o)
 .ARM.attributes
                0x000000000000085f       0x34 /usr/lib/gcc/arm-none-eabi/9.2.1/../../../arm-none-eabi/lib/thumb/v7e-m+fp/hard/libc.a(lib_a-fini.o)
 .ARM.attributes
                0x0000000000000893       0x32 /usr/lib/gcc/arm-none-eabi/9.2.1/../../../arm-none-eabi/lib/thumb/v7e-m+fp/hard/libc.a(lib_a-impure.o)
 .ARM.attributes
                0x00000000000008c5       0x34 /usr/lib/gcc/arm-none-eabi/9.2.1/../../../arm-none-eabi/lib/thumb/v7e-m+fp/hard/libc.a(lib_a-init.o)
 .ARM.attributes
                0x00000000000008f9       0x1c /usr/lib/gcc/arm-none-eabi/9.2.1/../../../arm-none-eabi/lib/thumb/v7e-m+fp/hard/libc.a(lib_a-memcpy.o)
 .ARM.attributes
                0x0000000000000915       0x34 /usr/lib/gcc/arm-none-eabi/9.2.1/../../../arm-none-eabi/lib/thumb/v7e-m+fp/hard/libc.a(lib_a-memset.o)
 .ARM.attributes
                0x0000000000000949       0x34 /usr/lib/gcc/arm-none-eabi/9.2.1/../../../arm-none-eabi/lib/thumb/v7e-m+fp/hard/libc.a(lib_a-__atexit.o)
 .ARM.attributes
                0x000000000000097d       0x34 /usr/lib/gcc/arm-none-eabi/9.2.1/../../../arm-none-eabi/lib/thumb/v7e-m+fp/hard/libc.a(lib_a-__call_atexit.o)
 .ARM.attributes
                0x00000000000009b1       0x32 /usr/lib/gcc/arm-none-eabi/9.2.1/thumb/v7e-m+fp/hard/crtend.o
 .ARM.attributes
                0x00000000000009e3       0x1e /usr/lib/gcc/arm-none-eabi/9.2.1/thumb/v7e-m+fp/hard/crtn.o
OUTPUT(build/nomad_bldc_fw_g4.elf elf32-littlearm)
LOAD linker stubs
LOAD /usr/lib/gcc/arm-none-eabi/9.2.1/../../../arm-none-eabi/lib/thumb/v7e-m+fp/hard/libc.a
LOAD /usr/lib/gcc/arm-none-eabi/9.2.1/../../../arm-none-eabi/lib/thumb/v7e-m+fp/hard/libm.a
LOAD /usr/lib/gcc/arm-none-eabi/9.2.1/thumb/v7e-m+fp/hard/libgcc.a

.comment        0x0000000000000000       0xa7
 .comment       0x0000000000000000       0x59 /usr/lib/gcc/arm-none-eabi/9.2.1/thumb/v7e-m+fp/hard/crtbegin.o
                                         0x5a (size before relaxing)
 .comment       0x0000000000000059       0x5a build/main.o
 .comment       0x0000000000000059       0x5a build/SerialHandler.o
 .comment       0x0000000000000059       0x5a build/gpio.o
 .comment       0x0000000000000059       0x5a build/app_freertos.o
 .comment       0x0000000000000059       0x5a build/adc.o
 .comment       0x0000000000000059       0x5a build/cordic.o
 .comment       0x0000000000000059       0x5a build/dma.o
 .comment       0x0000000000000059       0x5a build/fdcan.o
 .comment       0x0000000000000059       0x5a build/fmac.o
 .comment       0x0000000000000059       0x5a build/spi.o
 .comment       0x0000000000000059       0x5a build/tim.o
 .comment       0x0000000000000059       0x5a build/usart.o
 .comment       0x0000000000000059       0x5a build/stm32g4xx_it.o
 .comment       0x0000000000000059       0x5a build/stm32g4xx_hal_msp.o
 .comment       0x0000000000000059       0x5a build/stm32g4xx_hal_timebase_tim.o
 .comment       0x0000000000000059       0x5a build/stm32g4xx_ll_utils.o
 .comment       0x0000000000000059       0x5a build/stm32g4xx_ll_gpio.o
 .comment       0x0000000000000059       0x5a build/stm32g4xx_hal_adc.o
 .comment       0x0000000000000059       0x5a build/stm32g4xx_hal_adc_ex.o
 .comment       0x0000000000000059       0x5a build/stm32g4xx_hal_gpio.o
 .comment       0x0000000000000059       0x5a build/stm32g4xx_hal.o
 .comment       0x0000000000000059       0x5a build/stm32g4xx_hal_rcc.o
 .comment       0x0000000000000059       0x5a build/stm32g4xx_hal_pwr_ex.o
 .comment       0x0000000000000059       0x5a build/stm32g4xx_hal_cortex.o
 .comment       0x0000000000000059       0x5a build/stm32g4xx_hal_fdcan.o
 .comment       0x0000000000000059       0x5a build/stm32g4xx_hal_spi.o
 .comment       0x0000000000000059       0x5a build/stm32g4xx_hal_tim.o
 .comment       0x0000000000000059       0x5a build/stm32g4xx_hal_tim_ex.o
 .comment       0x0000000000000059       0x5a build/stm32g4xx_ll_usart.o
 .comment       0x0000000000000059       0x5a build/stm32g4xx_ll_rcc.o
 .comment       0x0000000000000059       0x5a build/system_stm32g4xx.o
 .comment       0x0000000000000059       0x5a build/list.o
 .comment       0x0000000000000059       0x5a build/queue.o
 .comment       0x0000000000000059       0x5a build/tasks.o
 .comment       0x0000000000000059       0x5a build/timers.o
 .comment       0x0000000000000059       0x5a build/cmsis_os2.o
 .comment       0x0000000000000059       0x5a build/heap_4.o
 .comment       0x0000000000000059       0x5a build/port.o
 .comment       0x0000000000000059       0x4e /usr/lib/gcc/arm-none-eabi/9.2.1/../../../arm-none-eabi/lib/thumb/v7e-m+fp/hard/libc.a(lib_a-atexit.o)
                                         0x4f (size before relaxing)
 .comment       0x00000000000000a7       0x4f /usr/lib/gcc/arm-none-eabi/9.2.1/../../../arm-none-eabi/lib/thumb/v7e-m+fp/hard/libc.a(lib_a-fini.o)
 .comment       0x00000000000000a7       0x4f /usr/lib/gcc/arm-none-eabi/9.2.1/../../../arm-none-eabi/lib/thumb/v7e-m+fp/hard/libc.a(lib_a-impure.o)
 .comment       0x00000000000000a7       0x4f /usr/lib/gcc/arm-none-eabi/9.2.1/../../../arm-none-eabi/lib/thumb/v7e-m+fp/hard/libc.a(lib_a-init.o)
 .comment       0x00000000000000a7       0x4f /usr/lib/gcc/arm-none-eabi/9.2.1/../../../arm-none-eabi/lib/thumb/v7e-m+fp/hard/libc.a(lib_a-memset.o)
 .comment       0x00000000000000a7       0x4f /usr/lib/gcc/arm-none-eabi/9.2.1/../../../arm-none-eabi/lib/thumb/v7e-m+fp/hard/libc.a(lib_a-__atexit.o)
 .comment       0x00000000000000a7       0x4f /usr/lib/gcc/arm-none-eabi/9.2.1/../../../arm-none-eabi/lib/thumb/v7e-m+fp/hard/libc.a(lib_a-__call_atexit.o)
 .comment       0x00000000000000a7       0x5a /usr/lib/gcc/arm-none-eabi/9.2.1/thumb/v7e-m+fp/hard/crtend.o

.debug_info     0x0000000000000000    0x4174d
 .debug_info    0x0000000000000000     0x2733 build/main.o
 .debug_info    0x0000000000002733     0x2a9f build/SerialHandler.o
 .debug_info    0x00000000000051d2      0x907 build/gpio.o
 .debug_info    0x0000000000005ad9      0x6ef build/app_freertos.o
 .debug_info    0x00000000000061c8     0x1723 build/adc.o
 .debug_info    0x00000000000078eb      0x5eb build/cordic.o
 .debug_info    0x0000000000007ed6      0xdd3 build/dma.o
 .debug_info    0x0000000000008ca9      0xdae build/fdcan.o
 .debug_info    0x0000000000009a57      0x5eb build/fmac.o
 .debug_info    0x000000000000a042     0x1008 build/spi.o
 .debug_info    0x000000000000b04a     0x1698 build/tim.o
 .debug_info    0x000000000000c6e2     0x1387 build/usart.o
 .debug_info    0x000000000000da69      0xb86 build/stm32g4xx_it.o
 .debug_info    0x000000000000e5ef      0x5ea build/stm32g4xx_hal_msp.o
 .debug_info    0x000000000000ebd9     0x11d7 build/stm32g4xx_hal_timebase_tim.o
 .debug_info    0x000000000000fdb0     0x14e0 build/stm32g4xx_ll_utils.o
 .debug_info    0x0000000000011290     0x1066 build/stm32g4xx_ll_gpio.o
 .debug_info    0x00000000000122f6     0x3a32 build/stm32g4xx_hal_adc.o
 .debug_info    0x0000000000015d28     0x3282 build/stm32g4xx_hal_adc_ex.o
 .debug_info    0x0000000000018faa      0xafd build/stm32g4xx_hal_gpio.o
 .debug_info    0x0000000000019aa7      0xf3f build/stm32g4xx_hal.o
 .debug_info    0x000000000001a9e6     0x121d build/stm32g4xx_hal_rcc.o
 .debug_info    0x000000000001bc03      0xcbd build/stm32g4xx_hal_pwr_ex.o
 .debug_info    0x000000000001c8c0     0x1382 build/stm32g4xx_hal_cortex.o
 .debug_info    0x000000000001dc42     0x20ef build/stm32g4xx_hal_fdcan.o
 .debug_info    0x000000000001fd31     0x26cd build/stm32g4xx_hal_spi.o
 .debug_info    0x00000000000223fe     0x4dec build/stm32g4xx_hal_tim.o
 .debug_info    0x00000000000271ea     0x2811 build/stm32g4xx_hal_tim_ex.o
 .debug_info    0x00000000000299fb      0xdab build/stm32g4xx_ll_usart.o
 .debug_info    0x000000000002a7a6     0x18c9 build/stm32g4xx_ll_rcc.o
 .debug_info    0x000000000002c06f      0x7b8 build/system_stm32g4xx.o
 .debug_info    0x000000000002c827      0xc8e build/list.o
 .debug_info    0x000000000002d4b5     0x388c build/queue.o
 .debug_info    0x0000000000030d41     0x4093 build/tasks.o
 .debug_info    0x0000000000034dd4     0x26c8 build/timers.o
 .debug_info    0x000000000003749c     0x55f5 build/cmsis_os2.o
 .debug_info    0x000000000003ca91      0xe6e build/heap_4.o
 .debug_info    0x000000000003d8ff      0x5df build/port.o
 .debug_info    0x000000000003dede       0x22 build/startup_stm32g474xx.o
 .debug_info    0x000000000003df00      0x995 /usr/lib/gcc/arm-none-eabi/9.2.1/../../../arm-none-eabi/lib/thumb/v7e-m+fp/hard/libc.a(lib_a-atexit.o)
 .debug_info    0x000000000003e895      0x102 /usr/lib/gcc/arm-none-eabi/9.2.1/../../../arm-none-eabi/lib/thumb/v7e-m+fp/hard/libc.a(lib_a-fini.o)
 .debug_info    0x000000000003e997      0x92a /usr/lib/gcc/arm-none-eabi/9.2.1/../../../arm-none-eabi/lib/thumb/v7e-m+fp/hard/libc.a(lib_a-impure.o)
 .debug_info    0x000000000003f2c1      0x11a /usr/lib/gcc/arm-none-eabi/9.2.1/../../../arm-none-eabi/lib/thumb/v7e-m+fp/hard/libc.a(lib_a-init.o)
 .debug_info    0x000000000003f3db       0x26 /usr/lib/gcc/arm-none-eabi/9.2.1/../../../arm-none-eabi/lib/thumb/v7e-m+fp/hard/libc.a(lib_a-memcpy.o)
 .debug_info    0x000000000003f401      0xf21 /usr/lib/gcc/arm-none-eabi/9.2.1/../../../arm-none-eabi/lib/thumb/v7e-m+fp/hard/libc.a(lib_a-memset.o)
 .debug_info    0x0000000000040322      0x9d5 /usr/lib/gcc/arm-none-eabi/9.2.1/../../../arm-none-eabi/lib/thumb/v7e-m+fp/hard/libc.a(lib_a-__atexit.o)
 .debug_info    0x0000000000040cf7      0xa56 /usr/lib/gcc/arm-none-eabi/9.2.1/../../../arm-none-eabi/lib/thumb/v7e-m+fp/hard/libc.a(lib_a-__call_atexit.o)

.debug_abbrev   0x0000000000000000     0x7fdd
 .debug_abbrev  0x0000000000000000      0x314 build/main.o
 .debug_abbrev  0x0000000000000314      0x54d build/SerialHandler.o
 .debug_abbrev  0x0000000000000861      0x208 build/gpio.o
 .debug_abbrev  0x0000000000000a69      0x199 build/app_freertos.o
 .debug_abbrev  0x0000000000000c02      0x284 build/adc.o
 .debug_abbrev  0x0000000000000e86      0x189 build/cordic.o
 .debug_abbrev  0x000000000000100f      0x273 build/dma.o
 .debug_abbrev  0x0000000000001282      0x205 build/fdcan.o
 .debug_abbrev  0x0000000000001487      0x189 build/fmac.o
 .debug_abbrev  0x0000000000001610      0x22c build/spi.o
 .debug_abbrev  0x000000000000183c      0x276 build/tim.o
 .debug_abbrev  0x0000000000001ab2      0x244 build/usart.o
 .debug_abbrev  0x0000000000001cf6      0x1ed build/stm32g4xx_it.o
 .debug_abbrev  0x0000000000001ee3      0x171 build/stm32g4xx_hal_msp.o
 .debug_abbrev  0x0000000000002054      0x229 build/stm32g4xx_hal_timebase_tim.o
 .debug_abbrev  0x000000000000227d      0x38d build/stm32g4xx_ll_utils.o
 .debug_abbrev  0x000000000000260a      0x2b5 build/stm32g4xx_ll_gpio.o
 .debug_abbrev  0x00000000000028bf      0x36c build/stm32g4xx_hal_adc.o
 .debug_abbrev  0x0000000000002c2b      0x3e0 build/stm32g4xx_hal_adc_ex.o
 .debug_abbrev  0x000000000000300b      0x24d build/stm32g4xx_hal_gpio.o
 .debug_abbrev  0x0000000000003258      0x2fa build/stm32g4xx_hal.o
 .debug_abbrev  0x0000000000003552      0x34e build/stm32g4xx_hal_rcc.o
 .debug_abbrev  0x00000000000038a0      0x2ab build/stm32g4xx_hal_pwr_ex.o
 .debug_abbrev  0x0000000000003b4b      0x395 build/stm32g4xx_hal_cortex.o
 .debug_abbrev  0x0000000000003ee0      0x2e8 build/stm32g4xx_hal_fdcan.o
 .debug_abbrev  0x00000000000041c8      0x3a1 build/stm32g4xx_hal_spi.o
 .debug_abbrev  0x0000000000004569      0x400 build/stm32g4xx_hal_tim.o
 .debug_abbrev  0x0000000000004969      0x399 build/stm32g4xx_hal_tim_ex.o
 .debug_abbrev  0x0000000000004d02      0x31c build/stm32g4xx_ll_usart.o
 .debug_abbrev  0x000000000000501e      0x3c2 build/stm32g4xx_ll_rcc.o
 .debug_abbrev  0x00000000000053e0      0x16a build/system_stm32g4xx.o
 .debug_abbrev  0x000000000000554a      0x245 build/list.o
 .debug_abbrev  0x000000000000578f      0x559 build/queue.o
 .debug_abbrev  0x0000000000005ce8      0x5a6 build/tasks.o
 .debug_abbrev  0x000000000000628e      0x494 build/timers.o
 .debug_abbrev  0x0000000000006722      0x5a4 build/cmsis_os2.o
 .debug_abbrev  0x0000000000006cc6      0x38f build/heap_4.o
 .debug_abbrev  0x0000000000007055      0x2c2 build/port.o
 .debug_abbrev  0x0000000000007317       0x12 build/startup_stm32g474xx.o
 .debug_abbrev  0x0000000000007329      0x232 /usr/lib/gcc/arm-none-eabi/9.2.1/../../../arm-none-eabi/lib/thumb/v7e-m+fp/hard/libc.a(lib_a-atexit.o)
 .debug_abbrev  0x000000000000755b       0xcf /usr/lib/gcc/arm-none-eabi/9.2.1/../../../arm-none-eabi/lib/thumb/v7e-m+fp/hard/libc.a(lib_a-fini.o)
 .debug_abbrev  0x000000000000762a      0x1b8 /usr/lib/gcc/arm-none-eabi/9.2.1/../../../arm-none-eabi/lib/thumb/v7e-m+fp/hard/libc.a(lib_a-impure.o)
 .debug_abbrev  0x00000000000077e2       0xcc /usr/lib/gcc/arm-none-eabi/9.2.1/../../../arm-none-eabi/lib/thumb/v7e-m+fp/hard/libc.a(lib_a-init.o)
 .debug_abbrev  0x00000000000078ae       0x14 /usr/lib/gcc/arm-none-eabi/9.2.1/../../../arm-none-eabi/lib/thumb/v7e-m+fp/hard/libc.a(lib_a-memcpy.o)
 .debug_abbrev  0x00000000000078c2      0x217 /usr/lib/gcc/arm-none-eabi/9.2.1/../../../arm-none-eabi/lib/thumb/v7e-m+fp/hard/libc.a(lib_a-memset.o)
 .debug_abbrev  0x0000000000007ad9      0x252 /usr/lib/gcc/arm-none-eabi/9.2.1/../../../arm-none-eabi/lib/thumb/v7e-m+fp/hard/libc.a(lib_a-__atexit.o)
 .debug_abbrev  0x0000000000007d2b      0x2b2 /usr/lib/gcc/arm-none-eabi/9.2.1/../../../arm-none-eabi/lib/thumb/v7e-m+fp/hard/libc.a(lib_a-__call_atexit.o)

.debug_loc      0x0000000000000000    0x26a58
 .debug_loc     0x0000000000000000      0x179 build/main.o
 .debug_loc     0x0000000000000179       0x20 build/SerialHandler.o
 .debug_loc     0x0000000000000199      0x126 build/gpio.o
 .debug_loc     0x00000000000002bf       0x71 build/app_freertos.o
 .debug_loc     0x0000000000000330      0x3b4 build/adc.o
 .debug_loc     0x00000000000006e4       0x42 build/cordic.o
 .debug_loc     0x0000000000000726      0x108 build/dma.o
 .debug_loc     0x000000000000082e       0xc6 build/fdcan.o
 .debug_loc     0x00000000000008f4       0x42 build/fmac.o
 .debug_loc     0x0000000000000936      0x188 build/spi.o
 .debug_loc     0x0000000000000abe      0x1ea build/tim.o
 .debug_loc     0x0000000000000ca8      0x6bc build/usart.o
 .debug_loc     0x0000000000001364       0x2c build/stm32g4xx_hal_msp.o
 .debug_loc     0x0000000000001390      0x106 build/stm32g4xx_hal_timebase_tim.o
 .debug_loc     0x0000000000001496      0xb8d build/stm32g4xx_ll_utils.o
 .debug_loc     0x0000000000002023      0x8ad build/stm32g4xx_ll_gpio.o
 .debug_loc     0x00000000000028d0     0x2e36 build/stm32g4xx_hal_adc.o
 .debug_loc     0x0000000000005706     0x2b32 build/stm32g4xx_hal_adc_ex.o
 .debug_loc     0x0000000000008238      0x4c4 build/stm32g4xx_hal_gpio.o
 .debug_loc     0x00000000000086fc      0x31e build/stm32g4xx_hal.o
 .debug_loc     0x0000000000008a1a      0x92b build/stm32g4xx_hal_rcc.o
 .debug_loc     0x0000000000009345      0x9ee build/stm32g4xx_hal_pwr_ex.o
 .debug_loc     0x0000000000009d33      0x8b9 build/stm32g4xx_hal_cortex.o
 .debug_loc     0x000000000000a5ec     0x1b37 build/stm32g4xx_hal_fdcan.o
 .debug_loc     0x000000000000c123     0x2848 build/stm32g4xx_hal_spi.o
 .debug_loc     0x000000000000e96b     0x6997 build/stm32g4xx_hal_tim.o
 .debug_loc     0x0000000000015302     0x2cd2 build/stm32g4xx_hal_tim_ex.o
 .debug_loc     0x0000000000017fd4      0x6d7 build/stm32g4xx_ll_usart.o
 .debug_loc     0x00000000000186ab      0xdd7 build/stm32g4xx_ll_rcc.o
 .debug_loc     0x0000000000019482       0xbd build/system_stm32g4xx.o
 .debug_loc     0x000000000001953f      0x14c build/list.o
 .debug_loc     0x000000000001968b     0x2b22 build/queue.o
 .debug_loc     0x000000000001c1ad     0x3100 build/tasks.o
 .debug_loc     0x000000000001f2ad     0x176a build/timers.o
 .debug_loc     0x0000000000020a17     0x5375 build/cmsis_os2.o
 .debug_loc     0x0000000000025d8c      0x4ad build/heap_4.o
 .debug_loc     0x0000000000026239      0x218 build/port.o
 .debug_loc     0x0000000000026451       0x32 /usr/lib/gcc/arm-none-eabi/9.2.1/../../../arm-none-eabi/lib/thumb/v7e-m+fp/hard/libc.a(lib_a-atexit.o)
 .debug_loc     0x0000000000026483       0x68 /usr/lib/gcc/arm-none-eabi/9.2.1/../../../arm-none-eabi/lib/thumb/v7e-m+fp/hard/libc.a(lib_a-fini.o)
 .debug_loc     0x00000000000264eb       0xba /usr/lib/gcc/arm-none-eabi/9.2.1/../../../arm-none-eabi/lib/thumb/v7e-m+fp/hard/libc.a(lib_a-init.o)
 .debug_loc     0x00000000000265a5      0x231 /usr/lib/gcc/arm-none-eabi/9.2.1/../../../arm-none-eabi/lib/thumb/v7e-m+fp/hard/libc.a(lib_a-memset.o)
 .debug_loc     0x00000000000267d6      0x138 /usr/lib/gcc/arm-none-eabi/9.2.1/../../../arm-none-eabi/lib/thumb/v7e-m+fp/hard/libc.a(lib_a-__atexit.o)
 .debug_loc     0x000000000002690e      0x14a /usr/lib/gcc/arm-none-eabi/9.2.1/../../../arm-none-eabi/lib/thumb/v7e-m+fp/hard/libc.a(lib_a-__call_atexit.o)

.debug_aranges  0x0000000000000000     0x19b0
 .debug_aranges
                0x0000000000000000       0x38 build/main.o
 .debug_aranges
                0x0000000000000038       0x20 build/SerialHandler.o
 .debug_aranges
                0x0000000000000058       0x20 build/gpio.o
 .debug_aranges
                0x0000000000000078       0x28 build/app_freertos.o
 .debug_aranges
                0x00000000000000a0       0x50 build/adc.o
 .debug_aranges
                0x00000000000000f0       0x20 build/cordic.o
 .debug_aranges
                0x0000000000000110       0x20 build/dma.o
 .debug_aranges
                0x0000000000000130       0x30 build/fdcan.o
 .debug_aranges
                0x0000000000000160       0x20 build/fmac.o
 .debug_aranges
                0x0000000000000180       0x38 build/spi.o
 .debug_aranges
                0x00000000000001b8       0x50 build/tim.o
 .debug_aranges
                0x0000000000000208       0x20 build/usart.o
 .debug_aranges
                0x0000000000000228       0x48 build/stm32g4xx_it.o
 .debug_aranges
                0x0000000000000270       0x20 build/stm32g4xx_hal_msp.o
 .debug_aranges
                0x0000000000000290       0x30 build/stm32g4xx_hal_timebase_tim.o
 .debug_aranges
                0x00000000000002c0       0x58 build/stm32g4xx_ll_utils.o
 .debug_aranges
                0x0000000000000318       0x30 build/stm32g4xx_ll_gpio.o
 .debug_aranges
                0x0000000000000348       0xe0 build/stm32g4xx_hal_adc.o
 .debug_aranges
                0x0000000000000428       0xd0 build/stm32g4xx_hal_adc_ex.o
 .debug_aranges
                0x00000000000004f8       0x58 build/stm32g4xx_hal_gpio.o
 .debug_aranges
                0x0000000000000550      0x128 build/stm32g4xx_hal.o
 .debug_aranges
                0x0000000000000678       0x90 build/stm32g4xx_hal_rcc.o
 .debug_aranges
                0x0000000000000708      0x128 build/stm32g4xx_hal_pwr_ex.o
 .debug_aranges
                0x0000000000000830       0xa8 build/stm32g4xx_hal_cortex.o
 .debug_aranges
                0x00000000000008d8      0x1a8 build/stm32g4xx_hal_fdcan.o
 .debug_aranges
                0x0000000000000a80      0x190 build/stm32g4xx_hal_spi.o
 .debug_aranges
                0x0000000000000c10      0x2a8 build/stm32g4xx_hal_tim.o
 .debug_aranges
                0x0000000000000eb8      0x1c0 build/stm32g4xx_hal_tim_ex.o
 .debug_aranges
                0x0000000000001078       0x40 build/stm32g4xx_ll_usart.o
 .debug_aranges
                0x00000000000010b8       0xb8 build/stm32g4xx_ll_rcc.o
 .debug_aranges
                0x0000000000001170       0x28 build/system_stm32g4xx.o
 .debug_aranges
                0x0000000000001198       0x40 build/list.o
 .debug_aranges
                0x00000000000011d8      0x138 build/queue.o
 .debug_aranges
                0x0000000000001310      0x1e0 build/tasks.o
 .debug_aranges
                0x00000000000014f0       0xc0 build/timers.o
 .debug_aranges
                0x00000000000015b0      0x210 build/cmsis_os2.o
 .debug_aranges
                0x00000000000017c0       0x48 build/heap_4.o
 .debug_aranges
                0x0000000000001808       0x80 build/port.o
 .debug_aranges
                0x0000000000001888       0x28 build/startup_stm32g474xx.o
 .debug_aranges
                0x00000000000018b0       0x20 /usr/lib/gcc/arm-none-eabi/9.2.1/../../../arm-none-eabi/lib/thumb/v7e-m+fp/hard/libc.a(lib_a-atexit.o)
 .debug_aranges
                0x00000000000018d0       0x20 /usr/lib/gcc/arm-none-eabi/9.2.1/../../../arm-none-eabi/lib/thumb/v7e-m+fp/hard/libc.a(lib_a-fini.o)
 .debug_aranges
                0x00000000000018f0       0x18 /usr/lib/gcc/arm-none-eabi/9.2.1/../../../arm-none-eabi/lib/thumb/v7e-m+fp/hard/libc.a(lib_a-impure.o)
 .debug_aranges
                0x0000000000001908       0x20 /usr/lib/gcc/arm-none-eabi/9.2.1/../../../arm-none-eabi/lib/thumb/v7e-m+fp/hard/libc.a(lib_a-init.o)
 .debug_aranges
                0x0000000000001928       0x20 /usr/lib/gcc/arm-none-eabi/9.2.1/../../../arm-none-eabi/lib/thumb/v7e-m+fp/hard/libc.a(lib_a-memcpy.o)
 .debug_aranges
                0x0000000000001948       0x20 /usr/lib/gcc/arm-none-eabi/9.2.1/../../../arm-none-eabi/lib/thumb/v7e-m+fp/hard/libc.a(lib_a-memset.o)
 .debug_aranges
                0x0000000000001968       0x20 /usr/lib/gcc/arm-none-eabi/9.2.1/../../../arm-none-eabi/lib/thumb/v7e-m+fp/hard/libc.a(lib_a-__atexit.o)
 .debug_aranges
                0x0000000000001988       0x28 /usr/lib/gcc/arm-none-eabi/9.2.1/../../../arm-none-eabi/lib/thumb/v7e-m+fp/hard/libc.a(lib_a-__call_atexit.o)

.debug_ranges   0x0000000000000000     0x45b8
 .debug_ranges  0x0000000000000000       0xe8 build/main.o
 .debug_ranges  0x00000000000000e8       0x10 build/SerialHandler.o
 .debug_ranges  0x00000000000000f8       0xa8 build/gpio.o
 .debug_ranges  0x00000000000001a0       0x18 build/app_freertos.o
 .debug_ranges  0x00000000000001b8       0xd8 build/adc.o
 .debug_ranges  0x0000000000000290       0x28 build/cordic.o
 .debug_ranges  0x00000000000002b8       0xb8 build/dma.o
 .debug_ranges  0x0000000000000370       0x58 build/fdcan.o
 .debug_ranges  0x00000000000003c8       0x28 build/fmac.o
 .debug_ranges  0x00000000000003f0       0x80 build/spi.o
 .debug_ranges  0x0000000000000470       0xb8 build/tim.o
 .debug_ranges  0x0000000000000528      0x100 build/usart.o
 .debug_ranges  0x0000000000000628       0x38 build/stm32g4xx_it.o
 .debug_ranges  0x0000000000000660       0x28 build/stm32g4xx_hal_msp.o
 .debug_ranges  0x0000000000000688       0x58 build/stm32g4xx_hal_timebase_tim.o
 .debug_ranges  0x00000000000006e0      0x248 build/stm32g4xx_ll_utils.o
 .debug_ranges  0x0000000000000928      0x1d8 build/stm32g4xx_ll_gpio.o
 .debug_ranges  0x0000000000000b00      0x830 build/stm32g4xx_hal_adc.o
 .debug_ranges  0x0000000000001330      0x648 build/stm32g4xx_hal_adc_ex.o
 .debug_ranges  0x0000000000001978       0x60 build/stm32g4xx_hal_gpio.o
 .debug_ranges  0x00000000000019d8      0x118 build/stm32g4xx_hal.o
 .debug_ranges  0x0000000000001af0      0x120 build/stm32g4xx_hal_rcc.o
 .debug_ranges  0x0000000000001c10      0x118 build/stm32g4xx_hal_pwr_ex.o
 .debug_ranges  0x0000000000001d28      0x1c0 build/stm32g4xx_hal_cortex.o
 .debug_ranges  0x0000000000001ee8      0x200 build/stm32g4xx_hal_fdcan.o
 .debug_ranges  0x00000000000020e8      0x2f0 build/stm32g4xx_hal_spi.o
 .debug_ranges  0x00000000000023d8      0x5f8 build/stm32g4xx_hal_tim.o
 .debug_ranges  0x00000000000029d0      0x248 build/stm32g4xx_hal_tim_ex.o
 .debug_ranges  0x0000000000002c18      0x100 build/stm32g4xx_ll_usart.o
 .debug_ranges  0x0000000000002d18      0x760 build/stm32g4xx_ll_rcc.o
 .debug_ranges  0x0000000000003478       0x18 build/system_stm32g4xx.o
 .debug_ranges  0x0000000000003490       0x30 build/list.o
 .debug_ranges  0x00000000000034c0      0x498 build/queue.o
 .debug_ranges  0x0000000000003958      0x478 build/tasks.o
 .debug_ranges  0x0000000000003dd0      0x1b8 build/timers.o
 .debug_ranges  0x0000000000003f88      0x4e8 build/cmsis_os2.o
 .debug_ranges  0x0000000000004470       0x38 build/heap_4.o
 .debug_ranges  0x00000000000044a8       0xb8 build/port.o
 .debug_ranges  0x0000000000004560       0x20 build/startup_stm32g474xx.o
 .debug_ranges  0x0000000000004580       0x38 /usr/lib/gcc/arm-none-eabi/9.2.1/../../../arm-none-eabi/lib/thumb/v7e-m+fp/hard/libc.a(lib_a-__call_atexit.o)

.debug_line     0x0000000000000000    0x24cff
 .debug_line    0x0000000000000000      0x621 build/main.o
 .debug_line    0x0000000000000621      0x451 build/SerialHandler.o
 .debug_line    0x0000000000000a72      0x31d build/gpio.o
 .debug_line    0x0000000000000d8f      0x26b build/app_freertos.o
 .debug_line    0x0000000000000ffa      0xa6b build/adc.o
 .debug_line    0x0000000000001a65      0x1ca build/cordic.o
 .debug_line    0x0000000000001c2f      0x2cc build/dma.o
 .debug_line    0x0000000000001efb      0x2e6 build/fdcan.o
 .debug_line    0x00000000000021e1      0x1c8 build/fmac.o
 .debug_line    0x00000000000023a9      0x443 build/spi.o
 .debug_line    0x00000000000027ec      0x606 build/tim.o
 .debug_line    0x0000000000002df2      0x4f3 build/usart.o
 .debug_line    0x00000000000032e5      0x25e build/stm32g4xx_it.o
 .debug_line    0x0000000000003543      0x1c3 build/stm32g4xx_hal_msp.o
 .debug_line    0x0000000000003706      0x2af build/stm32g4xx_hal_timebase_tim.o
 .debug_line    0x00000000000039b5      0xa4e build/stm32g4xx_ll_utils.o
 .debug_line    0x0000000000004403      0x71c build/stm32g4xx_ll_gpio.o
 .debug_line    0x0000000000004b1f     0x2b7e build/stm32g4xx_hal_adc.o
 .debug_line    0x000000000000769d     0x251d build/stm32g4xx_hal_adc_ex.o
 .debug_line    0x0000000000009bba      0x72f build/stm32g4xx_hal_gpio.o
 .debug_line    0x000000000000a2e9      0x644 build/stm32g4xx_hal.o
 .debug_line    0x000000000000a92d      0xe6f build/stm32g4xx_hal_rcc.o
 .debug_line    0x000000000000b79c      0xa1b build/stm32g4xx_hal_pwr_ex.o
 .debug_line    0x000000000000c1b7      0x7b7 build/stm32g4xx_hal_cortex.o
 .debug_line    0x000000000000c96e     0x18d0 build/stm32g4xx_hal_fdcan.o
 .debug_line    0x000000000000e23e     0x2ad5 build/stm32g4xx_hal_spi.o
 .debug_line    0x0000000000010d13     0x5365 build/stm32g4xx_hal_tim.o
 .debug_line    0x0000000000016078     0x2353 build/stm32g4xx_hal_tim_ex.o
 .debug_line    0x00000000000183cb      0x5da build/stm32g4xx_ll_usart.o
 .debug_line    0x00000000000189a5     0x12ac build/stm32g4xx_ll_rcc.o
 .debug_line    0x0000000000019c51      0x21b build/system_stm32g4xx.o
 .debug_line    0x0000000000019e6c      0x35b build/list.o
 .debug_line    0x000000000001a1c7     0x25f4 build/queue.o
 .debug_line    0x000000000001c7bb     0x304e build/tasks.o
 .debug_line    0x000000000001f809      0xf85 build/timers.o
 .debug_line    0x000000000002078e     0x2be8 build/cmsis_os2.o
 .debug_line    0x0000000000023376      0x63b build/heap_4.o
 .debug_line    0x00000000000239b1      0x784 build/port.o
 .debug_line    0x0000000000024135       0x77 build/startup_stm32g474xx.o
 .debug_line    0x00000000000241ac      0x14a /usr/lib/gcc/arm-none-eabi/9.2.1/../../../arm-none-eabi/lib/thumb/v7e-m+fp/hard/libc.a(lib_a-atexit.o)
 .debug_line    0x00000000000242f6       0xd7 /usr/lib/gcc/arm-none-eabi/9.2.1/../../../arm-none-eabi/lib/thumb/v7e-m+fp/hard/libc.a(lib_a-fini.o)
 .debug_line    0x00000000000243cd       0xe3 /usr/lib/gcc/arm-none-eabi/9.2.1/../../../arm-none-eabi/lib/thumb/v7e-m+fp/hard/libc.a(lib_a-impure.o)
 .debug_line    0x00000000000244b0      0x10d /usr/lib/gcc/arm-none-eabi/9.2.1/../../../arm-none-eabi/lib/thumb/v7e-m+fp/hard/libc.a(lib_a-init.o)
 .debug_line    0x00000000000245bd       0xbe /usr/lib/gcc/arm-none-eabi/9.2.1/../../../arm-none-eabi/lib/thumb/v7e-m+fp/hard/libc.a(lib_a-memcpy.o)
 .debug_line    0x000000000002467b      0x26b /usr/lib/gcc/arm-none-eabi/9.2.1/../../../arm-none-eabi/lib/thumb/v7e-m+fp/hard/libc.a(lib_a-memset.o)
 .debug_line    0x00000000000248e6      0x1e1 /usr/lib/gcc/arm-none-eabi/9.2.1/../../../arm-none-eabi/lib/thumb/v7e-m+fp/hard/libc.a(lib_a-__atexit.o)
 .debug_line    0x0000000000024ac7      0x238 /usr/lib/gcc/arm-none-eabi/9.2.1/../../../arm-none-eabi/lib/thumb/v7e-m+fp/hard/libc.a(lib_a-__call_atexit.o)

.debug_str      0x0000000000000000     0xc469
 .debug_str     0x0000000000000000     0x1687 build/main.o
                                       0x1afa (size before relaxing)
 .debug_str     0x0000000000001687     0x1171 build/SerialHandler.o
                                       0x17ec (size before relaxing)
 .debug_str     0x00000000000027f8      0x191 build/gpio.o
                                        0x603 (size before relaxing)
 .debug_str     0x0000000000002989      0x4fc build/app_freertos.o
                                        0x96b (size before relaxing)
 .debug_str     0x0000000000002e85      0x12f build/adc.o
                                        0xce5 (size before relaxing)
 .debug_str     0x0000000000002fb4       0x2b build/cordic.o
                                        0x55a (size before relaxing)
 .debug_str     0x0000000000002fdf      0x753 build/dma.o
                                        0xcc2 (size before relaxing)
 .debug_str     0x0000000000003732       0x52 build/fdcan.o
                                        0x944 (size before relaxing)
 .debug_str     0x0000000000003784       0x10 build/fmac.o
                                        0x556 (size before relaxing)
 .debug_str     0x0000000000003794       0x48 build/spi.o
                                        0xae3 (size before relaxing)
 .debug_str     0x00000000000037dc      0x3e0 build/tim.o
                                        0xff8 (size before relaxing)
 .debug_str     0x0000000000003bbc      0x2ab build/usart.o
                                        0x941 (size before relaxing)
 .debug_str     0x0000000000003e67       0xdc build/stm32g4xx_it.o
                                        0xa72 (size before relaxing)
 .debug_str     0x0000000000003f43       0x4a build/stm32g4xx_hal_msp.o
                                        0x562 (size before relaxing)
 .debug_str     0x0000000000003f8d      0x142 build/stm32g4xx_hal_timebase_tim.o
                                       0x128c (size before relaxing)
 .debug_str     0x00000000000040cf      0x265 build/stm32g4xx_ll_utils.o
                                        0x9e7 (size before relaxing)
 .debug_str     0x0000000000004334      0x126 build/stm32g4xx_ll_gpio.o
                                        0x6dc (size before relaxing)
 .debug_str     0x000000000000445a      0xa0f build/stm32g4xx_hal_adc.o
                                       0x14b9 (size before relaxing)
 .debug_str     0x0000000000004e69      0x5b1 build/stm32g4xx_hal_adc_ex.o
                                       0x1468 (size before relaxing)
 .debug_str     0x000000000000541a      0x171 build/stm32g4xx_hal_gpio.o
                                        0x742 (size before relaxing)
 .debug_str     0x000000000000558b      0x3a4 build/stm32g4xx_hal.o
                                        0xfe9 (size before relaxing)
 .debug_str     0x000000000000592f      0x28a build/stm32g4xx_hal_rcc.o
                                        0x9fc (size before relaxing)
 .debug_str     0x0000000000005bb9      0x48f build/stm32g4xx_hal_pwr_ex.o
                                        0x9cd (size before relaxing)
 .debug_str     0x0000000000006048      0x35d build/stm32g4xx_hal_cortex.o
                                        0xf46 (size before relaxing)
 .debug_str     0x00000000000063a5      0xbda build/stm32g4xx_hal_fdcan.o
                                       0x13d0 (size before relaxing)
 .debug_str     0x0000000000006f7f      0x55d build/stm32g4xx_hal_spi.o
                                        0xe7e (size before relaxing)
 .debug_str     0x00000000000074dc      0xd3b build/stm32g4xx_hal_tim.o
                                       0x1a23 (size before relaxing)
 .debug_str     0x0000000000008217      0x836 build/stm32g4xx_hal_tim_ex.o
                                       0x16bb (size before relaxing)
 .debug_str     0x0000000000008a4d      0x224 build/stm32g4xx_ll_usart.o
                                        0x820 (size before relaxing)
 .debug_str     0x0000000000008c71      0x603 build/stm32g4xx_ll_rcc.o
                                        0xc0a (size before relaxing)
 .debug_str     0x0000000000009274       0x3d build/system_stm32g4xx.o
                                        0x596 (size before relaxing)
 .debug_str     0x00000000000092b1      0x14d build/list.o
                                        0x709 (size before relaxing)