Archive member included to satisfy reference by file (symbol)

/usr/lib/gcc/arm-none-eabi/9.2.1/../../../arm-none-eabi/lib/thumb/v7e-m+fp/hard/libc_nano.a(lib_a-atexit.o)
                              /usr/lib/gcc/arm-none-eabi/9.2.1/../../../arm-none-eabi/lib/thumb/v7e-m+fp/hard/crt0.o (atexit)
/usr/lib/gcc/arm-none-eabi/9.2.1/../../../arm-none-eabi/lib/thumb/v7e-m+fp/hard/libc_nano.a(lib_a-exit.o)
                              /usr/lib/gcc/arm-none-eabi/9.2.1/../../../arm-none-eabi/lib/thumb/v7e-m+fp/hard/crt0.o (exit)
/usr/lib/gcc/arm-none-eabi/9.2.1/../../../arm-none-eabi/lib/thumb/v7e-m+fp/hard/libc_nano.a(lib_a-fini.o)
                              /usr/lib/gcc/arm-none-eabi/9.2.1/../../../arm-none-eabi/lib/thumb/v7e-m+fp/hard/crt0.o (__libc_fini_array)
/usr/lib/gcc/arm-none-eabi/9.2.1/../../../arm-none-eabi/lib/thumb/v7e-m+fp/hard/libc_nano.a(lib_a-impure.o)
                              /usr/lib/gcc/arm-none-eabi/9.2.1/../../../arm-none-eabi/lib/thumb/v7e-m+fp/hard/libc_nano.a(lib_a-exit.o) (_global_impure_ptr)
/usr/lib/gcc/arm-none-eabi/9.2.1/../../../arm-none-eabi/lib/thumb/v7e-m+fp/hard/libc_nano.a(lib_a-init.o)
                              /usr/lib/gcc/arm-none-eabi/9.2.1/../../../arm-none-eabi/lib/thumb/v7e-m+fp/hard/crt0.o (__libc_init_array)
/usr/lib/gcc/arm-none-eabi/9.2.1/../../../arm-none-eabi/lib/thumb/v7e-m+fp/hard/libc_nano.a(lib_a-memcpy.o)
                              build/queue.o (memcpy)
/usr/lib/gcc/arm-none-eabi/9.2.1/../../../arm-none-eabi/lib/thumb/v7e-m+fp/hard/libc_nano.a(lib_a-memset.o)
                              /usr/lib/gcc/arm-none-eabi/9.2.1/../../../arm-none-eabi/lib/thumb/v7e-m+fp/hard/crt0.o (memset)
/usr/lib/gcc/arm-none-eabi/9.2.1/../../../arm-none-eabi/lib/thumb/v7e-m+fp/hard/libc_nano.a(lib_a-__atexit.o)
                              /usr/lib/gcc/arm-none-eabi/9.2.1/../../../arm-none-eabi/lib/thumb/v7e-m+fp/hard/libc_nano.a(lib_a-atexit.o) (__register_exitproc)
/usr/lib/gcc/arm-none-eabi/9.2.1/../../../arm-none-eabi/lib/thumb/v7e-m+fp/hard/libc_nano.a(lib_a-__call_atexit.o)
                              /usr/lib/gcc/arm-none-eabi/9.2.1/../../../arm-none-eabi/lib/thumb/v7e-m+fp/hard/libc_nano.a(lib_a-__atexit.o) (__call_exitprocs)
/usr/lib/gcc/arm-none-eabi/9.2.1/../../../arm-none-eabi/lib/thumb/v7e-m+fp/hard/libnosys.a(_exit.o)
                              /usr/lib/gcc/arm-none-eabi/9.2.1/../../../arm-none-eabi/lib/thumb/v7e-m+fp/hard/libc_nano.a(lib_a-exit.o) (_exit)
/usr/lib/gcc/arm-none-eabi/9.2.1/thumb/v7e-m+fp/hard/libgcc.a(_aeabi_ldivmod.o)
                              build/stm32g4xx_hal_uart.o (__aeabi_ldivmod)
/usr/lib/gcc/arm-none-eabi/9.2.1/thumb/v7e-m+fp/hard/libgcc.a(_aeabi_uldivmod.o)
                              build/stm32g4xx_hal_uart.o (__aeabi_uldivmod)
/usr/lib/gcc/arm-none-eabi/9.2.1/thumb/v7e-m+fp/hard/libgcc.a(_udivmoddi4.o)
                              /usr/lib/gcc/arm-none-eabi/9.2.1/thumb/v7e-m+fp/hard/libgcc.a(_aeabi_ldivmod.o) (__udivmoddi4)
/usr/lib/gcc/arm-none-eabi/9.2.1/thumb/v7e-m+fp/hard/libgcc.a(_dvmd_tls.o)
                              /usr/lib/gcc/arm-none-eabi/9.2.1/thumb/v7e-m+fp/hard/libgcc.a(_aeabi_ldivmod.o) (__aeabi_ldiv0)

Allocating common symbols
Common symbol       size              file

defaultTaskHandle   0x4               build/app_freertos.o
hspi2               0x64              build/spi.o
htim8               0x4c              build/tim.o
hadc2               0x6c              build/adc.o
hadc5               0x6c              build/adc.o
hfdcan3             0x64              build/fdcan.o
uwTick              0x4               build/stm32g4xx_hal.o
xQueueRegistry      0x40              build/queue.o
hadc1               0x6c              build/adc.o
hadc3               0x6c              build/adc.o
hcordic             0x28              build/cordic.o
hfmac               0x38              build/fmac.o
htim6               0x4c              build/stm32g4xx_hal_timebase_tim.o
hspi1               0x64              build/spi.o
htim2               0x4c              build/tim.o
huart2              0x8c              build/usart.o
hadc4               0x6c              build/adc.o

Discarded input sections

 .text          0x0000000000000000        0x0 /usr/lib/gcc/arm-none-eabi/9.2.1/thumb/v7e-m+fp/hard/crti.o
 .data          0x0000000000000000        0x0 /usr/lib/gcc/arm-none-eabi/9.2.1/thumb/v7e-m+fp/hard/crti.o
 .bss           0x0000000000000000        0x0 /usr/lib/gcc/arm-none-eabi/9.2.1/thumb/v7e-m+fp/hard/crti.o
 .data          0x0000000000000000        0x4 /usr/lib/gcc/arm-none-eabi/9.2.1/thumb/v7e-m+fp/hard/crtbegin.o
 .text          0x0000000000000000       0x70 /usr/lib/gcc/arm-none-eabi/9.2.1/../../../arm-none-eabi/lib/thumb/v7e-m+fp/hard/crt0.o
 .data          0x0000000000000000        0x0 /usr/lib/gcc/arm-none-eabi/9.2.1/../../../arm-none-eabi/lib/thumb/v7e-m+fp/hard/crt0.o
[...]
Memory Configuration

Name             Origin             Length             Attributes
RAM              0x0000000020000000 0x0000000000020000 xrw
FLASH            0x0000000008000000 0x0000000000080000 xr
*default*        0x0000000000000000 0xffffffffffffffff

Linker script and memory map

LOAD /usr/lib/gcc/arm-none-eabi/9.2.1/thumb/v7e-m+fp/hard/crti.o
LOAD /usr/lib/gcc/arm-none-eabi/9.2.1/thumb/v7e-m+fp/hard/crtbegin.o
LOAD /usr/lib/gcc/arm-none-eabi/9.2.1/../../../arm-none-eabi/lib/thumb/v7e-m+fp/hard/crt0.o
LOAD build/main.o
LOAD build/gpio.o
LOAD build/app_freertos.o
LOAD build/adc.o
LOAD build/cordic.o
LOAD build/fdcan.o
LOAD build/fmac.o
LOAD build/spi.o
LOAD build/tim.o
LOAD build/usart.o
LOAD build/stm32g4xx_it.o
LOAD build/stm32g4xx_hal_msp.o
LOAD build/stm32g4xx_hal_timebase_tim.o
LOAD build/stm32g4xx_ll_utils.o
LOAD build/stm32g4xx_ll_exti.o
LOAD build/stm32g4xx_ll_gpio.o
LOAD build/stm32g4xx_hal_adc.o
LOAD build/stm32g4xx_hal_adc_ex.o
LOAD build/stm32g4xx_ll_adc.o
LOAD build/stm32g4xx_hal_gpio.o
LOAD build/stm32g4xx_hal.o
LOAD build/stm32g4xx_hal_rcc.o
LOAD build/stm32g4xx_hal_rcc_ex.o
LOAD build/stm32g4xx_hal_flash.o
LOAD build/stm32g4xx_hal_flash_ex.o
LOAD build/stm32g4xx_hal_flash_ramfunc.o
LOAD build/stm32g4xx_hal_exti.o
LOAD build/stm32g4xx_hal_dma.o
LOAD build/stm32g4xx_hal_dma_ex.o
LOAD build/stm32g4xx_hal_pwr.o
LOAD build/stm32g4xx_hal_pwr_ex.o
LOAD build/stm32g4xx_hal_cortex.o
LOAD build/stm32g4xx_hal_cordic.o
LOAD build/stm32g4xx_hal_fdcan.o
LOAD build/stm32g4xx_hal_fmac.o
LOAD build/stm32g4xx_hal_spi.o
LOAD build/stm32g4xx_hal_spi_ex.o
LOAD build/stm32g4xx_hal_tim.o
LOAD build/stm32g4xx_hal_tim_ex.o
LOAD build/stm32g4xx_hal_uart.o
LOAD build/stm32g4xx_hal_uart_ex.o
LOAD build/system_stm32g4xx.o
LOAD build/croutine.o
LOAD build/event_groups.o
LOAD build/list.o
LOAD build/queue.o
LOAD build/stream_buffer.o
LOAD build/tasks.o
LOAD build/timers.o
LOAD build/cmsis_os2.o
LOAD build/heap_4.o
LOAD build/port.o
LOAD build/startup_stm32g474xx.o
LOAD /usr/lib/gcc/arm-none-eabi/9.2.1/../../../arm-none-eabi/lib/thumb/v7e-m+fp/hard/libc_nano.a
LOAD /usr/lib/gcc/arm-none-eabi/9.2.1/../../../arm-none-eabi/lib/thumb/v7e-m+fp/hard/libm.a
LOAD /usr/lib/gcc/arm-none-eabi/9.2.1/../../../arm-none-eabi/lib/thumb/v7e-m+fp/hard/libnosys.a
START GROUP
LOAD /usr/lib/gcc/arm-none-eabi/9.2.1/thumb/v7e-m+fp/hard/libgcc.a
LOAD /usr/lib/gcc/arm-none-eabi/9.2.1/../../../arm-none-eabi/lib/thumb/v7e-m+fp/hard/libc_nano.a
END GROUP
START GROUP
LOAD /usr/lib/gcc/arm-none-eabi/9.2.1/thumb/v7e-m+fp/hard/libgcc.a
LOAD /usr/lib/gcc/arm-none-eabi/9.2.1/../../../arm-none-eabi/lib/thumb/v7e-m+fp/hard/libc_nano.a
END GROUP
LOAD /usr/lib/gcc/arm-none-eabi/9.2.1/thumb/v7e-m+fp/hard/crtend.o
LOAD /usr/lib/gcc/arm-none-eabi/9.2.1/thumb/v7e-m+fp/hard/crtn.o
                0x0000000020020000                _estack = 0x20020000
                0x0000000000000200                _Min_Heap_Size = 0x200
                0x0000000000000400                _Min_Stack_Size = 0x400

.isr_vector     0x0000000008000000      0x1d8
                0x0000000008000000                . = ALIGN (0x4)
 *(.isr_vector)
 .isr_vector    0x0000000008000000      0x1d8 build/startup_stm32g474xx.o
                0x0000000008000000                g_pfnVectors
                0x00000000080001d8                . = ALIGN (0x4)

.text           0x00000000080001e0     0x6200
                0x00000000080001e0                . = ALIGN (0x4)
 *(.text)
 .text          0x00000000080001e0       0x88 /usr/lib/gcc/arm-none-eabi/9.2.1/thumb/v7e-m+fp/hard/crtbegin.o
 .text          0x0000000008000268       0x48 /usr/lib/gcc/arm-none-eabi/9.2.1/../../../arm-none-eabi/lib/thumb/v7e-m+fp/hard/libc_nano.a(lib_a-init.o)
                0x0000000008000268                __libc_init_array
 .text          0x00000000080002b0      0x134 /usr/lib/gcc/arm-none-eabi/9.2.1/../../../arm-none-eabi/lib/thumb/v7e-m+fp/hard/libc_nano.a(lib_a-memcpy.o)
                0x00000000080002b0                memcpy
 .text          0x00000000080003e4       0xa0 /usr/lib/gcc/arm-none-eabi/9.2.1/../../../arm-none-eabi/lib/thumb/v7e-m+fp/hard/libc_nano.a(lib_a-memset.o)
                0x00000000080003e4                memset
 .text          0x0000000008000484       0x30 /usr/lib/gcc/arm-none-eabi/9.2.1/thumb/v7e-m+fp/hard/libgcc.a(_aeabi_uldivmod.o)
                0x0000000008000484                __aeabi_uldivmod
 .text          0x00000000080004b4      0x2c4 /usr/lib/gcc/arm-none-eabi/9.2.1/thumb/v7e-m+fp/hard/libgcc.a(_udivmoddi4.o)
                0x00000000080004b4                __udivmoddi4
 .text          0x0000000008000778        0x4 /usr/lib/gcc/arm-none-eabi/9.2.1/thumb/v7e-m+fp/hard/libgcc.a(_dvmd_tls.o)
                0x0000000008000778                __aeabi_ldiv0
                0x0000000008000778                __aeabi_idiv0
 *(.text*)
 .text.SystemClock_Config
                0x000000000800077c       0x88 build/main.o
                0x000000000800077c                SystemClock_Config
 .text.startup.main
                0x0000000008000804       0x50 build/main.o
                0x0000000008000804                main
 .text.HAL_TIM_PeriodElapsedCallback
                0x0000000008000854       0x14 build/main.o
                0x0000000008000854                HAL_TIM_PeriodElapsedCallback
 .text.Error_Handler
                0x0000000008000868        0x4 build/main.o
                0x0000000008000868                Error_Handler
 .text.MX_GPIO_Init
                0x000000000800086c       0xcc build/gpio.o
                0x000000000800086c                MX_GPIO_Init
 .text.StartDefaultTask
                0x0000000008000938       0x1c build/app_freertos.o
                0x0000000008000938                StartDefaultTask
 .text.MX_FREERTOS_Init
                0x0000000008000954       0x20 build/app_freertos.o
                0x0000000008000954                MX_FREERTOS_Init
 .text.MX_ADC1_Init
                0x0000000008000974       0x9c build/adc.o
                0x0000000008000974                MX_ADC1_Init
 .text.MX_ADC2_Init
                0x0000000008000a10       0x84 build/adc.o
                0x0000000008000a10                MX_ADC2_Init
 .text.MX_ADC3_Init
                0x0000000008000a94       0xa0 build/adc.o
                0x0000000008000a94                MX_ADC3_Init
 .text.MX_ADC4_Init
                0x0000000008000b34       0x84 build/adc.o
                0x0000000008000b34                MX_ADC4_Init
 .text.MX_ADC5_Init
                0x0000000008000bb8       0x84 build/adc.o
                0x0000000008000bb8                MX_ADC5_Init
 .text.HAL_ADC_MspInit
                0x0000000008000c3c      0x1e0 build/adc.o
                0x0000000008000c3c                HAL_ADC_MspInit
 .text.MX_CORDIC_Init
                0x0000000008000e1c       0x20 build/cordic.o
                0x0000000008000e1c                MX_CORDIC_Init
 .text.HAL_CORDIC_MspInit
                0x0000000008000e3c       0x30 build/cordic.o
                0x0000000008000e3c                HAL_CORDIC_MspInit
 .text.MX_FDCAN3_Init
                0x0000000008000e6c       0x48 build/fdcan.o
                0x0000000008000e6c                MX_FDCAN3_Init
 .text.HAL_FDCAN_MspInit
                0x0000000008000eb4       0x68 build/fdcan.o
                0x0000000008000eb4                HAL_FDCAN_MspInit
 .text.MX_FMAC_Init
                0x0000000008000f1c       0x20 build/fmac.o
                0x0000000008000f1c                MX_FMAC_Init
 .text.HAL_FMAC_MspInit
                0x0000000008000f3c       0x2c build/fmac.o
                0x0000000008000f3c                HAL_FMAC_MspInit
 .text.MX_SPI1_Init
                0x0000000008000f68       0x4c build/spi.o
                0x0000000008000f68                MX_SPI1_Init
 .text.MX_SPI2_Init
                0x0000000008000fb4       0x4c build/spi.o
                0x0000000008000fb4                MX_SPI2_Init
 .text.HAL_SPI_MspInit
                0x0000000008001000       0xe4 build/spi.o
                0x0000000008001000                HAL_SPI_MspInit
 .text.MX_TIM2_Init
                0x00000000080010e4       0x68 build/tim.o
                0x00000000080010e4                MX_TIM2_Init
 .text.HAL_TIM_Encoder_MspInit
                0x000000000800114c       0x64 build/tim.o
                0x000000000800114c                HAL_TIM_Encoder_MspInit
 .text.HAL_TIM_Base_MspInit
                0x00000000080011b0       0x2c build/tim.o
                0x00000000080011b0                HAL_TIM_Base_MspInit
 .text.HAL_TIM_MspPostInit
                0x00000000080011dc       0x70 build/tim.o
                0x00000000080011dc                HAL_TIM_MspPostInit
 .text.MX_TIM8_Init
                0x000000000800124c      0x14c build/tim.o
                0x000000000800124c                MX_TIM8_Init
 .text.MX_USART2_UART_Init
                0x0000000008001398       0x88 build/usart.o
                0x0000000008001398                MX_USART2_UART_Init
 .text.HAL_UART_MspInit
                0x0000000008001420       0x68 build/usart.o
                0x0000000008001420                HAL_UART_MspInit
 .text.NMI_Handler
                0x0000000008001488        0x4 build/stm32g4xx_it.o
                0x0000000008001488                NMI_Handler
 .text.HardFault_Handler
                0x000000000800148c        0x4 build/stm32g4xx_it.o
                0x000000000800148c                HardFault_Handler
 .text.MemManage_Handler
                0x0000000008001490        0x4 build/stm32g4xx_it.o
                0x0000000008001490                MemManage_Handler
 .text.BusFault_Handler
                0x0000000008001494        0x4 build/stm32g4xx_it.o
                0x0000000008001494                BusFault_Handler
 .text.UsageFault_Handler
                0x0000000008001498        0x4 build/stm32g4xx_it.o
                0x0000000008001498                UsageFault_Handler
 .text.DebugMon_Handler
                0x000000000800149c        0x4 build/stm32g4xx_it.o
                0x000000000800149c                DebugMon_Handler
 .text.TIM6_DAC_IRQHandler
                0x00000000080014a0        0xc build/stm32g4xx_it.o
                0x00000000080014a0                TIM6_DAC_IRQHandler
 .text.HAL_MspInit
                0x00000000080014ac       0x34 build/stm32g4xx_hal_msp.o
                0x00000000080014ac                HAL_MspInit
 .text.HAL_InitTick
                0x00000000080014e0       0x94 build/stm32g4xx_hal_timebase_tim.o
                0x00000000080014e0                HAL_InitTick
 .text.LL_GPIO_Init
                0x0000000008001574      0x17c build/stm32g4xx_ll_gpio.o
                0x0000000008001574                LL_GPIO_Init
 .text.HAL_ADC_Init
                0x00000000080016f0      0x24c build/stm32g4xx_hal_adc.o
                0x00000000080016f0                HAL_ADC_Init
 .text.HAL_ADC_ConfigChannel
                0x000000000800193c      0x528 build/stm32g4xx_hal_adc.o
                0x000000000800193c                HAL_ADC_ConfigChannel
 .text.HAL_ADCEx_MultiModeConfigChannel
                0x0000000008001e64      0x158 build/stm32g4xx_hal_adc_ex.o
                0x0000000008001e64                HAL_ADCEx_MultiModeConfigChannel
 .text.HAL_GPIO_Init
                0x0000000008001fbc      0x1e8 build/stm32g4xx_hal_gpio.o
                0x0000000008001fbc                HAL_GPIO_Init
 .text.HAL_GPIO_WritePin
                0x00000000080021a4        0xc build/stm32g4xx_hal_gpio.o
                0x00000000080021a4                HAL_GPIO_WritePin
 .text.HAL_Init
                0x00000000080021b0       0x20 build/stm32g4xx_hal.o
                0x00000000080021b0                HAL_Init
 .text.HAL_IncTick
                0x00000000080021d0       0x18 build/stm32g4xx_hal.o
                0x00000000080021d0                HAL_IncTick
 .text.HAL_GetTick
                0x00000000080021e8        0xc build/stm32g4xx_hal.o
                0x00000000080021e8                HAL_GetTick
 .text.HAL_RCC_OscConfig
                0x00000000080021f4      0x498 build/stm32g4xx_hal_rcc.o
                0x00000000080021f4                HAL_RCC_OscConfig
 .text.HAL_RCC_GetSysClockFreq
                0x000000000800268c       0x70 build/stm32g4xx_hal_rcc.o
                0x000000000800268c                HAL_RCC_GetSysClockFreq
 .text.HAL_RCC_ClockConfig
                0x00000000080026fc      0x224 build/stm32g4xx_hal_rcc.o
                0x00000000080026fc                HAL_RCC_ClockConfig
 .text.HAL_RCC_GetPCLK1Freq
                0x0000000008002920       0x24 build/stm32g4xx_hal_rcc.o
                0x0000000008002920                HAL_RCC_GetPCLK1Freq
 .text.HAL_RCC_GetPCLK2Freq
                0x0000000008002944       0x24 build/stm32g4xx_hal_rcc.o
                0x0000000008002944                HAL_RCC_GetPCLK2Freq
 .text.HAL_RCC_GetClockConfig
                0x0000000008002968       0x44 build/stm32g4xx_hal_rcc.o
                0x0000000008002968                HAL_RCC_GetClockConfig
 .text.HAL_RCCEx_PeriphCLKConfig
                0x00000000080029ac      0x310 build/stm32g4xx_hal_rcc_ex.o
                0x00000000080029ac                HAL_RCCEx_PeriphCLKConfig
 .text.HAL_PWREx_ControlVoltageScaling
                0x0000000008002cbc       0xfc build/stm32g4xx_hal_pwr_ex.o
                0x0000000008002cbc                HAL_PWREx_ControlVoltageScaling
 .text.HAL_PWREx_DisableUCPDDeadBattery
                0x0000000008002db8       0x10 build/stm32g4xx_hal_pwr_ex.o
                0x0000000008002db8                HAL_PWREx_DisableUCPDDeadBattery
 .text.HAL_NVIC_SetPriorityGrouping
                0x0000000008002dc8       0x28 build/stm32g4xx_hal_cortex.o
                0x0000000008002dc8                HAL_NVIC_SetPriorityGrouping
 .text.HAL_NVIC_SetPriority
                0x0000000008002df0       0x70 build/stm32g4xx_hal_cortex.o
                0x0000000008002df0                HAL_NVIC_SetPriority
 .text.HAL_NVIC_EnableIRQ
                0x0000000008002e60       0x1c build/stm32g4xx_hal_cortex.o
                0x0000000008002e60                HAL_NVIC_EnableIRQ
 .text.HAL_CORDIC_Init
                0x0000000008002e7c       0x34 build/stm32g4xx_hal_cordic.o
                0x0000000008002e7c                HAL_CORDIC_Init
 .text.HAL_FDCAN_Init
                0x0000000008002eb0      0x280 build/stm32g4xx_hal_fdcan.o
                0x0000000008002eb0                HAL_FDCAN_Init
 .text.FMAC_Reset
                0x0000000008003130       0x40 build/stm32g4xx_hal_fmac.o
 .text.HAL_FMAC_Init
                0x0000000008003170       0x68 build/stm32g4xx_hal_fmac.o
                0x0000000008003170                HAL_FMAC_Init
 .text.HAL_SPI_Init
                0x00000000080031d8      0x10c build/stm32g4xx_hal_spi.o
                0x00000000080031d8                HAL_SPI_Init
 .text.TIM_OC1_SetConfig
                0x00000000080032e4       0x84 build/stm32g4xx_hal_tim.o
 .text.TIM_OC3_SetConfig
                0x0000000008003368       0xa4 build/stm32g4xx_hal_tim.o
 .text.TIM_OC4_SetConfig
                0x000000000800340c       0xa4 build/stm32g4xx_hal_tim.o
 .text.TIM_OC5_SetConfig
                0x00000000080034b0       0x74 build/stm32g4xx_hal_tim.o
 .text.TIM_OC6_SetConfig
                0x0000000008003524       0x74 build/stm32g4xx_hal_tim.o
 .text.HAL_TIM_Base_Start_IT
                0x0000000008003598       0x84 build/stm32g4xx_hal_tim.o
                0x0000000008003598                HAL_TIM_Base_Start_IT
 .text.HAL_TIM_OC_MspInit
                0x000000000800361c        0x4 build/stm32g4xx_hal_tim.o
                0x000000000800361c                HAL_TIM_OC_MspInit
 .text.HAL_TIM_PWM_MspInit
                0x0000000008003620        0x4 build/stm32g4xx_hal_tim.o
                0x0000000008003620                HAL_TIM_PWM_MspInit
 .text.HAL_TIM_ConfigClockSource
                0x0000000008003624      0x1a0 build/stm32g4xx_hal_tim.o
                0x0000000008003624                HAL_TIM_ConfigClockSource
 .text.HAL_TIM_OC_DelayElapsedCallback
                0x00000000080037c4        0x4 build/stm32g4xx_hal_tim.o
                0x00000000080037c4                HAL_TIM_OC_DelayElapsedCallback
 .text.HAL_TIM_IC_CaptureCallback
                0x00000000080037c8        0x4 build/stm32g4xx_hal_tim.o
                0x00000000080037c8                HAL_TIM_IC_CaptureCallback
 .text.HAL_TIM_PWM_PulseFinishedCallback
                0x00000000080037cc        0x4 build/stm32g4xx_hal_tim.o
                0x00000000080037cc                HAL_TIM_PWM_PulseFinishedCallback
 .text.HAL_TIM_TriggerCallback
                0x00000000080037d0        0x4 build/stm32g4xx_hal_tim.o
                0x00000000080037d0                HAL_TIM_TriggerCallback
 .text.HAL_TIM_IRQHandler
                0x00000000080037d4      0x1f4 build/stm32g4xx_hal_tim.o
                0x00000000080037d4                HAL_TIM_IRQHandler
 .text.TIM_Base_SetConfig
                0x00000000080039c8       0xd0 build/stm32g4xx_hal_tim.o
                0x00000000080039c8                TIM_Base_SetConfig
 .text.HAL_TIM_Base_Init
                0x0000000008003a98       0x64 build/stm32g4xx_hal_tim.o
                0x0000000008003a98                HAL_TIM_Base_Init
 .text.HAL_TIM_OC_Init
                0x0000000008003afc       0x64 build/stm32g4xx_hal_tim.o
                0x0000000008003afc                HAL_TIM_OC_Init
 .text.HAL_TIM_PWM_Init
                0x0000000008003b60       0x64 build/stm32g4xx_hal_tim.o
                0x0000000008003b60                HAL_TIM_PWM_Init
 .text.HAL_TIM_Encoder_Init
                0x0000000008003bc4       0xbc build/stm32g4xx_hal_tim.o
                0x0000000008003bc4                HAL_TIM_Encoder_Init
 .text.TIM_OC2_SetConfig
                0x0000000008003c80       0xa4 build/stm32g4xx_hal_tim.o
                0x0000000008003c80                TIM_OC2_SetConfig
 .text.HAL_TIM_OC_ConfigChannel
                0x0000000008003d24       0x88 build/stm32g4xx_hal_tim.o
                0x0000000008003d24                HAL_TIM_OC_ConfigChannel
 .text.HAL_TIM_PWM_ConfigChannel
                0x0000000008003dac      0x130 build/stm32g4xx_hal_tim.o
                0x0000000008003dac                HAL_TIM_PWM_ConfigChannel
 .text.HAL_TIMEx_MasterConfigSynchronization
                0x0000000008003edc       0xc8 build/stm32g4xx_hal_tim_ex.o
                0x0000000008003edc                HAL_TIMEx_MasterConfigSynchronization
 .text.HAL_TIMEx_ConfigBreakDeadTime
                0x0000000008003fa4       0xa0 build/stm32g4xx_hal_tim_ex.o
                0x0000000008003fa4                HAL_TIMEx_ConfigBreakDeadTime
 .text.HAL_TIMEx_CommutCallback
                0x0000000008004044        0x4 build/stm32g4xx_hal_tim_ex.o
                0x0000000008004044                HAL_TIMEx_CommutCallback
 .text.HAL_TIMEx_BreakCallback
                0x0000000008004048        0x4 build/stm32g4xx_hal_tim_ex.o
                0x0000000008004048                HAL_TIMEx_BreakCallback
 .text.HAL_TIMEx_Break2Callback
                0x000000000800404c        0x4 build/stm32g4xx_hal_tim_ex.o
                0x000000000800404c                HAL_TIMEx_Break2Callback
 .text.HAL_TIMEx_EncoderIndexCallback
                0x0000000008004050        0x4 build/stm32g4xx_hal_tim_ex.o
                0x0000000008004050                HAL_TIMEx_EncoderIndexCallback
 .text.HAL_TIMEx_DirectionChangeCallback
                0x0000000008004054        0x4 build/stm32g4xx_hal_tim_ex.o
                0x0000000008004054                HAL_TIMEx_DirectionChangeCallback
 .text.HAL_TIMEx_IndexErrorCallback
                0x0000000008004058        0x4 build/stm32g4xx_hal_tim_ex.o
                0x0000000008004058                HAL_TIMEx_IndexErrorCallback
 .text.HAL_TIMEx_TransitionErrorCallback
                0x000000000800405c        0x4 build/stm32g4xx_hal_tim_ex.o
                0x000000000800405c                HAL_TIMEx_TransitionErrorCallback
 .text.UART_SetConfig
                0x0000000008004060      0x324 build/stm32g4xx_hal_uart.o
                0x0000000008004060                UART_SetConfig
 .text.UART_AdvFeatureConfig
                0x0000000008004384       0xb0 build/stm32g4xx_hal_uart.o
                0x0000000008004384                UART_AdvFeatureConfig
 .text.UART_WaitOnFlagUntilTimeout
                0x0000000008004434       0xa8 build/stm32g4xx_hal_uart.o
                0x0000000008004434                UART_WaitOnFlagUntilTimeout
 .text.UART_CheckIdleState
                0x00000000080044dc       0x70 build/stm32g4xx_hal_uart.o
                0x00000000080044dc                UART_CheckIdleState
 .text.HAL_UART_Init
                0x000000000800454c       0x68 build/stm32g4xx_hal_uart.o
                0x000000000800454c                HAL_UART_Init
 .text.UARTEx_SetNbDataToProcess
                0x00000000080045b4       0x70 build/stm32g4xx_hal_uart_ex.o
 .text.HAL_UARTEx_DisableFifoMode
                0x0000000008004624       0x3c build/stm32g4xx_hal_uart_ex.o
                0x0000000008004624                HAL_UARTEx_DisableFifoMode
 .text.HAL_UARTEx_SetTxFifoThreshold
                0x0000000008004660       0x4c build/stm32g4xx_hal_uart_ex.o
                0x0000000008004660                HAL_UARTEx_SetTxFifoThreshold
 .text.HAL_UARTEx_SetRxFifoThreshold
                0x00000000080046ac       0x4c build/stm32g4xx_hal_uart_ex.o
                0x00000000080046ac                HAL_UARTEx_SetRxFifoThreshold
 .text.SystemInit
                0x00000000080046f8       0x1c build/system_stm32g4xx.o
                0x00000000080046f8                SystemInit
 .text.vListInitialise
                0x0000000008004714       0x18 build/list.o
                0x0000000008004714                vListInitialise
 .text.vListInitialiseItem
                0x000000000800472c        0x8 build/list.o
                0x000000000800472c                vListInitialiseItem
 .text.vListInsertEnd
                0x0000000008004734       0x20 build/list.o
                0x0000000008004734                vListInsertEnd
 .text.vListInsert
                0x0000000008004754       0x30 build/list.o
                0x0000000008004754                vListInsert
 .text.uxListRemove
                0x0000000008004784       0x28 build/list.o
                0x0000000008004784                uxListRemove
 .text.prvCopyDataToQueue
                0x00000000080047ac       0x7c build/queue.o
 .text.prvCopyDataFromQueue
                0x0000000008004828       0x24 build/queue.o
 .text.prvUnlockQueue
                0x000000000800484c       0x90 build/queue.o
 .text.xQueueGenericReset
                0x00000000080048dc       0x8c build/queue.o
                0x00000000080048dc                xQueueGenericReset
 .text.xQueueGenericCreateStatic
                0x0000000008004968       0xb0 build/queue.o
                0x0000000008004968                xQueueGenericCreateStatic
 .text.xQueueGenericSend
                0x0000000008004a18      0x180 build/queue.o
                0x0000000008004a18                xQueueGenericSend
 .text.xQueueGenericSendFromISR
                0x0000000008004b98       0xcc build/queue.o
                0x0000000008004b98                xQueueGenericSendFromISR
 .text.xQueueReceive
                0x0000000008004c64      0x168 build/queue.o
                0x0000000008004c64                xQueueReceive
 .text.vQueueAddToRegistry
                0x0000000008004dcc       0x28 build/queue.o
                0x0000000008004dcc                vQueueAddToRegistry
 .text.vQueueWaitForMessageRestricted
                0x0000000008004df4       0x50 build/queue.o
                0x0000000008004df4                vQueueWaitForMessageRestricted
 .text.prvAddNewTaskToReadyList
                0x0000000008004e44      0x114 build/tasks.o
 .text.prvResetNextTaskUnblockTime.part.0
                0x0000000008004f58       0x18 build/tasks.o
 .text.prvInitialiseNewTask.isra.0
                0x0000000008004f70       0x98 build/tasks.o
 .text.prvDeleteTCB
                0x0000000008005008       0x3c build/tasks.o
 .text.prvIdleTask
                0x0000000008005044       0x6c build/tasks.o
 .text.prvAddCurrentTaskToDelayedList
                0x00000000080050b0       0x74 build/tasks.o
 .text.xTaskCreateStatic
                0x0000000008005124       0x70 build/tasks.o
                0x0000000008005124                xTaskCreateStatic
 .text.xTaskCreate
                0x0000000008005194       0x68 build/tasks.o
                0x0000000008005194                xTaskCreate
 .text.vTaskStartScheduler
                0x00000000080051fc       0x88 build/tasks.o
                0x00000000080051fc                vTaskStartScheduler
 .text.vTaskSuspendAll
                0x0000000008005284       0x10 build/tasks.o
                0x0000000008005284                vTaskSuspendAll
 .text.xTaskGetTickCount
                0x0000000008005294        0xc build/tasks.o
                0x0000000008005294                xTaskGetTickCount
 .text.xTaskIncrementTick
                0x00000000080052a0      0x15c build/tasks.o
                0x00000000080052a0                xTaskIncrementTick
 .text.xTaskResumeAll
                0x00000000080053fc      0x114 build/tasks.o
                0x00000000080053fc                xTaskResumeAll
 .text.vTaskDelay
                0x0000000008005510       0x48 build/tasks.o
                0x0000000008005510                vTaskDelay
 .text.vTaskSwitchContext
                0x0000000008005558       0x88 build/tasks.o
                0x0000000008005558                vTaskSwitchContext
 .text.vTaskPlaceOnEventList
                0x00000000080055e0       0x34 build/tasks.o
                0x00000000080055e0                vTaskPlaceOnEventList
 .text.vTaskPlaceOnEventListRestricted
                0x0000000008005614       0x40 build/tasks.o
                0x0000000008005614                vTaskPlaceOnEventListRestricted
 .text.xTaskRemoveFromEventList
                0x0000000008005654       0x90 build/tasks.o
                0x0000000008005654                xTaskRemoveFromEventList
 .text.vTaskInternalSetTimeOutState
                0x00000000080056e4       0x18 build/tasks.o
                0x00000000080056e4                vTaskInternalSetTimeOutState
 .text.xTaskCheckForTimeOut
                0x00000000080056fc       0x90 build/tasks.o
                0x00000000080056fc                xTaskCheckForTimeOut
 .text.vTaskMissedYield
                0x000000000800578c        0xc build/tasks.o
                0x000000000800578c                vTaskMissedYield
 .text.xTaskGetSchedulerState
                0x0000000008005798       0x20 build/tasks.o
                0x0000000008005798                xTaskGetSchedulerState
 .text.xTaskPriorityDisinherit
                0x00000000080057b8       0x8c build/tasks.o
                0x00000000080057b8                xTaskPriorityDisinherit
 .text.prvCheckForValidListAndQueue
                0x0000000008005844       0x6c build/timers.o
 .text.prvInsertTimerInActiveList
                0x00000000080058b0       0x44 build/timers.o
 .text.xTimerCreateTimerTask
                0x00000000080058f4       0x64 build/timers.o
                0x00000000080058f4                xTimerCreateTimerTask
 .text.xTimerGenericCommand
                0x0000000008005958       0x64 build/timers.o
                0x0000000008005958                xTimerGenericCommand
 .text.prvSwitchTimerLists
                0x00000000080059bc       0x88 build/timers.o
 .text.prvTimerTask
                0x0000000008005a44      0x214 build/timers.o
 .text.osKernelInitialize
                0x0000000008005c58       0x38 build/cmsis_os2.o
                0x0000000008005c58                osKernelInitialize
 .text.osKernelStart
                0x0000000008005c90       0x44 build/cmsis_os2.o
                0x0000000008005c90                osKernelStart
 .text.osThreadNew
                0x0000000008005cd4       0xb8 build/cmsis_os2.o
                0x0000000008005cd4                osThreadNew
 .text.osDelay  0x0000000008005d8c       0x40 build/cmsis_os2.o
                0x0000000008005d8c                osDelay
 .text.vApplicationGetIdleTaskMemory
                0x0000000008005dcc       0x1c build/cmsis_os2.o
                0x0000000008005dcc                vApplicationGetIdleTaskMemory
 .text.vApplicationGetTimerTaskMemory
                0x0000000008005de8       0x20 build/cmsis_os2.o
                0x0000000008005de8                vApplicationGetTimerTaskMemory
 .text.prvInsertBlockIntoFreeList
                0x0000000008005e08       0x60 build/heap_4.o
 .text.pvPortMalloc
                0x0000000008005e68      0x120 build/heap_4.o
                0x0000000008005e68                pvPortMalloc
 .text.vPortFree
                0x0000000008005f88       0x70 build/heap_4.o
                0x0000000008005f88                vPortFree
 .text.prvPortStartFirstTask
                0x0000000008005ff8       0x28 build/port.o
 .text.vPortEnableVFP
                0x0000000008006020       0x14 build/port.o
 .text.prvTaskExitError
                0x0000000008006034       0x40 build/port.o
 .text.pxPortInitialiseStack
                0x0000000008006074       0x30 build/port.o
                0x0000000008006074                pxPortInitialiseStack
 *fill*         0x00000000080060a4        0xc 
 .text.SVC_Handler
                0x00000000080060b0       0x24 build/port.o
                0x00000000080060b0                SVC_Handler
 .text.vPortEnterCritical
                0x00000000080060d4       0x44 build/port.o
                0x00000000080060d4                vPortEnterCritical
 .text.vPortExitCritical
                0x0000000008006118       0x28 build/port.o
                0x0000000008006118                vPortExitCritical
 .text.PendSV_Handler
                0x0000000008006140       0x64 build/port.o
                0x0000000008006140                PendSV_Handler
 .text.SysTick_Handler
                0x00000000080061a4       0x2c build/port.o
                0x00000000080061a4                SysTick_Handler
 .text.vPortSetupTimerInterrupt
                0x00000000080061d0       0x3c build/port.o
                0x00000000080061d0                vPortSetupTimerInterrupt
 .text.xPortStartScheduler
                0x000000000800620c      0x10c build/port.o
                0x000000000800620c                xPortStartScheduler
 .text.vPortValidateInterruptPriority
                0x0000000008006318       0x5c build/port.o
                0x0000000008006318                vPortValidateInterruptPriority
 .text.Reset_Handler
                0x0000000008006374       0x50 build/startup_stm32g474xx.o
                0x0000000008006374                Reset_Handler
 .text.Default_Handler
                0x00000000080063c4        0x2 build/startup_stm32g474xx.o
                0x00000000080063c4                RTC_Alarm_IRQHandler
                0x00000000080063c4                EXTI2_IRQHandler
                0x00000000080063c4                TIM8_TRG_COM_IRQHandler
                0x00000000080063c4                TIM8_CC_IRQHandler
                0x00000000080063c4                HRTIM1_Master_IRQHandler
                0x00000000080063c4                SPI4_IRQHandler
                0x00000000080063c4                FDCAN3_IT0_IRQHandler
                0x00000000080063c4                TIM1_CC_IRQHandler
                0x00000000080063c4                HRTIM1_FLT_IRQHandler
                0x00000000080063c4                HRTIM1_TIMF_IRQHandler
                0x00000000080063c4                USB_HP_IRQHandler
                0x00000000080063c4                CORDIC_IRQHandler
                0x00000000080063c4                HRTIM1_TIMD_IRQHandler
                0x00000000080063c4                DMA2_Channel8_IRQHandler
                0x00000000080063c4                EXTI3_IRQHandler
                0x00000000080063c4                I2C3_ER_IRQHandler
                0x00000000080063c4                EXTI0_IRQHandler
                0x00000000080063c4                I2C2_EV_IRQHandler
                0x00000000080063c4                FPU_IRQHandler
                0x00000000080063c4                FDCAN1_IT1_IRQHandler
                0x00000000080063c4                TIM1_UP_TIM16_IRQHandler
                0x00000000080063c4                ADC1_2_IRQHandler
                0x00000000080063c4                HRTIM1_TIME_IRQHandler
                0x00000000080063c4                SPI1_IRQHandler
                0x00000000080063c4                HRTIM1_TIMC_IRQHandler
                0x00000000080063c4                TIM8_UP_IRQHandler
                0x00000000080063c4                DMA2_Channel2_IRQHandler
                0x00000000080063c4                DMA1_Channel4_IRQHandler
                0x00000000080063c4                TIM20_TRG_COM_IRQHandler
                0x00000000080063c4                USART3_IRQHandler
                0x00000000080063c4                DMA1_Channel7_IRQHandler
                0x00000000080063c4                UART5_IRQHandler
                0x00000000080063c4                ADC3_IRQHandler
                0x00000000080063c4                TIM4_IRQHandler
                0x00000000080063c4                DMA2_Channel1_IRQHandler
                0x00000000080063c4                QUADSPI_IRQHandler
                0x00000000080063c4                I2C1_EV_IRQHandler
                0x00000000080063c4                DMA1_Channel6_IRQHandler
                0x00000000080063c4                UART4_IRQHandler
                0x00000000080063c4                DMA2_Channel4_IRQHandler
                0x00000000080063c4                TIM3_IRQHandler
                0x00000000080063c4                RCC_IRQHandler
                0x00000000080063c4                TIM20_UP_IRQHandler
                0x00000000080063c4                DMA1_Channel1_IRQHandler
                0x00000000080063c4                Default_Handler
                0x00000000080063c4                DMA2_Channel7_IRQHandler
                0x00000000080063c4                RTC_TAMP_LSECSS_IRQHandler
                0x00000000080063c4                FMAC_IRQHandler
                0x00000000080063c4                EXTI15_10_IRQHandler
                0x00000000080063c4                DMA1_Channel8_IRQHandler
                0x00000000080063c4                HRTIM1_TIMA_IRQHandler
                0x00000000080063c4                TIM7_DAC_IRQHandler
                0x00000000080063c4                FDCAN3_IT1_IRQHandler
                0x00000000080063c4                TIM5_IRQHandler
                0x00000000080063c4                UCPD1_IRQHandler
                0x00000000080063c4                I2C3_EV_IRQHandler
                0x00000000080063c4                EXTI9_5_IRQHandler
                0x00000000080063c4                RTC_WKUP_IRQHandler
                0x00000000080063c4                PVD_PVM_IRQHandler
                0x00000000080063c4                SPI2_IRQHandler
                0x00000000080063c4                ADC5_IRQHandler
                0x00000000080063c4                DMA2_Channel5_IRQHandler
                0x00000000080063c4                CRS_IRQHandler
                0x00000000080063c4                DMA1_Channel5_IRQHandler
                0x00000000080063c4                USB_LP_IRQHandler
                0x00000000080063c4                EXTI4_IRQHandler
                0x00000000080063c4                RNG_IRQHandler
                0x00000000080063c4                HRTIM1_TIMB_IRQHandler
                0x00000000080063c4                TIM1_TRG_COM_TIM17_IRQHandler
                0x00000000080063c4                FDCAN2_IT1_IRQHandler
                0x00000000080063c4                DMA1_Channel3_IRQHandler
                0x00000000080063c4                ADC4_IRQHandler
                0x00000000080063c4                WWDG_IRQHandler
                0x00000000080063c4                I2C4_EV_IRQHandler
                0x00000000080063c4                FDCAN2_IT0_IRQHandler
                0x00000000080063c4                LPUART1_IRQHandler
                0x00000000080063c4                DMA2_Channel6_IRQHandler
                0x00000000080063c4                FDCAN1_IT0_IRQHandler
                0x00000000080063c4                TIM2_IRQHandler
                0x00000000080063c4                COMP7_IRQHandler
                0x00000000080063c4                COMP1_2_3_IRQHandler
                0x00000000080063c4                EXTI1_IRQHandler
                0x00000000080063c4                USART2_IRQHandler
                0x00000000080063c4                COMP4_5_6_IRQHandler
                0x00000000080063c4                TIM20_BRK_IRQHandler
                0x00000000080063c4                I2C2_ER_IRQHandler
                0x00000000080063c4                DMA1_Channel2_IRQHandler
                0x00000000080063c4                TIM8_BRK_IRQHandler
                0x00000000080063c4                FLASH_IRQHandler
                0x00000000080063c4                TIM20_CC_IRQHandler
                0x00000000080063c4                USART1_IRQHandler
                0x00000000080063c4                SPI3_IRQHandler
                0x00000000080063c4                I2C1_ER_IRQHandler
                0x00000000080063c4                FMC_IRQHandler
                0x00000000080063c4                LPTIM1_IRQHandler
                0x00000000080063c4                DMAMUX_OVR_IRQHandler
                0x00000000080063c4                I2C4_ER_IRQHandler
                0x00000000080063c4                USBWakeUp_IRQHandler
                0x00000000080063c4                SAI1_IRQHandler
                0x00000000080063c4                DMA2_Channel3_IRQHandler
                0x00000000080063c4                TIM1_BRK_TIM15_IRQHandler
 *(.glue_7)
 .glue_7        0x00000000080063c6        0x0 linker stubs
 *(.glue_7t)
 .glue_7t       0x00000000080063c6        0x0 linker stubs
 *(.eh_frame)
 *fill*         0x00000000080063c6        0x2 
 .eh_frame      0x00000000080063c8        0x0 /usr/lib/gcc/arm-none-eabi/9.2.1/thumb/v7e-m+fp/hard/crtbegin.o
 *(.init)
 .init          0x00000000080063c8        0x4 /usr/lib/gcc/arm-none-eabi/9.2.1/thumb/v7e-m+fp/hard/crti.o
                0x00000000080063c8                _init
 .init          0x00000000080063cc        0x8 /usr/lib/gcc/arm-none-eabi/9.2.1/thumb/v7e-m+fp/hard/crtn.o
 *(.fini)
 .fini          0x00000000080063d4        0x4 /usr/lib/gcc/arm-none-eabi/9.2.1/thumb/v7e-m+fp/hard/crti.o
                0x00000000080063d4                _fini
 .fini          0x00000000080063d8        0x8 /usr/lib/gcc/arm-none-eabi/9.2.1/thumb/v7e-m+fp/hard/crtn.o
                0x00000000080063e0                . = ALIGN (0x4)
                0x00000000080063e0                _etext = .

.vfp11_veneer   0x00000000080063e0        0x0
 .vfp11_veneer  0x00000000080063e0        0x0 linker stubs

.v4_bx          0x00000000080063e0        0x0
 .v4_bx         0x00000000080063e0        0x0 linker stubs

.iplt           0x00000000080063e0        0x0
 .iplt          0x00000000080063e0        0x0 /usr/lib/gcc/arm-none-eabi/9.2.1/thumb/v7e-m+fp/hard/crtbegin.o

.rodata         0x00000000080063e0       0xa0
                0x00000000080063e0                . = ALIGN (0x4)
 *(.rodata)
 .rodata        0x00000000080063e0        0x8 build/stm32g4xx_hal_uart_ex.o
 *(.rodata*)
 .rodata.str1.4
                0x00000000080063e8        0xc build/app_freertos.o
 .rodata.defaultTask_attributes
                0x00000000080063f4       0x24 build/app_freertos.o
                0x00000000080063f4                defaultTask_attributes
 .rodata.CSWTCH.61
                0x0000000008006418        0x3 build/stm32g4xx_hal_uart.o
 *fill*         0x000000000800641b        0x1 
 .rodata.CSWTCH.62
                0x000000000800641c        0xd build/stm32g4xx_hal_uart.o
 *fill*         0x0000000008006429        0x3 
 .rodata.UARTPrescTable
                0x000000000800642c       0x18 build/stm32g4xx_hal_uart.o
                0x000000000800642c                UARTPrescTable
 .rodata.UARTEx_SetNbDataToProcess.str1.4
                0x0000000008006444        0x9 build/stm32g4xx_hal_uart_ex.o
 *fill*         0x000000000800644d        0x3 
 .rodata.AHBPrescTable
                0x0000000008006450       0x10 build/system_stm32g4xx.o
                0x0000000008006450                AHBPrescTable
 .rodata.APBPrescTable
                0x0000000008006460        0x8 build/system_stm32g4xx.o
                0x0000000008006460                APBPrescTable
 .rodata.vTaskStartScheduler.str1.4
                0x0000000008006468        0x5 build/tasks.o
 *fill*         0x000000000800646d        0x3 
 .rodata.prvCheckForValidListAndQueue.str1.4
                0x0000000008006470        0x5 build/timers.o
 *fill*         0x0000000008006475        0x3 
 .rodata.xTimerCreateTimerTask.str1.4
                0x0000000008006478        0x8 build/timers.o
                0x0000000008006480                . = ALIGN (0x4)

.ARM.extab
 *(.ARM.extab* .gnu.linkonce.armextab.*)

.ARM            0x0000000008006480        0x8
                0x0000000008006480                __exidx_start = .
 *(.ARM.exidx*)
 .ARM.exidx     0x0000000008006480        0x8 /usr/lib/gcc/arm-none-eabi/9.2.1/thumb/v7e-m+fp/hard/libgcc.a(_udivmoddi4.o)
                0x0000000008006488                __exidx_end = .

.rel.dyn        0x0000000008006488        0x0
 .rel.iplt      0x0000000008006488        0x0 /usr/lib/gcc/arm-none-eabi/9.2.1/thumb/v7e-m+fp/hard/crtbegin.o

.preinit_array  0x0000000008006488        0x0
                0x0000000008006488                PROVIDE (__preinit_array_start = .)
 *(.preinit_array*)
                0x0000000008006488                PROVIDE (__preinit_array_end = .)

.init_array     0x0000000008006488        0x4
                0x0000000008006488                PROVIDE (__init_array_start = .)
 *(SORT_BY_NAME(.init_array.*))
 *(.init_array*)
 .init_array    0x0000000008006488        0x4 /usr/lib/gcc/arm-none-eabi/9.2.1/thumb/v7e-m+fp/hard/crtbegin.o
                0x000000000800648c                PROVIDE (__init_array_end = .)

.fini_array     0x000000000800648c        0x4
                0x000000000800648c                PROVIDE (__fini_array_start = .)
 *(SORT_BY_NAME(.fini_array.*))
 *(.fini_array*)
 .fini_array    0x000000000800648c        0x4 /usr/lib/gcc/arm-none-eabi/9.2.1/thumb/v7e-m+fp/hard/crtbegin.o
                0x0000000008006490                PROVIDE (__fini_array_end = .)
                0x0000000008006490                _sidata = LOADADDR (.data)

.data           0x0000000020000000       0x10 load address 0x0000000008006490
                0x0000000020000000                . = ALIGN (0x4)
                0x0000000020000000                _sdata = .
 *(.data)
 *(.data*)
 .data.uwTickFreq
                0x0000000020000000        0x4 build/stm32g4xx_hal.o
                0x0000000020000000                uwTickFreq
 .data.uwTickPrio
                0x0000000020000004        0x4 build/stm32g4xx_hal.o
                0x0000000020000004                uwTickPrio
 .data.SystemCoreClock
                0x0000000020000008        0x4 build/system_stm32g4xx.o
                0x0000000020000008                SystemCoreClock
 .data.uxCriticalNesting
                0x000000002000000c        0x4 build/port.o
                0x0000000020000010                . = ALIGN (0x4)
                0x0000000020000010                _edata = .

.tm_clone_table
                0x0000000020000010        0x0 load address 0x00000000080064a0
 .tm_clone_table
                0x0000000020000010        0x0 /usr/lib/gcc/arm-none-eabi/9.2.1/thumb/v7e-m+fp/hard/crtbegin.o
 .tm_clone_table
                0x0000000020000010        0x0 /usr/lib/gcc/arm-none-eabi/9.2.1/thumb/v7e-m+fp/hard/crtend.o

.igot.plt       0x0000000020000010        0x0 load address 0x00000000080064a0
 .igot.plt      0x0000000020000010        0x0 /usr/lib/gcc/arm-none-eabi/9.2.1/thumb/v7e-m+fp/hard/crtbegin.o
                0x0000000020000010                . = ALIGN (0x4)

.bss            0x0000000020000010     0x1e88 load address 0x00000000080064a0
                0x0000000020000010                _sbss = .
                0x0000000020000010                __bss_start__ = _sbss
 *(.bss)
 .bss           0x0000000020000010       0x1c /usr/lib/gcc/arm-none-eabi/9.2.1/thumb/v7e-m+fp/hard/crtbegin.o
 *(.bss*)
 .bss.HAL_RCC_ADC12_CLK_ENABLED
                0x000000002000002c        0x4 build/adc.o
 .bss.HAL_RCC_ADC345_CLK_ENABLED
                0x0000000020000030        0x4 build/adc.o
 .bss.pxCurrentTCB
                0x0000000020000034        0x4 build/tasks.o
                0x0000000020000034                pxCurrentTCB
 .bss.pxDelayedTaskList
                0x0000000020000038        0x4 build/tasks.o
 .bss.pxOverflowDelayedTaskList
                0x000000002000003c        0x4 build/tasks.o
 .bss.pxReadyTasksLists
                0x0000000020000040      0x460 build/tasks.o
 .bss.uxCurrentNumberOfTasks
                0x00000000200004a0        0x4 build/tasks.o
 .bss.uxDeletedTasksWaitingCleanUp
                0x00000000200004a4        0x4 build/tasks.o
 .bss.uxPendedTicks
                0x00000000200004a8        0x4 build/tasks.o
 .bss.uxSchedulerSuspended
                0x00000000200004ac        0x4 build/tasks.o
 .bss.uxTaskNumber
                0x00000000200004b0        0x4 build/tasks.o
 .bss.uxTopReadyPriority
                0x00000000200004b4        0x4 build/tasks.o
 .bss.xDelayedTaskList1
                0x00000000200004b8       0x14 build/tasks.o
 .bss.xDelayedTaskList2
                0x00000000200004cc       0x14 build/tasks.o
 .bss.xNextTaskUnblockTime
                0x00000000200004e0        0x4 build/tasks.o
 .bss.xNumOfOverflows
                0x00000000200004e4        0x4 build/tasks.o
 .bss.xPendingReadyList
                0x00000000200004e8       0x14 build/tasks.o
 .bss.xSchedulerRunning
                0x00000000200004fc        0x4 build/tasks.o
 .bss.xSuspendedTaskList
                0x0000000020000500       0x14 build/tasks.o
 .bss.xTasksWaitingTermination
                0x0000000020000514       0x14 build/tasks.o
 .bss.xTickCount
                0x0000000020000528        0x4 build/tasks.o
 .bss.xYieldPending
                0x000000002000052c        0x4 build/tasks.o
 .bss.pxCurrentTimerList
                0x0000000020000530        0x4 build/timers.o
 .bss.pxOverflowTimerList
                0x0000000020000534        0x4 build/timers.o
 .bss.ucStaticTimerQueueStorage.6914
                0x0000000020000538       0xa0 build/timers.o
 .bss.xActiveTimerList1
                0x00000000200005d8       0x14 build/timers.o
 .bss.xActiveTimerList2
                0x00000000200005ec       0x14 build/timers.o
 .bss.xLastTime.6863
                0x0000000020000600        0x4 build/timers.o
 .bss.xStaticTimerQueue.6913
                0x0000000020000604       0x50 build/timers.o
 .bss.xTimerQueue
                0x0000000020000654        0x4 build/timers.o
 .bss.xTimerTaskHandle
                0x0000000020000658        0x4 build/timers.o
 .bss.Idle_Stack
                0x000000002000065c      0x200 build/cmsis_os2.o
 .bss.Idle_TCB  0x000000002000085c       0x5c build/cmsis_os2.o
 .bss.KernelState
                0x00000000200008b8        0x4 build/cmsis_os2.o
 .bss.Timer_Stack
                0x00000000200008bc      0x400 build/cmsis_os2.o
 .bss.Timer_TCB
                0x0000000020000cbc       0x5c build/cmsis_os2.o
 .bss.pxEnd     0x0000000020000d18        0x4 build/heap_4.o
 .bss.ucHeap    0x0000000020000d1c      0xc00 build/heap_4.o
 .bss.xBlockAllocatedBit
                0x000000002000191c        0x4 build/heap_4.o
 .bss.xFreeBytesRemaining
                0x0000000020001920        0x4 build/heap_4.o
 .bss.xMinimumEverFreeBytesRemaining
                0x0000000020001924        0x4 build/heap_4.o
 .bss.xStart    0x0000000020001928        0x8 build/heap_4.o
 .bss.ucMaxSysCallPriority
                0x0000000020001930        0x1 build/port.o
 *fill*         0x0000000020001931        0x3 
 .bss.ulMaxPRIGROUPValue
                0x0000000020001934        0x4 build/port.o
 *(COMMON)
 COMMON         0x0000000020001938        0x4 build/app_freertos.o
                0x0000000020001938                defaultTaskHandle
 COMMON         0x000000002000193c      0x21c build/adc.o
                0x000000002000193c                hadc2
                0x00000000200019a8                hadc5
                0x0000000020001a14                hadc1
                0x0000000020001a80                hadc3
                0x0000000020001aec                hadc4
 COMMON         0x0000000020001b58       0x28 build/cordic.o
                0x0000000020001b58                hcordic
 COMMON         0x0000000020001b80       0x64 build/fdcan.o
                0x0000000020001b80                hfdcan3
 COMMON         0x0000000020001be4       0x38 build/fmac.o
                0x0000000020001be4                hfmac
 COMMON         0x0000000020001c1c       0xc8 build/spi.o
                0x0000000020001c1c                hspi2
                0x0000000020001c80                hspi1
 COMMON         0x0000000020001ce4       0x98 build/tim.o
                0x0000000020001ce4                htim8
                0x0000000020001d30                htim2
 COMMON         0x0000000020001d7c       0x8c build/usart.o
                0x0000000020001d7c                huart2
 COMMON         0x0000000020001e08       0x4c build/stm32g4xx_hal_timebase_tim.o
                0x0000000020001e08                htim6
 COMMON         0x0000000020001e54        0x4 build/stm32g4xx_hal.o
                0x0000000020001e54                uwTick
 COMMON         0x0000000020001e58       0x40 build/queue.o
                0x0000000020001e58                xQueueRegistry
                0x0000000020001e98                . = ALIGN (0x4)
                0x0000000020001e98                _ebss = .
                0x0000000020001e98                __bss_end__ = _ebss

._user_heap_stack
                0x0000000020001e98      0x600 load address 0x00000000080064a0
                0x0000000020001e98                . = ALIGN (0x8)
                [!provide]                        PROVIDE (end = .)
                [!provide]                        PROVIDE (_end = .)
                0x0000000020002098                . = (. + _Min_Heap_Size)
 *fill*         0x0000000020001e98      0x200 
                0x0000000020002498                . = (. + _Min_Stack_Size)
 *fill*         0x0000000020002098      0x400 
                0x0000000020002498                . = ALIGN (0x8)

/DISCARD/
 libc.a(*)
 libm.a(*)
 libgcc.a(*)

.ARM.attributes
                0x0000000000000000       0x30
 *(.ARM.attributes)
 .ARM.attributes
                0x0000000000000000       0x1e /usr/lib/gcc/arm-none-eabi/9.2.1/thumb/v7e-m+fp/hard/crti.o
 .ARM.attributes
                0x000000000000001e       0x34 /usr/lib/gcc/arm-none-eabi/9.2.1/thumb/v7e-m+fp/hard/crtbegin.o
 .ARM.attributes
                0x0000000000000052       0x34 build/main.o
 .ARM.attributes
                0x0000000000000086       0x34 build/gpio.o
 .ARM.attributes
                0x00000000000000ba       0x34 build/app_freertos.o
 .ARM.attributes
                0x00000000000000ee       0x34 build/adc.o
 .ARM.attributes
                0x0000000000000122       0x34 build/cordic.o
 .ARM.attributes
                0x0000000000000156       0x34 build/fdcan.o
 .ARM.attributes
                0x000000000000018a       0x34 build/fmac.o
 .ARM.attributes
                0x00000000000001be       0x34 build/spi.o
 .ARM.attributes
                0x00000000000001f2       0x34 build/tim.o
 .ARM.attributes
                0x0000000000000226       0x34 build/usart.o
 .ARM.attributes
                0x000000000000025a       0x34 build/stm32g4xx_it.o
 .ARM.attributes
                0x000000000000028e       0x34 build/stm32g4xx_hal_msp.o
 .ARM.attributes
                0x00000000000002c2       0x34 build/stm32g4xx_hal_timebase_tim.o
 .ARM.attributes
                0x00000000000002f6       0x34 build/stm32g4xx_ll_gpio.o
 .ARM.attributes
                0x000000000000032a       0x34 build/stm32g4xx_hal_adc.o
 .ARM.attributes
                0x000000000000035e       0x34 build/stm32g4xx_hal_adc_ex.o
 .ARM.attributes
                0x0000000000000392       0x34 build/stm32g4xx_hal_gpio.o
 .ARM.attributes
                0x00000000000003c6       0x34 build/stm32g4xx_hal.o
 .ARM.attributes
                0x00000000000003fa       0x34 build/stm32g4xx_hal_rcc.o
 .ARM.attributes
                0x000000000000042e       0x34 build/stm32g4xx_hal_rcc_ex.o
 .ARM.attributes
                0x0000000000000462       0x34 build/stm32g4xx_hal_pwr_ex.o
 .ARM.attributes
                0x0000000000000496       0x34 build/stm32g4xx_hal_cortex.o
 .ARM.attributes
                0x00000000000004ca       0x34 build/stm32g4xx_hal_cordic.o
 .ARM.attributes
                0x00000000000004fe       0x34 build/stm32g4xx_hal_fdcan.o
 .ARM.attributes
                0x0000000000000532       0x34 build/stm32g4xx_hal_fmac.o
 .ARM.attributes
                0x0000000000000566       0x34 build/stm32g4xx_hal_spi.o
 .ARM.attributes
                0x000000000000059a       0x34 build/stm32g4xx_hal_tim.o
 .ARM.attributes
                0x00000000000005ce       0x34 build/stm32g4xx_hal_tim_ex.o
 .ARM.attributes
                0x0000000000000602       0x34 build/stm32g4xx_hal_uart.o
 .ARM.attributes
                0x0000000000000636       0x34 build/stm32g4xx_hal_uart_ex.o
 .ARM.attributes
                0x000000000000066a       0x34 build/system_stm32g4xx.o
 .ARM.attributes
                0x000000000000069e       0x34 build/list.o
 .ARM.attributes
                0x00000000000006d2       0x34 build/queue.o
 .ARM.attributes
                0x0000000000000706       0x34 build/tasks.o
 .ARM.attributes
                0x000000000000073a       0x34 build/timers.o
 .ARM.attributes
                0x000000000000076e       0x34 build/cmsis_os2.o
 .ARM.attributes
                0x00000000000007a2       0x34 build/heap_4.o
 .ARM.attributes
                0x00000000000007d6       0x34 build/port.o
 .ARM.attributes
                0x000000000000080a       0x21 build/startup_stm32g474xx.o
 .ARM.attributes
                0x000000000000082b       0x34 /usr/lib/gcc/arm-none-eabi/9.2.1/../../../arm-none-eabi/lib/thumb/v7e-m+fp/hard/libc_nano.a(lib_a-init.o)
 .ARM.attributes
                0x000000000000085f       0x1c /usr/lib/gcc/arm-none-eabi/9.2.1/../../../arm-none-eabi/lib/thumb/v7e-m+fp/hard/libc_nano.a(lib_a-memcpy.o)
 .ARM.attributes
                0x000000000000087b       0x34 /usr/lib/gcc/arm-none-eabi/9.2.1/../../../arm-none-eabi/lib/thumb/v7e-m+fp/hard/libc_nano.a(lib_a-memset.o)
 .ARM.attributes
                0x00000000000008af       0x1e /usr/lib/gcc/arm-none-eabi/9.2.1/thumb/v7e-m+fp/hard/libgcc.a(_aeabi_uldivmod.o)
 .ARM.attributes
                0x00000000000008cd       0x34 /usr/lib/gcc/arm-none-eabi/9.2.1/thumb/v7e-m+fp/hard/libgcc.a(_udivmoddi4.o)
 .ARM.attributes
                0x0000000000000901       0x1e /usr/lib/gcc/arm-none-eabi/9.2.1/thumb/v7e-m+fp/hard/libgcc.a(_dvmd_tls.o)
 .ARM.attributes
                0x000000000000091f       0x32 /usr/lib/gcc/arm-none-eabi/9.2.1/thumb/v7e-m+fp/hard/crtend.o
 .ARM.attributes
                0x0000000000000951       0x1e /usr/lib/gcc/arm-none-eabi/9.2.1/thumb/v7e-m+fp/hard/crtn.o
OUTPUT(build/nomad_bldc_fw_g4.elf elf32-littlearm)
LOAD linker stubs
LOAD /usr/lib/gcc/arm-none-eabi/9.2.1/../../../arm-none-eabi/lib/thumb/v7e-m+fp/hard/libc.a
LOAD /usr/lib/gcc/arm-none-eabi/9.2.1/../../../arm-none-eabi/lib/thumb/v7e-m+fp/hard/libm.a
LOAD /usr/lib/gcc/arm-none-eabi/9.2.1/thumb/v7e-m+fp/hard/libgcc.a

.comment        0x0000000000000000       0xa7
 .comment       0x0000000000000000       0x59 /usr/lib/gcc/arm-none-eabi/9.2.1/thumb/v7e-m+fp/hard/crtbegin.o
                                         0x5a (size before relaxing)
 .comment       0x0000000000000059       0x5a build/main.o
 .comment       0x0000000000000059       0x5a build/gpio.o
 .comment       0x0000000000000059       0x5a build/app_freertos.o
 .comment       0x0000000000000059       0x5a build/adc.o
 .comment       0x0000000000000059       0x5a build/cordic.o
 .comment       0x0000000000000059       0x5a build/fdcan.o
 .comment       0x0000000000000059       0x5a build/fmac.o
 .comment       0x0000000000000059       0x5a build/spi.o
 .comment       0x0000000000000059       0x5a build/tim.o
 .comment       0x0000000000000059       0x5a build/usart.o
 .comment       0x0000000000000059       0x5a build/stm32g4xx_it.o
 .comment       0x0000000000000059       0x5a build/stm32g4xx_hal_msp.o
 .comment       0x0000000000000059       0x5a build/stm32g4xx_hal_timebase_tim.o
 .comment       0x0000000000000059       0x5a build/stm32g4xx_ll_gpio.o
 .comment       0x0000000000000059       0x5a build/stm32g4xx_hal_adc.o
 .comment       0x0000000000000059       0x5a build/stm32g4xx_hal_adc_ex.o
 .comment       0x0000000000000059       0x5a build/stm32g4xx_hal_gpio.o
 .comment       0x0000000000000059       0x5a build/stm32g4xx_hal.o
 .comment       0x0000000000000059       0x5a build/stm32g4xx_hal_rcc.o
 .comment       0x0000000000000059       0x5a build/stm32g4xx_hal_rcc_ex.o
 .comment       0x0000000000000059       0x5a build/stm32g4xx_hal_pwr_ex.o
 .comment       0x0000000000000059       0x5a build/stm32g4xx_hal_cortex.o
 .comment       0x0000000000000059       0x5a build/stm32g4xx_hal_cordic.o
 .comment       0x0000000000000059       0x5a build/stm32g4xx_hal_fdcan.o
 .comment       0x0000000000000059       0x5a build/stm32g4xx_hal_fmac.o
 .comment       0x0000000000000059       0x5a build/stm32g4xx_hal_spi.o
 .comment       0x0000000000000059       0x5a build/stm32g4xx_hal_tim.o
 .comment       0x0000000000000059       0x5a build/stm32g4xx_hal_tim_ex.o
 .comment       0x0000000000000059       0x5a build/stm32g4xx_hal_uart.o
 .comment       0x0000000000000059       0x5a build/stm32g4xx_hal_uart_ex.o
 .comment       0x0000000000000059       0x5a build/system_stm32g4xx.o
 .comment       0x0000000000000059       0x5a build/list.o
 .comment       0x0000000000000059       0x5a build/queue.o
 .comment       0x0000000000000059       0x5a build/tasks.o
 .comment       0x0000000000000059       0x5a build/timers.o
 .comment       0x0000000000000059       0x5a build/cmsis_os2.o
 .comment       0x0000000000000059       0x5a build/heap_4.o
 .comment       0x0000000000000059       0x5a build/port.o
 .comment       0x0000000000000059       0x4e /usr/lib/gcc/arm-none-eabi/9.2.1/../../../arm-none-eabi/lib/thumb/v7e-m+fp/hard/libc_nano.a(lib_a-init.o)
                                         0x4f (size before relaxing)
 .comment       0x00000000000000a7       0x4f /usr/lib/gcc/arm-none-eabi/9.2.1/../../../arm-none-eabi/lib/thumb/v7e-m+fp/hard/libc_nano.a(lib_a-memset.o)
 .comment       0x00000000000000a7       0x5a /usr/lib/gcc/arm-none-eabi/9.2.1/thumb/v7e-m+fp/hard/libgcc.a(_udivmoddi4.o)
 .comment       0x00000000000000a7       0x5a /usr/lib/gcc/arm-none-eabi/9.2.1/thumb/v7e-m+fp/hard/crtend.o

.debug_info     0x0000000000000000    0x40a6e
 .debug_info    0x0000000000000000     0x25bd build/main.o
 .debug_info    0x00000000000025bd      0x8e5 build/gpio.o
 .debug_info    0x0000000000002ea2      0x6bf build/app_freertos.o
 .debug_info    0x0000000000003561     0x16f5 build/adc.o
 .debug_info    0x0000000000004c56      0xb31 build/cordic.o
 .debug_info    0x0000000000005787      0xd80 build/fdcan.o
 .debug_info    0x0000000000006507      0xc0c build/fmac.o
 .debug_info    0x0000000000007113      0xfbf build/spi.o
 .debug_info    0x00000000000080d2     0x166a build/tim.o
 .debug_info    0x000000000000973c     0x1033 build/usart.o
 .debug_info    0x000000000000a76f      0xb50 build/stm32g4xx_it.o
 .debug_info    0x000000000000b2bf      0x5c8 build/stm32g4xx_hal_msp.o
 .debug_info    0x000000000000b887     0x120c build/stm32g4xx_hal_timebase_tim.o
 .debug_info    0x000000000000ca93     0x109b build/stm32g4xx_ll_gpio.o
 .debug_info    0x000000000000db2e     0x3a67 build/stm32g4xx_hal_adc.o
 .debug_info    0x0000000000011595     0x32b7 build/stm32g4xx_hal_adc_ex.o
 .debug_info    0x000000000001484c      0xb26 build/stm32g4xx_hal_gpio.o
 .debug_info    0x0000000000015372      0xf74 build/stm32g4xx_hal.o
 .debug_info    0x00000000000162e6     0x1246 build/stm32g4xx_hal_rcc.o
 .debug_info    0x000000000001752c     0x11ad build/stm32g4xx_hal_rcc_ex.o
 .debug_info    0x00000000000186d9      0xcf2 build/stm32g4xx_hal_pwr_ex.o
 .debug_info    0x00000000000193cb     0x13b7 build/stm32g4xx_hal_cortex.o
 .debug_info    0x000000000001a782     0x10ff build/stm32g4xx_hal_cordic.o
 .debug_info    0x000000000001b881     0x2118 build/stm32g4xx_hal_fdcan.o
 .debug_info    0x000000000001d999     0x1d78 build/stm32g4xx_hal_fmac.o
 .debug_info    0x000000000001f711     0x26f6 build/stm32g4xx_hal_spi.o
 .debug_info    0x0000000000021e07     0x4e15 build/stm32g4xx_hal_tim.o
 .debug_info    0x0000000000026c1c     0x283a build/stm32g4xx_hal_tim_ex.o
 .debug_info    0x0000000000029456     0x292c build/stm32g4xx_hal_uart.o
 .debug_info    0x000000000002bd82      0xffd build/stm32g4xx_hal_uart_ex.o
 .debug_info    0x000000000002cd7f      0x7ed build/system_stm32g4xx.o
 .debug_info    0x000000000002d56c      0xc8e build/list.o
 .debug_info    0x000000000002e1fa     0x388c build/queue.o
 .debug_info    0x0000000000031a86     0x4093 build/tasks.o
 .debug_info    0x0000000000035b19     0x26c8 build/timers.o
 .debug_info    0x00000000000381e1     0x55f5 build/cmsis_os2.o
 .debug_info    0x000000000003d7d6      0xe6e build/heap_4.o
 .debug_info    0x000000000003e644      0x5df build/port.o
 .debug_info    0x000000000003ec23       0x22 build/startup_stm32g474xx.o
 .debug_info    0x000000000003ec45      0x11a /usr/lib/gcc/arm-none-eabi/9.2.1/../../../arm-none-eabi/lib/thumb/v7e-m+fp/hard/libc_nano.a(lib_a-init.o)
 .debug_info    0x000000000003ed5f       0x26 /usr/lib/gcc/arm-none-eabi/9.2.1/../../../arm-none-eabi/lib/thumb/v7e-m+fp/hard/libc_nano.a(lib_a-memcpy.o)
 .debug_info    0x000000000003ed85      0xf21 /usr/lib/gcc/arm-none-eabi/9.2.1/../../../arm-none-eabi/lib/thumb/v7e-m+fp/hard/libc_nano.a(lib_a-memset.o)
 .debug_info    0x000000000003fca6       0x26 /usr/lib/gcc/arm-none-eabi/9.2.1/thumb/v7e-m+fp/hard/libgcc.a(_aeabi_uldivmod.o)
 .debug_info    0x000000000003fccc      0xd7c /usr/lib/gcc/arm-none-eabi/9.2.1/thumb/v7e-m+fp/hard/libgcc.a(_udivmoddi4.o)
 .debug_info    0x0000000000040a48       0x26 /usr/lib/gcc/arm-none-eabi/9.2.1/thumb/v7e-m+fp/hard/libgcc.a(_dvmd_tls.o)

.debug_abbrev   0x0000000000000000     0x76ab
 .debug_abbrev  0x0000000000000000      0x287 build/main.o
 .debug_abbrev  0x0000000000000287      0x208 build/gpio.o
 .debug_abbrev  0x000000000000048f      0x1ab build/app_freertos.o
 .debug_abbrev  0x000000000000063a      0x284 build/adc.o
 .debug_abbrev  0x00000000000008be      0x1fe build/cordic.o
 .debug_abbrev  0x0000000000000abc      0x205 build/fdcan.o
 .debug_abbrev  0x0000000000000cc1      0x1fe build/fmac.o
 .debug_abbrev  0x0000000000000ebf      0x22c build/spi.o
 .debug_abbrev  0x00000000000010eb      0x276 build/tim.o
 .debug_abbrev  0x0000000000001361      0x238 build/usart.o
 .debug_abbrev  0x0000000000001599      0x1ed build/stm32g4xx_it.o
 .debug_abbrev  0x0000000000001786      0x171 build/stm32g4xx_hal_msp.o
 .debug_abbrev  0x00000000000018f7      0x229 build/stm32g4xx_hal_timebase_tim.o
 .debug_abbrev  0x0000000000001b20      0x2b5 build/stm32g4xx_ll_gpio.o
 .debug_abbrev  0x0000000000001dd5      0x36c build/stm32g4xx_hal_adc.o
 .debug_abbrev  0x0000000000002141      0x3e0 build/stm32g4xx_hal_adc_ex.o
 .debug_abbrev  0x0000000000002521      0x24d build/stm32g4xx_hal_gpio.o
 .debug_abbrev  0x000000000000276e      0x2fa build/stm32g4xx_hal.o
 .debug_abbrev  0x0000000000002a68      0x34e build/stm32g4xx_hal_rcc.o
 .debug_abbrev  0x0000000000002db6      0x2f8 build/stm32g4xx_hal_rcc_ex.o
 .debug_abbrev  0x00000000000030ae      0x2ab build/stm32g4xx_hal_pwr_ex.o
 .debug_abbrev  0x0000000000003359      0x395 build/stm32g4xx_hal_cortex.o
 .debug_abbrev  0x00000000000036ee      0x2f4 build/stm32g4xx_hal_cordic.o
 .debug_abbrev  0x00000000000039e2      0x2e8 build/stm32g4xx_hal_fdcan.o
 .debug_abbrev  0x0000000000003cca      0x3ba build/stm32g4xx_hal_fmac.o
 .debug_abbrev  0x0000000000004084      0x3a1 build/stm32g4xx_hal_spi.o
 .debug_abbrev  0x0000000000004425      0x400 build/stm32g4xx_hal_tim.o
 .debug_abbrev  0x0000000000004825      0x399 build/stm32g4xx_hal_tim_ex.o
 .debug_abbrev  0x0000000000004bbe      0x3fc build/stm32g4xx_hal_uart.o
 .debug_abbrev  0x0000000000004fba      0x305 build/stm32g4xx_hal_uart_ex.o
 .debug_abbrev  0x00000000000052bf      0x16a build/system_stm32g4xx.o
 .debug_abbrev  0x0000000000005429      0x245 build/list.o
 .debug_abbrev  0x000000000000566e      0x559 build/queue.o
 .debug_abbrev  0x0000000000005bc7      0x5a6 build/tasks.o
 .debug_abbrev  0x000000000000616d      0x494 build/timers.o
 .debug_abbrev  0x0000000000006601      0x5a4 build/cmsis_os2.o
 .debug_abbrev  0x0000000000006ba5      0x38f build/heap_4.o
 .debug_abbrev  0x0000000000006f34      0x2c2 build/port.o
 .debug_abbrev  0x00000000000071f6       0x12 build/startup_stm32g474xx.o
 .debug_abbrev  0x0000000000007208       0xcc /usr/lib/gcc/arm-none-eabi/9.2.1/../../../arm-none-eabi/lib/thumb/v7e-m+fp/hard/libc_nano.a(lib_a-init.o)
 .debug_abbrev  0x00000000000072d4       0x14 /usr/lib/gcc/arm-none-eabi/9.2.1/../../../arm-none-eabi/lib/thumb/v7e-m+fp/hard/libc_nano.a(lib_a-memcpy.o)
 .debug_abbrev  0x00000000000072e8      0x1d9 /usr/lib/gcc/arm-none-eabi/9.2.1/../../../arm-none-eabi/lib/thumb/v7e-m+fp/hard/libc_nano.a(lib_a-memset.o)
 .debug_abbrev  0x00000000000074c1       0x14 /usr/lib/gcc/arm-none-eabi/9.2.1/thumb/v7e-m+fp/hard/libgcc.a(_aeabi_uldivmod.o)
 .debug_abbrev  0x00000000000074d5      0x1c2 /usr/lib/gcc/arm-none-eabi/9.2.1/thumb/v7e-m+fp/hard/libgcc.a(_udivmoddi4.o)
 .debug_abbrev  0x0000000000007697       0x14 /usr/lib/gcc/arm-none-eabi/9.2.1/thumb/v7e-m+fp/hard/libgcc.a(_dvmd_tls.o)

.debug_loc      0x0000000000000000    0x2b593
 .debug_loc     0x0000000000000000       0x7e build/main.o
 .debug_loc     0x000000000000007e      0x126 build/gpio.o
 .debug_loc     0x00000000000001a4       0x65 build/app_freertos.o
 .debug_loc     0x0000000000000209      0x3b4 build/adc.o
 .debug_loc     0x00000000000005bd       0x58 build/cordic.o
 .debug_loc     0x0000000000000615       0xc6 build/fdcan.o
 .debug_loc     0x00000000000006db       0x58 build/fmac.o
 .debug_loc     0x0000000000000733      0x188 build/spi.o
 .debug_loc     0x00000000000008bb      0x1ea build/tim.o
 .debug_loc     0x0000000000000aa5       0xc6 build/usart.o
 .debug_loc     0x0000000000000b6b       0x2c build/stm32g4xx_hal_msp.o
 .debug_loc     0x0000000000000b97      0x106 build/stm32g4xx_hal_timebase_tim.o
 .debug_loc     0x0000000000000c9d      0x8ad build/stm32g4xx_ll_gpio.o
 .debug_loc     0x000000000000154a     0x2e36 build/stm32g4xx_hal_adc.o
 .debug_loc     0x0000000000004380     0x2b32 build/stm32g4xx_hal_adc_ex.o
 .debug_loc     0x0000000000006eb2      0x4c4 build/stm32g4xx_hal_gpio.o
 .debug_loc     0x0000000000007376      0x31e build/stm32g4xx_hal.o
 .debug_loc     0x0000000000007694      0x92b build/stm32g4xx_hal_rcc.o
 .debug_loc     0x0000000000007fbf      0xc4e build/stm32g4xx_hal_rcc_ex.o
 .debug_loc     0x0000000000008c0d      0x9ee build/stm32g4xx_hal_pwr_ex.o
 .debug_loc     0x00000000000095fb      0x8b9 build/stm32g4xx_hal_cortex.o
 .debug_loc     0x0000000000009eb4      0xf2b build/stm32g4xx_hal_cordic.o
 .debug_loc     0x000000000000addf     0x1b37 build/stm32g4xx_hal_fdcan.o
 .debug_loc     0x000000000000c916     0x1a22 build/stm32g4xx_hal_fmac.o
 .debug_loc     0x000000000000e338     0x2848 build/stm32g4xx_hal_spi.o
 .debug_loc     0x0000000000010b80     0x6997 build/stm32g4xx_hal_tim.o
 .debug_loc     0x0000000000017517     0x2cd2 build/stm32g4xx_hal_tim_ex.o
 .debug_loc     0x000000000001a1e9     0x299d build/stm32g4xx_hal_uart.o
 .debug_loc     0x000000000001cb86      0x7b1 build/stm32g4xx_hal_uart_ex.o
 .debug_loc     0x000000000001d337       0xbd build/system_stm32g4xx.o
 .debug_loc     0x000000000001d3f4      0x14c build/list.o
 .debug_loc     0x000000000001d540     0x2b22 build/queue.o
 .debug_loc     0x0000000000020062     0x3100 build/tasks.o
 .debug_loc     0x0000000000023162     0x176a build/timers.o
 .debug_loc     0x00000000000248cc     0x5375 build/cmsis_os2.o
 .debug_loc     0x0000000000029c41      0x4ad build/heap_4.o
 .debug_loc     0x000000000002a0ee      0x218 build/port.o
 .debug_loc     0x000000000002a306       0xba /usr/lib/gcc/arm-none-eabi/9.2.1/../../../arm-none-eabi/lib/thumb/v7e-m+fp/hard/libc_nano.a(lib_a-init.o)
 .debug_loc     0x000000000002a3c0      0x231 /usr/lib/gcc/arm-none-eabi/9.2.1/../../../arm-none-eabi/lib/thumb/v7e-m+fp/hard/libc_nano.a(lib_a-memset.o)
 .debug_loc     0x000000000002a5f1      0xfa2 /usr/lib/gcc/arm-none-eabi/9.2.1/thumb/v7e-m+fp/hard/libgcc.a(_udivmoddi4.o)

.debug_aranges  0x0000000000000000     0x1c68
 .debug_aranges
                0x0000000000000000       0x38 build/main.o
 .debug_aranges
                0x0000000000000038       0x20 build/gpio.o
 .debug_aranges
                0x0000000000000058       0x28 build/app_freertos.o
 .debug_aranges
                0x0000000000000080       0x50 build/adc.o
 .debug_aranges
                0x00000000000000d0       0x30 build/cordic.o
 .debug_aranges
                0x0000000000000100       0x30 build/fdcan.o
 .debug_aranges
                0x0000000000000130       0x30 build/fmac.o
 .debug_aranges
                0x0000000000000160       0x38 build/spi.o
 .debug_aranges
                0x0000000000000198       0x50 build/tim.o
 .debug_aranges
                0x00000000000001e8       0x30 build/usart.o
 .debug_aranges
                0x0000000000000218       0x48 build/stm32g4xx_it.o
 .debug_aranges
                0x0000000000000260       0x20 build/stm32g4xx_hal_msp.o
 .debug_aranges
                0x0000000000000280       0x30 build/stm32g4xx_hal_timebase_tim.o
 .debug_aranges
                0x00000000000002b0       0x30 build/stm32g4xx_ll_gpio.o
 .debug_aranges
                0x00000000000002e0       0xe0 build/stm32g4xx_hal_adc.o
 .debug_aranges
                0x00000000000003c0       0xd0 build/stm32g4xx_hal_adc_ex.o
 .debug_aranges
                0x0000000000000490       0x58 build/stm32g4xx_hal_gpio.o
 .debug_aranges
                0x00000000000004e8      0x128 build/stm32g4xx_hal.o
 .debug_aranges
                0x0000000000000610       0x90 build/stm32g4xx_hal_rcc.o
 .debug_aranges
                0x00000000000006a0       0x98 build/stm32g4xx_hal_rcc_ex.o
 .debug_aranges
                0x0000000000000738      0x128 build/stm32g4xx_hal_pwr_ex.o
 .debug_aranges
                0x0000000000000860       0xa8 build/stm32g4xx_hal_cortex.o
 .debug_aranges
                0x0000000000000908       0x88 build/stm32g4xx_hal_cordic.o
 .debug_aranges
                0x0000000000000990      0x1a8 build/stm32g4xx_hal_fdcan.o
 .debug_aranges
                0x0000000000000b38       0xf8 build/stm32g4xx_hal_fmac.o
 .debug_aranges
                0x0000000000000c30      0x190 build/stm32g4xx_hal_spi.o
 .debug_aranges
                0x0000000000000dc0      0x2a8 build/stm32g4xx_hal_tim.o
 .debug_aranges
                0x0000000000001068      0x1c0 build/stm32g4xx_hal_tim_ex.o
 .debug_aranges
                0x0000000000001228      0x1d0 build/stm32g4xx_hal_uart.o
 .debug_aranges
                0x00000000000013f8       0x70 build/stm32g4xx_hal_uart_ex.o
 .debug_aranges
                0x0000000000001468       0x28 build/system_stm32g4xx.o
 .debug_aranges
                0x0000000000001490       0x40 build/list.o
 .debug_aranges
                0x00000000000014d0      0x138 build/queue.o
 .debug_aranges
                0x0000000000001608      0x1e0 build/tasks.o
 .debug_aranges
                0x00000000000017e8       0xc0 build/timers.o
 .debug_aranges
                0x00000000000018a8      0x210 build/cmsis_os2.o
 .debug_aranges
                0x0000000000001ab8       0x48 build/heap_4.o
 .debug_aranges
                0x0000000000001b00       0x80 build/port.o
 .debug_aranges
                0x0000000000001b80       0x28 build/startup_stm32g474xx.o
 .debug_aranges
                0x0000000000001ba8       0x20 /usr/lib/gcc/arm-none-eabi/9.2.1/../../../arm-none-eabi/lib/thumb/v7e-m+fp/hard/libc_nano.a(lib_a-init.o)
 .debug_aranges
                0x0000000000001bc8       0x20 /usr/lib/gcc/arm-none-eabi/9.2.1/../../../arm-none-eabi/lib/thumb/v7e-m+fp/hard/libc_nano.a(lib_a-memcpy.o)
 .debug_aranges
                0x0000000000001be8       0x20 /usr/lib/gcc/arm-none-eabi/9.2.1/../../../arm-none-eabi/lib/thumb/v7e-m+fp/hard/libc_nano.a(lib_a-memset.o)
 .debug_aranges
                0x0000000000001c08       0x20 /usr/lib/gcc/arm-none-eabi/9.2.1/thumb/v7e-m+fp/hard/libgcc.a(_aeabi_uldivmod.o)
 .debug_aranges
                0x0000000000001c28       0x20 /usr/lib/gcc/arm-none-eabi/9.2.1/thumb/v7e-m+fp/hard/libgcc.a(_udivmoddi4.o)
 .debug_aranges
                0x0000000000001c48       0x20 /usr/lib/gcc/arm-none-eabi/9.2.1/thumb/v7e-m+fp/hard/libgcc.a(_dvmd_tls.o)

.debug_ranges   0x0000000000000000     0x4088
 .debug_ranges  0x0000000000000000       0x28 build/main.o
 .debug_ranges  0x0000000000000028       0xa8 build/gpio.o
 .debug_ranges  0x00000000000000d0       0x18 build/app_freertos.o
 .debug_ranges  0x00000000000000e8       0xd8 build/adc.o
 .debug_ranges  0x00000000000001c0       0x38 build/cordic.o
 .debug_ranges  0x00000000000001f8       0x58 build/fdcan.o
 .debug_ranges  0x0000000000000250       0x38 build/fmac.o
 .debug_ranges  0x0000000000000288       0x80 build/spi.o
 .debug_ranges  0x0000000000000308       0xb8 build/tim.o
 .debug_ranges  0x00000000000003c0       0x58 build/usart.o
 .debug_ranges  0x0000000000000418       0x38 build/stm32g4xx_it.o
 .debug_ranges  0x0000000000000450       0x28 build/stm32g4xx_hal_msp.o
 .debug_ranges  0x0000000000000478       0x58 build/stm32g4xx_hal_timebase_tim.o
 .debug_ranges  0x00000000000004d0      0x1d8 build/stm32g4xx_ll_gpio.o
 .debug_ranges  0x00000000000006a8      0x830 build/stm32g4xx_hal_adc.o
 .debug_ranges  0x0000000000000ed8      0x648 build/stm32g4xx_hal_adc_ex.o
 .debug_ranges  0x0000000000001520       0x60 build/stm32g4xx_hal_gpio.o
 .debug_ranges  0x0000000000001580      0x118 build/stm32g4xx_hal.o
 .debug_ranges  0x0000000000001698      0x120 build/stm32g4xx_hal_rcc.o
 .debug_ranges  0x00000000000017b8       0xd8 build/stm32g4xx_hal_rcc_ex.o
 .debug_ranges  0x0000000000001890      0x118 build/stm32g4xx_hal_pwr_ex.o
 .debug_ranges  0x00000000000019a8      0x1c0 build/stm32g4xx_hal_cortex.o
 .debug_ranges  0x0000000000001b68      0x118 build/stm32g4xx_hal_cordic.o
 .debug_ranges  0x0000000000001c80      0x200 build/stm32g4xx_hal_fdcan.o
 .debug_ranges  0x0000000000001e80      0x280 build/stm32g4xx_hal_fmac.o
 .debug_ranges  0x0000000000002100      0x2f0 build/stm32g4xx_hal_spi.o
 .debug_ranges  0x00000000000023f0      0x5f8 build/stm32g4xx_hal_tim.o
 .debug_ranges  0x00000000000029e8      0x248 build/stm32g4xx_hal_tim_ex.o
 .debug_ranges  0x0000000000002c30      0x210 build/stm32g4xx_hal_uart.o
 .debug_ranges  0x0000000000002e40       0x78 build/stm32g4xx_hal_uart_ex.o
 .debug_ranges  0x0000000000002eb8       0x18 build/system_stm32g4xx.o
 .debug_ranges  0x0000000000002ed0       0x30 build/list.o
 .debug_ranges  0x0000000000002f00      0x498 build/queue.o
 .debug_ranges  0x0000000000003398      0x478 build/tasks.o
 .debug_ranges  0x0000000000003810      0x1b8 build/timers.o
 .debug_ranges  0x00000000000039c8      0x4e8 build/cmsis_os2.o
 .debug_ranges  0x0000000000003eb0       0x38 build/heap_4.o
 .debug_ranges  0x0000000000003ee8       0xb8 build/port.o
 .debug_ranges  0x0000000000003fa0       0x20 build/startup_stm32g474xx.o
 .debug_ranges  0x0000000000003fc0       0xc8 /usr/lib/gcc/arm-none-eabi/9.2.1/thumb/v7e-m+fp/hard/libgcc.a(_udivmoddi4.o)

.debug_line     0x0000000000000000    0x28660
 .debug_line    0x0000000000000000      0x46f build/main.o
 .debug_line    0x000000000000046f      0x31d build/gpio.o
 .debug_line    0x000000000000078c      0x248 build/app_freertos.o
 .debug_line    0x00000000000009d4      0xa6b build/adc.o
 .debug_line    0x000000000000143f      0x247 build/cordic.o
 .debug_line    0x0000000000001686      0x2eb build/fdcan.o
 .debug_line    0x0000000000001971      0x241 build/fmac.o
 .debug_line    0x0000000000001bb2      0x43c build/spi.o
 .debug_line    0x0000000000001fee      0x606 build/tim.o
 .debug_line    0x00000000000025f4      0x336 build/usart.o
 .debug_line    0x000000000000292a      0x25e build/stm32g4xx_it.o
 .debug_line    0x0000000000002b88      0x1c3 build/stm32g4xx_hal_msp.o
 .debug_line    0x0000000000002d4b      0x2c7 build/stm32g4xx_hal_timebase_tim.o
 .debug_line    0x0000000000003012      0x734 build/stm32g4xx_ll_gpio.o
 .debug_line    0x0000000000003746     0x2b96 build/stm32g4xx_hal_adc.o
 .debug_line    0x00000000000062dc     0x2535 build/stm32g4xx_hal_adc_ex.o
 .debug_line    0x0000000000008811      0x747 build/stm32g4xx_hal_gpio.o
 .debug_line    0x0000000000008f58      0x65c build/stm32g4xx_hal.o
 .debug_line    0x00000000000095b4      0xe87 build/stm32g4xx_hal_rcc.o
 .debug_line    0x000000000000a43b      0xfff build/stm32g4xx_hal_rcc_ex.o
 .debug_line    0x000000000000b43a      0xa33 build/stm32g4xx_hal_pwr_ex.o
 .debug_line    0x000000000000be6d      0x7cf build/stm32g4xx_hal_cortex.o
 .debug_line    0x000000000000c63c      0xb62 build/stm32g4xx_hal_cordic.o
 .debug_line    0x000000000000d19e     0x18e8 build/stm32g4xx_hal_fdcan.o
 .debug_line    0x000000000000ea86     0x166c build/stm32g4xx_hal_fmac.o
 .debug_line    0x00000000000100f2     0x2aed build/stm32g4xx_hal_spi.o
 .debug_line    0x0000000000012bdf     0x537d build/stm32g4xx_hal_tim.o
 .debug_line    0x0000000000017f5c     0x236b build/stm32g4xx_hal_tim_ex.o
 .debug_line    0x000000000001a2c7     0x2a95 build/stm32g4xx_hal_uart.o
 .debug_line    0x000000000001cd5c      0x881 build/stm32g4xx_hal_uart_ex.o
 .debug_line    0x000000000001d5dd      0x233 build/system_stm32g4xx.o
 .debug_line    0x000000000001d810      0x35b build/list.o
 .debug_line    0x000000000001db6b     0x25f4 build/queue.o
 .debug_line    0x000000000002015f     0x304e build/tasks.o
 .debug_line    0x00000000000231ad      0xf85 build/timers.o
 .debug_line    0x0000000000024132     0x2be8 build/cmsis_os2.o
 .debug_line    0x0000000000026d1a      0x63b build/heap_4.o
 .debug_line    0x0000000000027355      0x784 build/port.o
 .debug_line    0x0000000000027ad9       0x77 build/startup_stm32g474xx.o
 .debug_line    0x0000000000027b50      0x10d /usr/lib/gcc/arm-none-eabi/9.2.1/../../../arm-none-eabi/lib/thumb/v7e-m+fp/hard/libc_nano.a(lib_a-init.o)
 .debug_line    0x0000000000027c5d       0xbe /usr/lib/gcc/arm-none-eabi/9.2.1/../../../arm-none-eabi/lib/thumb/v7e-m+fp/hard/libc_nano.a(lib_a-memcpy.o)
 .debug_line    0x0000000000027d1b      0x26b /usr/lib/gcc/arm-none-eabi/9.2.1/../../../arm-none-eabi/lib/thumb/v7e-m+fp/hard/libc_nano.a(lib_a-memset.o)
 .debug_line    0x0000000000027f86       0x60 /usr/lib/gcc/arm-none-eabi/9.2.1/thumb/v7e-m+fp/hard/libgcc.a(_aeabi_uldivmod.o)
 .debug_line    0x0000000000027fe6      0x61a /usr/lib/gcc/arm-none-eabi/9.2.1/thumb/v7e-m+fp/hard/libgcc.a(_udivmoddi4.o)
 .debug_line    0x0000000000028600       0x60 /usr/lib/gcc/arm-none-eabi/9.2.1/thumb/v7e-m+fp/hard/libgcc.a(_dvmd_tls.o)

.debug_str      0x0000000000000000     0xd1f1
 .debug_str     0x0000000000000000     0x18fd build/main.o
                                       0x1a97 (size before relaxing)
 .debug_str     0x00000000000018fd      0x1b3 build/gpio.o
                                        0x607 (size before relaxing)
 .debug_str     0x0000000000001ab0      0x4ff build/app_freertos.o
                                        0x90f (size before relaxing)
 .debug_str     0x0000000000001faf      0x127 build/adc.o
                                        0xce0 (size before relaxing)
 .debug_str     0x00000000000020d6       0x57 build/cordic.o
                                        0x94b (size before relaxing)
 .debug_str     0x000000000000212d       0x52 build/fdcan.o
                                        0x93f (size before relaxing)
 .debug_str     0x000000000000217f       0x4d build/fmac.o
                                        0x9ee (size before relaxing)
 .debug_str     0x00000000000021cc       0x48 build/spi.o
                                        0xade (size before relaxing)
 .debug_str     0x0000000000002214      0x3e6 build/tim.o
                                        0xff3 (size before relaxing)
 .debug_str     0x00000000000025fa       0xa5 build/usart.o
                                        0xb57 (size before relaxing)
 .debug_str     0x000000000000269f       0xaa build/stm32g4xx_it.o
                                        0xa44 (size before relaxing)
 .debug_str     0x0000000000002749       0x4a build/stm32g4xx_hal_msp.o
                                        0x566 (size before relaxing)
 .debug_str     0x0000000000002793      0x733 build/stm32g4xx_hal_timebase_tim.o
                                       0x12a4 (size before relaxing)
 .debug_str     0x0000000000002ec6      0x13a build/stm32g4xx_ll_gpio.o
                                        0x6f4 (size before relaxing)
 .debug_str     0x0000000000003000      0xa09 build/stm32g4xx_hal_adc.o
                                       0x14d1 (size before relaxing)
 .debug_str     0x0000000000003a09      0x5b1 build/stm32g4xx_hal_adc_ex.o
                                       0x1480 (size before relaxing)
 .debug_str     0x0000000000003fba      0x143 build/stm32g4xx_hal_gpio.o
                                        0x751 (size before relaxing)
 .debug_str     0x00000000000040fd      0x3c1 build/stm32g4xx_hal.o
                                       0x1001 (size before relaxing)
 .debug_str     0x00000000000044be      0x29e build/stm32g4xx_hal_rcc.o
                                        0xa0b (size before relaxing)
 .debug_str     0x000000000000475c      0x372 build/stm32g4xx_hal_rcc_ex.o
                                        0xc76 (size before relaxing)
 .debug_str     0x0000000000004ace      0x4c3 build/stm32g4xx_hal_pwr_ex.o
                                        0x9e5 (size before relaxing)
 .debug_str     0x0000000000004f91      0x425 build/stm32g4xx_hal_cortex.o
                                        0xf5e (size before relaxing)
 .debug_str     0x00000000000053b6      0x257 build/stm32g4xx_hal_cordic.o
                                        0xa5e (size before relaxing)
 .debug_str     0x000000000000560d      0xbda build/stm32g4xx_hal_fdcan.o
                                       0x13df (size before relaxing)
 .debug_str     0x00000000000061e7      0x53d build/stm32g4xx_hal_fmac.o
                                        0xe34 (size before relaxing)
 .debug_str     0x0000000000006724      0x54a build/stm32g4xx_hal_spi.o
                                        0xe8d (size before relaxing)
 .debug_str     0x0000000000006c6e      0xd40 build/stm32g4xx_hal_tim.o
                                       0x1a32 (size before relaxing)
 .debug_str     0x00000000000079ae      0x836 build/stm32g4xx_hal_tim_ex.o
                                       0x16ca (size before relaxing)
 .debug_str     0x00000000000081e4      0x7dc build/stm32g4xx_hal_uart.o
                                       0x12f1 (size before relaxing)
 .debug_str     0x00000000000089c0      0x1cd build/stm32g4xx_hal_uart_ex.o
                                        0xbd2 (size before relaxing)
 .debug_str     0x0000000000008b8d       0x3d build/system_stm32g4xx.o
                                        0x5ae (size before relaxing)
 .debug_str     0x0000000000008bca      0x4dd build/list.o
                                        0x709 (size before relaxing)
 .debug_str     0x00000000000090a7      0xa07 build/queue.o
                                       0x10f2 (size before relaxing)
 .debug_str     0x0000000000009aae      0xc50 build/tasks.o
                                       0x1694 (size before relaxing)
 .debug_str     0x000000000000a6fe      0x5ba build/timers.o
                                       0x1027 (size before relaxing)
 .debug_str     0x000000000000acb8      0xa4e build/cmsis_os2.o
                                       0x1d22 (size before relaxing)
 .debug_str     0x000000000000b706      0x1d5 build/heap_4.o
                                        0x7e8 (size before relaxing)
 .debug_str     0x000000000000b8db      0x18d build/port.o
                                        0x482 (size before relaxing)
 .debug_str     0x000000000000ba68       0x22 build/startup_stm32g474xx.o
                                         0x5f (size before relaxing)
 .debug_str     0x000000000000ba8a      0x187 /usr/lib/gcc/arm-none-eabi/9.2.1/../../../arm-none-eabi/lib/thumb/v7e-m+fp/hard/libc_nano.a(lib_a-init.o)
                                        0x229 (size before relaxing)
 .debug_str     0x000000000000bc11       0xaa /usr/lib/gcc/arm-none-eabi/9.2.1/../../../arm-none-eabi/lib/thumb/v7e-m+fp/hard/libc_nano.a(lib_a-memcpy.o)
                                         0xb6 (size before relaxing)
 .debug_str     0x000000000000bcbb      0x38e /usr/lib/gcc/arm-none-eabi/9.2.1/../../../arm-none-eabi/lib/thumb/v7e-m+fp/hard/libc_nano.a(lib_a-memset.o)
                                        0x90f (size before relaxing)
 .debug_str     0x000000000000c049       0x97 /usr/lib/gcc/arm-none-eabi/9.2.1/thumb/v7e-m+fp/hard/libgcc.a(_aeabi_uldivmod.o)
                                         0xa3 (size before relaxing)
 .debug_str     0x000000000000c0e0     0x10e1 /usr/lib/gcc/arm-none-eabi/9.2.1/thumb/v7e-m+fp/hard/libgcc.a(_udivmoddi4.o)
                                       0x11e6 (size before relaxing)
 .debug_str     0x000000000000d1c1       0x30 /usr/lib/gcc/arm-none-eabi/9.2.1/thumb/v7e-m+fp/hard/libgcc.a(_dvmd_tls.o)
                                         0xa7 (size before relaxing)

.debug_frame    0x0000000000000000     0x5d44
 .debug_frame   0x0000000000000000       0x68 build/main.o
 .debug_frame   0x0000000000000068       0x38 build/gpio.o
 .debug_frame   0x00000000000000a0       0x40 build/app_freertos.o
 .debug_frame   0x00000000000000e0      0x124 build/adc.o
 .debug_frame   0x0000000000000204       0x54 build/cordic.o
 .debug_frame   0x0000000000000258       0x64 build/fdcan.o
 .debug_frame   0x00000000000002bc       0x54 build/fmac.o
 .debug_frame   0x0000000000000310       0x9c build/spi.o
 .debug_frame   0x00000000000003ac       0xe8 build/tim.o
 .debug_frame   0x0000000000000494       0x64 build/usart.o
 .debug_frame   0x00000000000004f8       0x80 build/stm32g4xx_it.o
 .debug_frame   0x0000000000000578       0x28 build/stm32g4xx_hal_msp.o
 .debug_frame   0x00000000000005a0       0x54 build/stm32g4xx_hal_timebase_tim.o
 .debug_frame   0x00000000000005f4       0x58 build/stm32g4xx_ll_gpio.o
 .debug_frame   0x000000000000064c      0x33c build/stm32g4xx_hal_adc.o
 .debug_frame   0x0000000000000988      0x340 build/stm32g4xx_hal_adc_ex.o
 .debug_frame   0x0000000000000cc8       0xec build/stm32g4xx_hal_gpio.o
 .debug_frame   0x0000000000000db4      0x280 build/stm32g4xx_hal.o
 .debug_frame   0x0000000000001034      0x1b8 build/stm32g4xx_hal_rcc.o
 .debug_frame   0x00000000000011ec      0x1b0 build/stm32g4xx_hal_rcc_ex.o
 .debug_frame   0x000000000000139c      0x284 build/stm32g4xx_hal_pwr_ex.o
 .debug_frame   0x0000000000001620      0x184 build/stm32g4xx_hal_cortex.o
 .debug_frame   0x00000000000017a4      0x1c0 build/stm32g4xx_hal_cordic.o
 .debug_frame   0x0000000000001964      0x534 build/stm32g4xx_hal_fdcan.o
 .debug_frame   0x0000000000001e98      0x41c build/stm32g4xx_hal_fmac.o
 .debug_frame   0x00000000000022b4      0x664 build/stm32g4xx_hal_spi.o
 .debug_frame   0x0000000000002918      0xc54 build/stm32g4xx_hal_tim.o
 .debug_frame   0x000000000000356c      0x660 build/stm32g4xx_hal_tim_ex.o
 .debug_frame   0x0000000000003bcc      0x714 build/stm32g4xx_hal_uart.o
 .debug_frame   0x00000000000042e0      0x174 build/stm32g4xx_hal_uart_ex.o
 .debug_frame   0x0000000000004454       0x30 build/system_stm32g4xx.o
 .debug_frame   0x0000000000004484       0x88 build/list.o
 .debug_frame   0x000000000000450c      0x478 build/queue.o
 .debug_frame   0x0000000000004984      0x718 build/tasks.o
 .debug_frame   0x000000000000509c      0x2b8 build/timers.o
 .debug_frame   0x0000000000005354      0x760 build/cmsis_os2.o
 .debug_frame   0x0000000000005ab4       0xa8 build/heap_4.o
 .debug_frame   0x0000000000005b5c      0x124 build/port.o
 .debug_frame   0x0000000000005c80       0x2c /usr/lib/gcc/arm-none-eabi/9.2.1/../../../arm-none-eabi/lib/thumb/v7e-m+fp/hard/libc_nano.a(lib_a-init.o)
 .debug_frame   0x0000000000005cac       0x38 /usr/lib/gcc/arm-none-eabi/9.2.1/../../../arm-none-eabi/lib/thumb/v7e-m+fp/hard/libc_nano.a(lib_a-memset.o)
 .debug_frame   0x0000000000005ce4       0x2c /usr/lib/gcc/arm-none-eabi/9.2.1/thumb/v7e-m+fp/hard/libgcc.a(_aeabi_uldivmod.o)
 .debug_frame   0x0000000000005d10       0x34 /usr/lib/gcc/arm-none-eabi/9.2.1/thumb/v7e-m+fp/hard/libgcc.a(_udivmoddi4.o)

Cross Reference Table

Symbol                                            File
ADC1_2_IRQHandler                                 build/startup_stm32g474xx.o
ADC3_IRQHandler                                   build/startup_stm32g474xx.o
ADC4_IRQHandler                                   build/startup_stm32g474xx.o
ADC5_IRQHandler                                   build/startup_stm32g474xx.o
ADC_ConversionStop                                build/stm32g4xx_hal_adc.o
                                                  build/stm32g4xx_hal_adc_ex.o
ADC_DMAConvCplt                                   build/stm32g4xx_hal_adc.o
                                                  build/stm32g4xx_hal_adc_ex.o
ADC_DMAError                                      build/stm32g4xx_hal_adc.o
                                                  build/stm32g4xx_hal_adc_ex.o
ADC_DMAHalfConvCplt                               build/stm32g4xx_hal_adc.o
                                                  build/stm32g4xx_hal_adc_ex.o
ADC_Disable                                       build/stm32g4xx_hal_adc.o
                                                  build/stm32g4xx_hal_adc_ex.o
ADC_Enable                                        build/stm32g4xx_hal_adc.o
                                                  build/stm32g4xx_hal_adc_ex.o
AHBPrescTable                                     build/system_stm32g4xx.o
                                                  build/stm32g4xx_hal_rcc.o
                                                  build/stm32g4xx_ll_utils.o
APBPrescTable                                     build/system_stm32g4xx.o
                                                  build/stm32g4xx_hal_rcc.o
BusFault_Handler                                  build/stm32g4xx_it.o
COMP1_2_3_IRQHandler                              build/startup_stm32g474xx.o
COMP4_5_6_IRQHandler                              build/startup_stm32g474xx.o
COMP7_IRQHandler                                  build/startup_stm32g474xx.o
CORDIC_IRQHandler                                 build/startup_stm32g474xx.o
CRS_IRQHandler                                    build/startup_stm32g474xx.o
DMA1_Channel1_IRQHandler                          build/startup_stm32g474xx.o
DMA1_Channel2_IRQHandler                          build/startup_stm32g474xx.o
DMA1_Channel3_IRQHandler                          build/startup_stm32g474xx.o
DMA1_Channel4_IRQHandler                          build/startup_stm32g474xx.o
DMA1_Channel5_IRQHandler                          build/startup_stm32g474xx.o
DMA1_Channel6_IRQHandler                          build/startup_stm32g474xx.o
DMA1_Channel7_IRQHandler                          build/startup_stm32g474xx.o
DMA1_Channel8_IRQHandler                          build/startup_stm32g474xx.o
DMA2_Channel1_IRQHandler                          build/startup_stm32g474xx.o
DMA2_Channel2_IRQHandler                          build/startup_stm32g474xx.o
DMA2_Channel3_IRQHandler                          build/startup_stm32g474xx.o
DMA2_Channel4_IRQHandler                          build/startup_stm32g474xx.o
DMA2_Channel5_IRQHandler                          build/startup_stm32g474xx.o
DMA2_Channel6_IRQHandler                          build/startup_stm32g474xx.o
DMA2_Channel7_IRQHandler                          build/startup_stm32g474xx.o
DMA2_Channel8_IRQHandler                          build/startup_stm32g474xx.o
DMAMUX_OVR_IRQHandler                             build/startup_stm32g474xx.o
DebugMon_Handler                                  build/stm32g4xx_it.o
Default_Handler                                   build/startup_stm32g474xx.o
EXTI0_IRQHandler                                  build/startup_stm32g474xx.o
EXTI15_10_IRQHandler                              build/startup_stm32g474xx.o
EXTI1_IRQHandler                                  build/startup_stm32g474xx.o
EXTI2_IRQHandler                                  build/startup_stm32g474xx.o
EXTI3_IRQHandler                                  build/startup_stm32g474xx.o
EXTI4_IRQHandler                                  build/startup_stm32g474xx.o
EXTI9_5_IRQHandler                                build/startup_stm32g474xx.o
Error_Handler                                     build/main.o
                                                  build/usart.o
                                                  build/tim.o
                                                  build/spi.o
                                                  build/fmac.o
                                                  build/fdcan.o
                                                  build/cordic.o
                                                  build/adc.o
FDCAN1_IT0_IRQHandler                             build/startup_stm32g474xx.o
FDCAN1_IT1_IRQHandler                             build/startup_stm32g474xx.o
FDCAN2_IT0_IRQHandler                             build/startup_stm32g474xx.o
FDCAN2_IT1_IRQHandler                             build/startup_stm32g474xx.o
FDCAN3_IT0_IRQHandler                             build/startup_stm32g474xx.o